Stack Allocation = 8192 bytes

 Start  Stop   Length Name                   Class
 00000H 01F0BH 01F0CH AREAD_TEXT             CODE
 01F0CH 021DDH 002D2H DATES_TEXT             CODE
 021DEH 03C1DH 01A40H DSLIB_TEXT             CODE
 03C1EH 03C85H 00068H GETBASE_TEXT           CODE
 03C86H 03D0BH 00086H GETS_TEXT              CODE
 03D0CH 03D3DH 00032H CALLS_TEXT             CODE
 03D3EH 03D6FH 00032H RELEASES_TEXT          CODE
 03D70H 0416DH 003FEH JFTRANS_TEXT           CODE
 0416EH 0418BH 0001EH WAITS_TEXT             CODE
 0418CH 041C3H 00038H UNLOCK_TEXT            CODE
 041C4H 041FBH 00038H LOCK_TEXT              CODE
 041FCH 041FCH 00000H INTS_TEXT              CODE
 041FCH 070C6H 02ECBH _TEXT                  CODE
 070C8H 070C8H 00000H C_ETEXT                ENDCODE
 070D0H 072FBH 0022CH FAR_BSS                FAR_BSS
 07300H 07341H 00042H NULL                   BEGDATA
 07342H 0856DH 0122CH _DATA                  DATA
 0856EH 0857BH 0000EH CDATA                  DATA
 0857CH 0857CH 00000H XIFB                   DATA
 0857CH 0857CH 00000H XIF                    DATA
 0857CH 0857CH 00000H XIFE                   DATA
 0857CH 0857CH 00000H XIB                    DATA
 0857CH 0857CH 00000H XI                     DATA
 0857CH 0857CH 00000H XIE                    DATA
 0857CH 0857CH 00000H XPB                    DATA
 0857CH 0857FH 00004H XP                     DATA
 08580H 08580H 00000H XPE                    DATA
 08580H 08580H 00000H XCB                    DATA
 08580H 08580H 00000H XC                     DATA
 08580H 08580H 00000H XCE                    DATA
 08580H 08580H 00000H XCFB                   DATA
 08580H 08580H 00000H XCF                    DATA
 08580H 08580H 00000H XCFE                   DATA
 08580H 0858BH 0000CH CONST                  CONST
 0858CH 08593H 00008H HDR                    MSG
 08594H 08661H 000CEH MSG                    MSG
 08662H 08663H 00002H PAD                    MSG
 08664H 08664H 00001H EPAD                   MSG
 08666H 08817H 001B2H _BSS                   BSS
 08818H 08818H 00000H XOB                    BSS
 08818H 08818H 00000H XO                     BSS
 08818H 08818H 00000H XOE                    BSS
 08820H 08820H 00000H c_common               BSS
 08820H 0A81FH 02000H STACK                  STACK

 Origin   Group
 0730:0   DGROUP

Program entry point at 041F:001E
