camd.library            01-Apr-93 21:45:56  Hunk Section                Page 1-1

 num hunk         size filename         punit            type         base  alv
   0 <noname>     3588 head.o           head.asm         code            0    0
                       liba.o           liba.asm         code           74    0
                       libc.o           libc.c           code          1a8    0
                       csup.o           csup.asm         code          2d4    0
                       device.o         device.c         code          2ec    0
                       link.o           link.c           code          52c    0
                       lock.o           lock.c           code          d50    0
                       misc.o           misc.c           code          e00    0
                       msg.o            msg.asm          code          f94    0
                       node.o           node.c           code         16fc    0
                       parse.o          parsea.asm       code         1dbc    0
                       serialc.o        serialc.c        code         20c4    0
                       seriala.o        seriala.asm      code         22d4    0
                       unitc.o          unitc.c          code         234c    0
                       unita.o          unita.asm        code         2e64    0
                       notify.o         notify.c         code         32d0    0
                       prtmsg.o         prtmsg.c         code         33a0    0
                       /glue/camd.lib   AddMidiLink.asm  code         33a8    0
                       /glue/camd.lib   CreateMidi.asm   code         33c4    0
                       /glue/camd.lib   camd_lib_lvo.asm code         33d8    0
                       lib:amiga.lib    dos_LVO          code         33d8    0
                       lib:amiga.lib    dos_LVO          code         33d8    0
                       lib:amiga.lib    exec_LVO         code         33d8    0
                       lib:amiga.lib    exec_LVO         code         33d8    0
                       lib:amiga.lib    <noname>         code         33d8    0
                       lib:amiga.lib    <noname>         code         3400    0
                       lib:amiga.lib    <noname>         code         3400    0
                       lib:amiga.lib    <noname>         code         3414    0
                       lib:lc.lib       stricmp          code         3468    0
                       lib:lc.lib       cxm33            code         34a4    0
                       lib:lc.lib       cxd33            code         34c4    0
                       tail.o           tail.asm         code         3588    0
   1 __MERGED       54 csup.o           csup.asm         data            0    0
                       link.o           link.c           data            0    0
                       node.o           node.c           data           10    0
                       parse.o          parsea.asm       data           28    0
                       serialc.o        serialc.c        data           28    0
                       unitc.o          unitc.c          data           2c    0
                       unita.o          unita.asm        data           54    0
                       /glue/camd.lib   AddMidiLink.asm  data           54    0
                       /glue/camd.lib   CreateMidi.asm   data           54    0
                       lib:amiga.lib    dos_LVO          data           54    0
                       lib:amiga.lib    exec_LVO         data           54    0
                       lib:amiga.lib    <noname>         data           54    0
                       lib:amiga.lib    <noname>         data           54    0
                       lib:amiga.lib    <noname>         data           54    0
                       libc.o           libc.c           bss            54    0
                       device.o         device.c         bss            64    0
                       serialc.o        serialc.c        bss            a0    0
                       unitc.o          unitc.c          bss            d8    0
camd.library           01-Apr-93 21:45:56  Symbol Section               Page 2-1

symbol                     offset:hunk symbol                     offset:hunk
EndSkip                      3588:0    FalseStart                      0:0   
FuncTable                      74:0    GetMidi                       fb0:0   
GetMidiErr                   1242:0    GetSysEx                     1144:0   
InitCEnv                      2d4:0    InitLib                       110:0   
IPutMidi                     1378:0    MidiMsgLen                   131c:0   
MidiMsgType                  124e:0    ParseMidi                    1e0e:0   
ParseMidiTime                1f16:0    PutMidi                       f94:0   
PutSysEx                     103c:0    PutSysExList                 1410:0   
QuerySysEx                   11b6:0    RecvHandler                  31e6:0   
SendErrToMI                  16de:0    SendMsgToUnits               2f30:0   
SendRTToUnits                2eee:0    SendSXListToUnits            2ff6:0   
SendSysExToUnits             2fae:0    SkipSysEx                    11fe:0   
WaitMidi                     1004:0    XmitHandler                  31c0:0   
_AbsExecBase                    4:*    _ActivateIntSerXmit          22e2:0   
_AddMidiLink                 33a8:0    _adkcon                    dff09e:*   
_adkconr                   dff010:*    _AllocParser                 1dbc:0   
_AllocQueue                  2a76:0    _allocsigs                   2d9a:0   
_alloctaskname               2c7a:0    _AllocUnitLinks              290a:0   
_aud                       dff0a0:*    _bltadat                   dff074:*   
_bltafwm                   dff044:*    _bltalwm                   dff046:*   
_bltamod                   dff064:*    _bltapt                    dff050:*   
_bltbdat                   dff072:*    _bltbmod                   dff062:*   
_bltbpt                    dff04c:*    _bltcdat                   dff070:*   
_bltcmod                   dff060:*    _bltcon0                   dff040:*   
_bltcon1                   dff042:*    _bltcpt                    dff048:*   
_bltddat                   dff000:*    _bltdmod                   dff066:*   
_bltdpt                    dff054:*    _bltsize                   dff058:*   
_bootrom                   f80000:*    _bpl1mod                   dff108:*   
_bpl2mod                   dff10a:*    _bplcon0                   dff100:*   
_bplcon1                   dff102:*    _bplcon2                   dff104:*   
_bpldat                    dff110:*    _bplpt                     dff0e0:*   
_CallHook                    3434:0    _CallHookA                   3414:0   
_CamdBase                      54:1    _cartridge                 f00000:*   
_ciaa                      bfe001:*    _ciaacra                   bfee01:*   
_ciaacrb                   bfef01:*    _ciaaddra                  bfe201:*   
_ciaaddrb                  bfe301:*    _ciaaicr                   bfed01:*   
_ciaapra                   bfe001:*    _ciaaprb                   bfe101:*   
_ciaasdr                   bfec01:*    _ciaatahi                  bfe501:*   
_ciaatalo                  bfe401:*    _ciaatbhi                  bfe701:*   
_ciaatblo                  bfe601:*    _ciaatodhi                 bfea01:*   
_ciaatodlow                bfe801:*    _ciaatodmid                bfe901:*   
_ciab                      bfd000:*    _ciabcra                   bfde00:*   
_ciabcrb                   bfdf00:*    _ciabddra                  bfd200:*   
_ciabddrb                  bfd300:*    _ciabicr                   bfdd00:*   
_ciabpra                   bfd000:*    _ciabprb                   bfd100:*   
_ciabsdr                   bfdc00:*    _ciabtahi                  bfd500:*   
_ciabtalo                  bfd400:*    _ciabtbhi                  bfd700:*   
_ciabtblo                  bfd600:*    _ciabtodhi                 bfda00:*   
_ciabtodlow                bfd800:*    _ciabtodmid                bfd900:*   
_CleanUpC                     29e:0    _CleanUpUnits                254e:0   
_CloseIntSer                 21b0:0    _CloseMDPort                 3262:0   
_closeser                    2e22:0    _CloseUnits                  2886:0   
_CloseUnitTask               2bfa:0    _clxcon                    dff098:*   
camd.library           01-Apr-93 21:45:56  Symbol Section               Page 2-2

symbol                     offset:hunk symbol                     offset:hunk
_clxdat                    dff00e:*    _color                     dff180:*   
_cop1lc                    dff080:*    _cop2lc                    dff084:*   
_copcon                    dff02e:*    _copins                    dff08c:*   
_copjmp1                   dff088:*    _copjmp2                   dff08a:*   
_CreateMidi                  33c4:0    _custom                    dff000:*   
_CXD22                       34f6:0    _CXD33                       34c4:0   
_CXM22                       34a4:0    _CXM33                       34a4:0   
_ddfstop                   dff094:*    _ddfstrt                   dff092:*   
_diwstop                   dff090:*    _diwstrt                   dff08e:*   
_dmacon                    dff096:*    _dmaconr                   dff002:*   
_DOSBase                       58:1    _dskbytr                   dff01a:*   
_dskdat                    dff026:*    _dskdatr                   dff008:*   
_dsklen                    dff024:*    _dskpt                     dff020:*   
_EClockFreq                   e00:0    _find_tag                     f06:0   
_FreeParser                  1dea:0    _FreeQueue                   2b10:0   
_freetaskname                2cda:0    _GetMidiPrefs                25e2:0   
_get_tagdata                  f52:0    _HookEntry                   3454:0   
_InitDevices                  3a0:0    _InitLibC                     1a8:0   
_InitUnits                   2478:0    _intena                    dff09a:*   
_intenar                   dff01c:*    _intreq                    dff09c:*   
_intreqr                   dff01e:*    _IntSerRecvHandler           2322:0   
_IntSerXmitHandler           22ec:0    _joy0dat                   dff00a:*   
_joy1dat                   dff00c:*    _joytest                   dff036:*   
_LIBAddMidiLinkA              52c:0    _LIBCloseMidiDevice           352:0   
_LIBCreateMidiA              1988:0    _LIBDeleteMidi               1b9c:0   
_LIBEndClusterNotify         331c:0    _LIBFindCluster               c72:0   
_LIBFindMidi                 1c88:0    _LIBFlushMidi                1c28:0   
_LIBGetMidiAttrsA            1a38:0    _LIBGetMidiLinkAttrsA         938:0   
_LIBLockCAMD                  d50:0    _LIBMidiLinkConnected         d1c:0   
_LIBNextCluster               c42:0    _LIBNextClusterLink           c96:0   
_LIBNextMidi                 1cac:0    _LIBNextMidiLink              cdc:0   
_LIBOpenMidiDevice            2ec:0    _LIBRemoveMidiLink            69a:0   
_LIBRethinkCAMD              234c:0    _LIBSetMidiAttrsA            16fc:0   
_LIBSetMidiLinkAttrsA         738:0    _LIBStartClusterNotify       32d0:0   
_LIBUnlockCAMD                dae:0    _LinkerDB                      (0:*)  
_LVOAbortIO              fffffe20:*    _LVOAbortPkt             fffffef8:*   
_LVOAddBuffers           fffffd24:*    _LVOAddDevice            fffffe50:*   
_LVOAddDosEntry          fffffd5a:*    _LVOAddHead              ffffff10:*   
_LVOAddIntServer         ffffff58:*    _LVOAddLibrary           fffffe74:*   
_LVOAddMemHandler        fffffcfa:*    _LVOAddMemList           fffffd96:*   
_LVOAddMidiLinkA         ffffffac:*    _LVOAddPart              fffffc8e:*   
_LVOAddPort              fffffe9e:*    _LVOAddResource          fffffe1a:*   
_LVOAddSegment           fffffcfa:*    _LVOAddSemaphore         fffffda8:*   
_LVOAddTail              ffffff0a:*    _LVOAddTask              fffffee6:*   
_LVOAlert                ffffff94:*    _LVOAllocAbs             ffffff34:*   
_LVOAllocate             ffffff46:*    _LVOAllocDosObject       ffffff1c:*   
_LVOAllocEntry           ffffff22:*    _LVOAllocMem             ffffff3a:*   
_LVOAllocPooled          fffffd3c:*    _LVOAllocSignal          fffffeb6:*   
_LVOAllocTrap            fffffeaa:*    _LVOAllocVec             fffffd54:*   
_LVOAssignAdd            fffffd8a:*    _LVOAssignLate           fffffd96:*   
_LVOAssignLock           fffffd9c:*    _LVOAssignPath           fffffd90:*   
_LVOAttemptLockDosList   fffffd66:*    _LVOAttemptSemaphore     fffffdc0:*   
_LVOAttemptSemaphoreShar fffffd30:*    _LVOAvailMem             ffffff28:*   
camd.library           01-Apr-93 21:45:56  Symbol Section               Page 2-3

symbol                     offset:hunk symbol                     offset:hunk
_LVOCacheClearE          fffffd7e:*    _LVOCacheClearU          fffffd84:*   
_LVOCacheControl         fffffd78:*    _LVOCachePostDMA         fffffd00:*   
_LVOCachePreDMA          fffffd06:*    _LVOCause                ffffff4c:*   
_LVOChangeMode           fffffe3e:*    _LVOCheckIO              fffffe2c:*   
_LVOCheckSignal          fffffce8:*    _LVOChildFree            fffffd1e:*   
_LVOChildOrphan          fffffd18:*    _LVOChildStatus          fffffd12:*   
_LVOChildWait            fffffd0c:*    _LVOClearVec             ffffff5e:*   
_LVOCli                  fffffe14:*    _LVOCliInit              fffffc64:*   
_LVOCliInitNewcli        fffffc5e:*    _LVOCliInitRun           fffffc58:*   
_LVOClose                ffffffdc:*    _LVOCloseDevice          fffffe3e:*   
_LVOCloseLibrary         fffffe62:*    _LVOCloseMidiDevice      ffffff0a:*   
_LVOColdReboot           fffffd2a:*    _LVOCompareDates         fffffd1e:*   
_LVOCopyMem              fffffd90:*    _LVOCopyMemQuick         fffffd8a:*   
_LVOCreateDir            ffffff88:*    _LVOCreateIORequest      fffffd72:*   
_LVOCreateMidiA          ffffffd6:*    _LVOCreateMsgPort        fffffd66:*   
_LVOCreateNewProc        fffffe0e:*    _LVOCreatePlayer         ffffff34:*   
_LVOCreatePool           fffffd48:*    _LVOCreateProc           ffffff76:*   
_LVOCurrentDir           ffffff82:*    _LVODateStamp            ffffff40:*   
_LVODateToStr            fffffd18:*    _LVODeallocate           ffffff40:*   
_LVODebug                ffffff8e:*    _LVODelay                ffffff3a:*   
_LVODeleteFile           ffffffb8:*    _LVODeleteIORequest      fffffd6c:*   
_LVODeleteMidi           ffffffd0:*    _LVODeleteMsgPort        fffffd60:*   
_LVODeletePlayer         ffffff2e:*    _LVODeletePool           fffffd42:*   
_LVODeleteVar            fffffc70:*    _LVODeviceProc           ffffff52:*   
_LVODisable              ffffff88:*    _LVODispatch             ffffffc4:*   
_LVODoIO                 fffffe38:*    _LVODoPkt                ffffff10:*   
_LVODosGetString         fffffc2e:*    _LVODosNameFromAnchor    fffffcac:*   
_LVODupLock              ffffffa0:*    _LVODupLockFromFH        fffffe8c:*   
_LVOEnable               ffffff82:*    _LVOEndNotify            fffffc82:*   
_LVOEnqueue              fffffef2:*    _LVOErrorReport          fffffe20:*   
_LVOExAll                fffffe50:*    _LVOExAllEnd             fffffc22:*   
_LVOExamine              ffffff9a:*    _LVOExamineFH            fffffe7a:*   
_LVOException            ffffffbe:*    _LVOExecReserved01       fffffcee:*   
_LVOExecReserved02       fffffce8:*    _LVOExecReserved03       fffffce2:*   
_LVOExecReserved04       fffffcdc:*    _LVOExecute              ffffff22:*   
_LVOExit                 ffffff70:*    _LVOExitIntr             ffffffdc:*   
_LVOExNext               ffffff94:*    _LVOExternalSync         ffffff1c:*   
_LVOFault                fffffe2c:*    _LVOFGetC                fffffece:*   
_LVOFGets                fffffeb0:*    _LVOFilePart             fffffc9a:*   
_LVOFindArg              fffffcdc:*    _LVOFindCliProc          fffffdde:*   
_LVOFindCluster          ffffff7c:*    _LVOFindDosEntry         fffffd54:*   
_LVOFindMidi             ffffffb8:*    _LVOFindName             fffffeec:*   
_LVOFindPort             fffffe7a:*    _LVOFindResident         ffffffa0:*   
_LVOFindSegment          fffffcf4:*    _LVOFindSemaphore        fffffdae:*   
_LVOFindTask             fffffeda:*    _LVOFindVar              fffffc6a:*   
_LVOFlush                fffffe98:*    _LVOFlushMidi            ffffffb2:*   
_LVOForbid               ffffff7c:*    _LVOFormat               fffffd36:*   
_LVOFPutC                fffffec8:*    _LVOFPuts                fffffeaa:*   
_LVOFRead                fffffebc:*    _LVOFreeArgs             fffffca6:*   
_LVOFreeDeviceProc       fffffd78:*    _LVOFreeDosEntry         fffffd42:*   
_LVOFreeDosObject        ffffff16:*    _LVOFreeEntry            ffffff1c:*   
_LVOFreeMem              ffffff2e:*    _LVOFreePooled           fffffd36:*   
_LVOFreeSignal           fffffeb0:*    _LVOFreeTrap             fffffea4:*   
camd.library           01-Apr-93 21:45:56  Symbol Section               Page 2-4

symbol                     offset:hunk symbol                     offset:hunk
_LVOFreeVec              fffffd4e:*    _LVOFWrite               fffffeb6:*   
_LVOGetArgStr            fffffdea:*    _LVOGetCC                fffffdf0:*   
_LVOGetConsoleTask       fffffe02:*    _LVOGetCurrentDirName    fffffdcc:*   
_LVOGetDeviceProc        fffffd7e:*    _LVOGetFileSysTask       fffffdf6:*   
_LVOGetMidi              ffffff70:*    _LVOGetMidiAttr          ffffffc4:*   
_LVOGetMidiErr           ffffff4c:*    _LVOGetMidiLinkAttr      ffffff9a:*   
_LVOGetMsg               fffffe8c:*    _LVOGetProgramDir        fffffda8:*   
_LVOGetProgramName       fffffdc0:*    _LVOGetPrompt            fffffdb4:*   
_LVOGetSysEx             ffffff5e:*    _LVOGetVar               fffffc76:*   
_LVOInfo                 ffffff8e:*    _LVOInhibit              fffffd2a:*   
_LVOInitCode             ffffffb8:*    _LVOInitResident         ffffff9a:*   
_LVOInitSemaphore        fffffdd2:*    _LVOInitStruct           ffffffb2:*   
_LVOInput                ffffffca:*    _LVOInsert               ffffff16:*   
_LVOInternalLoadSeg      fffffd0c:*    _LVOInternalUnLoadSeg    fffffd06:*   
_LVOIoErr                ffffff7c:*    _LVOIsFileSystem         fffffd3c:*   
_LVOIsInteractive        ffffff28:*    _LVOLoadSeg              ffffff6a:*   
_LVOLock                 ffffffac:*    _LVOLockCAMD             ffffffe2:*   
_LVOLockDosList          fffffd72:*    _LVOLockRecord           fffffef2:*   
_LVOLockRecords          fffffeec:*    _LVOMakeDosEntry         fffffd48:*   
_LVOMakeFunctions        ffffffa6:*    _LVOMakeLibrary          ffffffac:*   
_LVOMakeLink             fffffe44:*    _LVOMatchEnd             fffffcbe:*   
_LVOMatchFirst           fffffcca:*    _LVOMatchNext            fffffcc4:*   
_LVOMatchPattern         fffffcb2:*    _LVOMatchPatternNoCase   fffffc34:*   
_LVOMaxCli               fffffdd8:*    _LVOMidiLinkConnected    ffffff88:*   
_LVOMidiMsgLen           ffffff40:*    _LVOMidiMsgType          ffffff46:*   
_LVONameFromFH           fffffe68:*    _LVONameFromLock         fffffe6e:*   
_LVONewLoadSeg           fffffd00:*    _LVONextCluster          ffffff82:*   
_LVONextClusterLink      ffffff94:*    _LVONextConductor        ffffff16:*   
_LVONextDosEntry         fffffd4e:*    _LVONextMidi             ffffffbe:*   
_LVONextMidiLink         ffffff8e:*    _LVONoReqLoadSeg         ffffff58:*   
_LVOObtainSemaphore      fffffdcc:*    _LVOObtainSemaphoreList  fffffdba:*   
_LVOObtainSemaphoreShare fffffd5a:*    _LVOOldOpenLibrary       fffffe68:*   
_LVOOpen                 ffffffe2:*    _LVOOpenDevice           fffffe44:*   
_LVOOpenFromLock         fffffe86:*    _LVOOpenLibrary          fffffdd8:*   
_LVOOpenMidiDevice       ffffff10:*    _LVOOpenResource         fffffe0e:*   
_LVOOutput               ffffffc4:*    _LVOParentDir            ffffff2e:*   
_LVOParentOfFH           fffffe80:*    _LVOParseMidi            ffffff3a:*   
_LVOParsePattern         fffffcb8:*    _LVOParsePatternNoCase   fffffc3a:*   
_LVOPathPart             fffffc94:*    _LVOPermit               ffffff76:*   
_LVOPrintFault           fffffe26:*    _LVOProcure              fffffde4:*   
_LVOPutMidi              ffffff76:*    _LVOPutMsg               fffffe92:*   
_LVOPutStr               fffffc4c:*    _LVOPutSysEx             ffffff64:*   
_LVOQuerySysEx           ffffff58:*    _LVORawDoFmt             fffffdf6:*   
_LVORawIOInit            fffffe08:*    _LVORawMayGetChar        fffffe02:*   
_LVORawPutChar           fffffdfc:*    _LVORead                 ffffffd6:*   
_LVOReadArgs             fffffce2:*    _LVOReadItem             fffffcd6:*   
_LVOReadLink             fffffe4a:*    _LVORelabel              fffffd30:*   
_LVOReleaseSemaphore     fffffdc6:*    _LVOReleaseSemaphoreList fffffdb4:*   
_LVORemAssignList        fffffd84:*    _LVORemDevice            fffffe4a:*   
_LVORemDosEntry          fffffd60:*    _LVORemHead              fffffefe:*   
_LVORemIntServer         ffffff52:*    _LVORemLibrary           fffffe6e:*   
_LVORemMemHandler        fffffcf4:*    _LVORemove               ffffff04:*   
_LVORemoveMidiLink       ffffffa6:*    _LVORemPort              fffffe98:*   
camd.library           01-Apr-93 21:45:56  Symbol Section               Page 2-5

symbol                     offset:hunk symbol                     offset:hunk
_LVORemResource          fffffe14:*    _LVORemSegment           fffffcee:*   
_LVORemSemaphore         fffffda2:*    _LVORemTail              fffffef8:*   
_LVORemTask              fffffee0:*    _LVORename               ffffffb2:*   
_LVOReplyMsg             fffffe86:*    _LVOReplyPkt             fffffefe:*   
_LVOReschedule           ffffffd0:*    _LVORunCommand           fffffe08:*   
_LVOSameDevice           fffffc28:*    _LVOSameLock             fffffe5c:*   
_LVOSchedule             ffffffd6:*    _LVOSeek                 ffffffbe:*   
_LVOSelectInput          fffffeda:*    _LVOSelectOutput         fffffed4:*   
_LVOSendIO               fffffe32:*    _LVOSendPkt              ffffff0a:*   
_LVOSetArgStr            fffffde4:*    _LVOSetComment           ffffff4c:*   
_LVOSetConductorState    ffffff22:*    _LVOSetConsoleTask       fffffdfc:*   
_LVOSetCurrentDirName    fffffdd2:*    _LVOSetExcept            fffffec8:*   
_LVOSetFileDate          fffffe74:*    _LVOSetFileSize          fffffe38:*   
_LVOSetFileSysTask       fffffdf0:*    _LVOSetFunction          fffffe5c:*   
_LVOSetIntVector         ffffff5e:*    _LVOSetIoErr             fffffe32:*   
_LVOSetMidiAttrsA        ffffffca:*    _LVOSetMidiLinkAttrsA    ffffffa0:*   
_LVOSetMode              fffffe56:*    _LVOSetOwner             fffffc1c:*   
_LVOSetPlayerAttrs       ffffff28:*    _LVOSetProgramDir        fffffdae:*   
_LVOSetProgramName       fffffdc6:*    _LVOSetPrompt            fffffdba:*   
_LVOSetProtection        ffffff46:*    _LVOSetSignal            fffffece:*   
_LVOSetSR                ffffff70:*    _LVOSetTaskPri           fffffed4:*   
_LVOSetVar               fffffc7c:*    _LVOSetVBuf              fffffe92:*   
_LVOSignal               fffffebc:*    _LVOSkipSysEx            ffffff52:*   
_LVOSplitName            fffffe62:*    _LVOStackSwap            fffffd24:*   
_LVOStartNotify          fffffc88:*    _LVOStrToDate            fffffd12:*   
_LVOStrToLong            fffffcd0:*    _LVOSumKickData          fffffd9c:*   
_LVOSumLibrary           fffffe56:*    _LVOSuperState           ffffff6a:*   
_LVOSupervisor           ffffffe2:*    _LVOSwitch               ffffffca:*   
_LVOSystemTagList        fffffda2:*    _LVOTaggedOpenLibrary    fffffcd6:*   
_LVOTypeOfMem            fffffdea:*    _LVOUnGetC               fffffec2:*   
_LVOUnLoadSeg            ffffff64:*    _LVOUnLock               ffffffa6:*   
_LVOUnlockCAMD           ffffffdc:*    _LVOUnLockDosList        fffffd6c:*   
_LVOUnLockRecord         fffffee6:*    _LVOUnLockRecords        fffffee0:*   
_LVOUserState            ffffff64:*    _LVOVacate               fffffdde:*   
_LVOVFPrintf             fffffe9e:*    _LVOVFWritef             fffffea4:*   
_LVOVPrintf              fffffc46:*    _LVOWait                 fffffec2:*   
_LVOWaitForChar          ffffff34:*    _LVOWaitIO               fffffe26:*   
_LVOWaitMidi             ffffff6a:*    _LVOWaitPkt              ffffff04:*   
_LVOWaitPort             fffffe80:*    _LVOWrite                ffffffd0:*   
_LVOWriteChars           fffffc52:*    _MiscBase                      60:1   
_NewList                     3400:0    _next_tag                     e9e:0   
_notify_external             336c:0    _OpenIntSer                  20c4:0   
_OpenMDPort                  3240:0    _openser                     2de0:0   
_OpenUnits                   25c2:0    _OpenUnitTask                2b54:0   
_OutputFunc                  2e72:0    _OutputHook                    40:1   
_PartFunc                    2434:0    _PartHook                      2c:1   
_pot0dat                   dff012:*    _pot1dat                   dff014:*   
_potgo                     dff034:*    _potinp                    dff016:*   
_PrepareUnits                277a:0    _PrintMsg                    33a0:0   
_PurgeUnit                   28e0:0    _refptr                    dff028:*   
_romend                    ffffff:*    _romstart                  fc0000:*   
_serdat                    dff030:*    _serdatr                   dff018:*   
_serper                    dff032:*    _SetErrorCode                 e44:0   
camd.library           01-Apr-93 21:45:56  Symbol Section               Page 2-6

symbol                     offset:hunk symbol                     offset:hunk
_SetupUnit                   282e:0    _spr                       dff140:*   
_sprintf                     33d8:0    _sprpt                     dff120:*   
_stricmp                     3468:0    _StripSysEx                  1356:0   
_UnitData                      d8:1    _UnitTask                    2d0c:0   
_UnitTaskLoop                3270:0    _UnitTaskSegment             2e68:0   
_UtilityBase                   5c:1    _vhposr                    dff006:*   
_vhposw                    dff02c:*    _vposr                     dff004:*   
_vposw                     dff02a:*    _WaitIntSer                  22d4:0   
__BSSBAS                       (0:*)   __BSSLEN                       (0:*)  
__CXD22                      34f6:0    __CXD33                      34c4:0   
__CXM22                      34a4:0    __CXM33                      34a4:0   
camd.library            01-Apr-93 21:45:56  Xref Section                Page 3-1

symbol                           value   offset:hunk   offset:hunk   offset:hunk
EndSkip                      3588:0           a:0   
FuncTable                      74:0          46:0   
GetMidi                       fb0:0          d0:0   
GetMidiErr                   1242:0          e8:0   
GetSysEx                     1144:0          dc:0   
InitCEnv                      2d4:0         11e:0   
InitLib                       110:0          4e:0   
IPutMidi                     1378:0        1fae:0        1f2c:0        1eae:0   
                                           1e9e:0   
MidiMsgLen                   131c:0        2f5c:0        2e92:0        1f68:0   
                                           1e5c:0          f0:0   
MidiMsgType                  124e:0          ec:0   
ParseMidi                    1e0e:0          f4:0   
ParseMidiTime                1f16:0        32c0:0   
PutMidi                       f94:0          cc:0   
PutSysEx                     103c:0          d8:0   
PutSysExList                 1410:0        2062:0   
QuerySysEx                   11b6:0          e0:0   
RecvHandler                  31e6:0        2334:0   
SendErrToMI                  16de:0        2072:0   
SkipSysEx                    11fe:0          e4:0   
WaitMidi                     1004:0          d4:0   
XmitHandler                  31c0:0        22fa:0   
_AbsExecBase                    4:*        33ee:0   
_ActivateIntSerXmit          22e2:0          28:1   
_AddMidiLink                 33a8:0        29a8:0        29de:0   
_AllocParser                 1dbc:0        284e:0         5e4:0   
_CallHook                    3434:0         bfe:0   
_CamdBase                      54:1        33cc:0        33b8:0       (32de:0)  
                                          (32ee:0)      (3304:0)      (332a:0)  
                                          (333a:0)      (3346:0)      (3354:0)  
                                          (3372:0)       3278:0        31ec:0   
                                          (23fc:0)      (2410:0)      (2532:0)  
                                          (2542:0)      (2552:0)      (2578:0)  
                                          (2580:0)      (27d4:0)      (28a8:0)  
                                          (29a0:0)      (29d6:0)      (2a0a:0)  
                                          (2a1e:0)      (20ce:0)      (22ae:0)  
                                           1df2:0        1dc2:0       (1722:0)  
                                          (1732:0)      (1746:0)      (1752:0)  
                                          (1932:0)      (194e:0)      (19ca:0)  
                                          (19f0:0)      (1a18:0)      (1a52:0)  
                                          (1a62:0)      (1a76:0)      (1a82:0)  
                                          (1b68:0)      (1b80:0)      (1bc4:0)  
                                          (1be4:0)      (1c0e:0)      (1c36:0)  
                                          (1c46:0)      (1c52:0)      (1c70:0)  
                                          (1c96:0)      (1cbe:0)      (1ce0:0)  
                                          (1cf0:0)      (1d04:0)      (1d1a:0)  
                                          (1d2e:0)      (1d50:0)      (1d60:0)  
                                          (1d74:0)      (1d80:0)      (1d8e:0)  
                                          (1da2:0)       (e04:0)       (d70:0)  
                                           (d8e:0)       (d98:0)       (dc0:0)  
                                           (de0:0)       (dea:0)       (5ec:0)  
                                           (5fc:0)       (610:0)       (61c:0)  
camd.library            01-Apr-93 21:45:56  Xref Section                Page 3-2

symbol                           value   offset:hunk   offset:hunk   offset:hunk
                                           (64e:0)       (668:0)       (6ae:0)  
                                           (6be:0)       (6d2:0)       (704:0)  
                                           (718:0)       (756:0)       (766:0)  
                                           (77a:0)       (786:0)       (8fc:0)  
                                           (918:0)       (952:0)       (962:0)  
                                           (976:0)       (982:0)       (a76:0)  
                                           (a8e:0)       (acc:0)       (b3c:0)  
                                           (c2c:0)       (c5a:0)       (c80:0)  
_ciab                      bfd000:*        2184:0        218e:0        21ba:0   
                                           21c4:0   
_CleanUpC                     29e:0         18a:0   
_CleanUpUnits                254e:0         2aa:0   
_CloseIntSer                 21b0:0        2e56:0   
_CloseMDPort                 3262:0        2e50:0   
_CreateMidi                  33c4:0        252a:0   
_custom                    dff000:*        2338:0        2318:0        230e:0   
                                           2302:0        22f4:0        22e6:0   
                                           22d6:0        2110:0        211e:0   
                                           2124:0        214c:0        2174:0   
                                           217c:0        21ce:0        21d4:0   
                                           2200:0   
_DOSBase                       58:1       (2638:0)      (2754:0)      (2bbe:0)  
                                          (2e38:0)       (3e8:0)       (40c:0)  
                                           (470:0)       (48a:0)       (4e2:0)  
_EClockFreq                   e00:0        212e:0   
_find_tag                     f06:0         58a:0         5b6:0         5d2:0   
_FreeParser                  1dea:0        2900:0         6f2:0   
_InitDevices                  3a0:0         262:0   
_InitLibC                     1a8:0         124:0   
_InitUnits                   2478:0         266:0   
_IntSerRecvHandler           2322:0        20f4:0   
_IntSerXmitHandler           22ec:0        20e0:0   
_LIBAddMidiLinkA              52c:0          a8:0   
_LIBCloseMidiDevice           352:0          fc:0   
_LIBCreateMidiA              1988:0          8c:0   
_LIBDeleteMidi               1b9c:0          90:0   
_LIBEndClusterNotify         331c:0         108:0   
_LIBFindCluster               c72:0          c8:0   
_LIBFindMidi                 1c88:0          a0:0   
_LIBFlushMidi                1c28:0          a4:0   
_LIBGetMidiAttrsA            1a38:0          98:0   
_LIBGetMidiLinkAttrsA         938:0          b4:0   
_LIBLockCAMD                  d50:0          84:0   
_LIBMidiLinkConnected         d1c:0          c0:0   
_LIBNextCluster               c42:0          c4:0   
_LIBNextClusterLink           c96:0          b8:0   
_LIBNextMidi                 1cac:0          9c:0   
_LIBNextMidiLink              cdc:0          bc:0   
_LIBOpenMidiDevice            2ec:0          f8:0   
_LIBRemoveMidiLink            69a:0          ac:0   
_LIBRethinkCAMD              234c:0         100:0   
_LIBSetMidiAttrsA            16fc:0          94:0   
_LIBSetMidiLinkAttrsA         738:0          b0:0   
camd.library            01-Apr-93 21:45:56  Xref Section                Page 3-3

symbol                           value   offset:hunk   offset:hunk   offset:hunk
_LIBStartClusterNotify       32d0:0         104:0   
_LIBUnlockCAMD                dae:0          88:0   
_LinkerDB                      (0:*)       32d6:0        3322:0        2356:0   
                                           243e:0        2d12:0        1706:0   
                                           198e:0        1a42:0        1ba6:0   
                                           1c2e:0        1c8e:0        1cb2:0   
                                            d5a:0         db4:0         536:0   
                                            6a0:0         742:0         942:0   
                                            c48:0         c78:0         ca0:0   
                                            ce2:0         d22:0         2f2:0   
                                            358:0         1ae:0         2a4:0   
_LVOAddMidiLinkA         ffffffac:*        33be:0   
_LVOAllocMem             ffffff3a:*        1ffe:0        1dd6:0   
_LVOCopyMem              fffffd90:*        3162:0        313e:0        15fe:0   
                                           15da:0   
_LVOCreateMidiA          ffffffd6:*        33d2:0   
_LVODelay                ffffff3a:*        3198:0        30ec:0        3096:0   
_LVOFreeMem              ffffff2e:*        208a:0        1e06:0         1a0:0   
_LVOObtainSemaphore      fffffdcc:*        301c:0        2fd4:0        2f56:0   
                                           2f14:0        2e86:0        1440:0   
                                           13a2:0        1078:0   
_LVORawDoFmt             fffffdf6:*        33f4:0   
_LVOReleaseSemaphore     fffffdc6:*        3062:0        2fe6:0        2f9e:0   
                                           2f20:0        2eda:0        1530:0   
                                           13fa:0        112a:0   
_LVOSignal               fffffebc:*        3238:0        16f8:0        167c:0   
_LVOWait                 fffffec2:*        3296:0        1030:0   
_MiscBase                      60:1       (225a:0)      (228c:0)  
_NewList                     3400:0        19dc:0        19e6:0         b0a:0   
                                            b14:0         3a8:0         204:0   
                                            20e:0         218:0         222:0   
                                            22c:0   
_next_tag                     e9e:0        1808:0        1b5a:0         8ee:0   
                                            a68:0   
_notify_external             336c:0        194a:0         914:0   
_OpenIntSer                  20c4:0        2e00:0   
_OpenMDPort                  3240:0        2df6:0   
_OutputFunc                  2e72:0          48:1   
_SetErrorCode                 e44:0        1976:0        1a2a:0         68c:0   
_sprintf                     33d8:0        2c98:0   
_stricmp                     3468:0         434:0         512:0   
_UnitData                      d8:1        3004:0        2ffc:0        2fbc:0   
                                           2fb4:0        2f3e:0        2f36:0   
                                           2efc:0        2ef4:0   
_UnitTask                    2d0c:0        2e6e:0   
_UnitTaskLoop                3270:0        2d72:0   
_UnitTaskSegment             2e68:0        2ba6:0   
_UtilityBase                   5c:1        (ea8:0)       (f18:0)       (f64:0)  
_WaitIntSer                  22d4:0        21b4:0   
__BSSBAS                       (0:*)        2d6:0   
__BSSLEN                       (0:*)        2dc:0   
__CXD22                      34f6:0        2146:0   
__CXM22                      34a4:0        26cc:0        271c:0   
camd.library            01-Apr-93 21:45:56  Xref Section                Page 3-4

symbol                           value   offset:hunk   offset:hunk   offset:hunk
__CXM33                      34a4:0         d6c:0   
camd.library            01-Apr-93 21:45:56  File Section                Page 4-1

filename         punit            hunk     type       offset:hunk     size
head.o           head.asm         <noname> code            0:0          74
liba.o           liba.asm         <noname> code           74:0         134
libc.o           libc.c           <noname> code          1a8:0         12c
                                  __MERGED bss            54:1          10
csup.o           csup.asm         __MERGED data            0:1           0
                                  csup     code          2d4:0          18
device.o         device.c         <noname> code          2ec:0         240
                                  __MERGED bss            64:1          3c
link.o           link.c           <noname> code          52c:0         824
                                  __MERGED data            0:1          10
lock.o           lock.c           <noname> code          d50:0          b0
misc.o           misc.c           <noname> code          e00:0         194
msg.o            msg.asm          <noname> code          f94:0         768
node.o           node.c           <noname> code         16fc:0         6c0
                                  __MERGED data           10:1          18
parse.o          parsea.asm       __MERGED data           28:1           0
                                  <noname> code         1dbc:0         308
serialc.o        serialc.c        <noname> code         20c4:0         210
                                  __MERGED data           28:1           4
                                  __MERGED bss            a0:1          38
seriala.o        seriala.asm      <noname> code         22d4:0          78
unitc.o          unitc.c          <noname> code         234c:0         b18
                                  __MERGED data           2c:1          28
                                  __MERGED bss            d8:1          50
unita.o          unita.asm        __MERGED data           54:1           0
                                  <noname> code         2e64:0         46c
notify.o         notify.c         <noname> code         32d0:0          d0
prtmsg.o         prtmsg.c         <noname> code         33a0:0           8
