Stack Allocation = 8192 bytes

 Start  Stop   Length Name                   Class
 00000H 01FCFH 01FD0H AREAD_TEXT             CODE
 01FD0H 022A1H 002D2H DATES_TEXT             CODE
 022A2H 03F97H 01CF6H DSLIB_TEXT             CODE
 03F98H 03FFFH 00068H GETBASE_TEXT           CODE
 04000H 04085H 00086H GETS_TEXT              CODE
 04086H 040B7H 00032H CALLS_TEXT             CODE
 040B8H 040E9H 00032H RELEASES_TEXT          CODE
 040EAH 044E7H 003FEH JFTRANS_TEXT           CODE
 044E8H 04505H 0001EH WAITS_TEXT             CODE
 04506H 0453DH 00038H UNLOCK_TEXT            CODE
 0453EH 04575H 00038H LOCK_TEXT              CODE
 04576H 04576H 00000H INTS_TEXT              CODE
 04576H 0745CH 02EE7H _TEXT                  CODE
 0745EH 0745EH 00000H C_ETEXT                ENDCODE
 07460H 07677H 00218H FAR_BSS                FAR_BSS
 07680H 076C1H 00042H NULL                   BEGDATA
 076C2H 0890FH 0124EH _DATA                  DATA
 08910H 0891DH 0000EH CDATA                  DATA
 0891EH 0891EH 00000H XIFB                   DATA
 0891EH 0891EH 00000H XIF                    DATA
 0891EH 0891EH 00000H XIFE                   DATA
 0891EH 0891EH 00000H XIB                    DATA
 0891EH 0891EH 00000H XI                     DATA
 0891EH 0891EH 00000H XIE                    DATA
 0891EH 0891EH 00000H XPB                    DATA
 0891EH 08921H 00004H XP                     DATA
 08922H 08922H 00000H XPE                    DATA
 08922H 08922H 00000H XCB                    DATA
 08922H 08922H 00000H XC                     DATA
 08922H 08922H 00000H XCE                    DATA
 08922H 08922H 00000H XCFB                   DATA
 08922H 08922H 00000H XCF                    DATA
 08922H 08922H 00000H XCFE                   DATA
 08922H 0892DH 0000CH CONST                  CONST
 0892EH 08935H 00008H HDR                    MSG
 08936H 08A03H 000CEH MSG                    MSG
 08A04H 08A05H 00002H PAD                    MSG
 08A06H 08A06H 00001H EPAD                   MSG
 08A08H 08BBDH 001B6H _BSS                   BSS
 08BBEH 08BBEH 00000H XOB                    BSS
 08BBEH 08BBEH 00000H XO                     BSS
 08BBEH 08BBEH 00000H XOE                    BSS
 08BC0H 08BC0H 00000H c_common               BSS
 08BC0H 0ABBFH 02000H STACK                  STACK

 Origin   Group
 0768:0   DGROUP

Program entry point at 0457:0018
