NET-INET.library        09-Jan-91 00:22:09  Hunk Section                Page 1-1

 num hunk         size filename         punit    type         base  alv
   0 text         151c LIB:libent.o     libent   code            0    0
                       LIB:libinit.o    libinit. code           20    0
                       sdninetutil.o    sdninetu code          168    0
                       sdninetnode.o    sdninetn code          728    0
                       sdninetget.o     sdninetg code          c7c    0
                       sdninetput.o     sdninetp code          fb0    0
                       readn.o          readn.c  code         1058    0
                       ram:__LibFuncs.o __Libfun code         13c0    0
                       lib:lcr.lib      stricmp  code         1448    0
                       lib:lcr.lib      cxm33    code         147c    0
                       lib:debug.lib    <noname> code         149c    0
                       lib:amiga.lib    <noname> code         151c    0
   1 __MERGED       14 LIB:libent.o     libent   data            0    0
                       LIB:libinit.o    libinit. data            4    0
   2 <noname>        0 lib:amiga.lib    <noname> data            0    0
NET-INET.library       09-Jan-91 00:22:09  Symbol Section               Page 2-1

symbol                 offset:hunk symbol                 offset:hunk
@iaccept                 123a:0    @ibind                   118e:0   
@iclose                  136e:0    @iconnect                11e4:0   
@INETprivate             13bc:0    @INETSDNAccept            c7c:0   
@INETSDNAllocRPacket      532:0    @INETSDNDupRPacket        5f0:0   
@INETSDNFreeRPacket       63e:0    @INETSDNGetConData        6dc:0   
@INETSDNHanInit           344:0    @INETSDNHanTerm           4e8:0   
@INETSDNInitNode          728:0    @INETSDNReceive           f60:0   
@INETSDNReply             fb0:0    @INETSDNSend              fde:0   
@INETSDNSerInit           168:0    @INETSDNSerTerm           31c:0   
@INETSDNSetConData        704:0    @INETSDNTermNode          8a0:0   
@isocket                 12e6:0    @readn                   1058:0   
@set_sockopts            1132:0    @stricmp                 1448:0   
@writen                  10c6:0    KDoFmt                   14f8:0   
KGetChar                 14be:0    KMayGetChar              14c6:0   
KPrintF                  14e8:0    KPutChar                 14a0:0   
KPutFmt                  14e8:0    KPutStr                  14b4:0   
_AbsExecBase                4:*    _bootrom               f80000:*   
_cartridge             f00000:*    _CXM22                   147c:0   
_CXM33                   147c:0    _KDoFmt                  1508:0   
_kgetc                   14be:0    _KGetCh                  14be:0   
_kgetch                  14be:0    _kgetchar                14be:0   
_KGetChar                14be:0    _KMayGetCh               14c6:0   
_KMayGetChar             14c6:0    _KPrintF                 14e0:0   
_kprintf                 14e0:0    _kputc                   149c:0   
_kputch                  149c:0    _KPutCh                  149c:0   
_KPutChar                149c:0    _kputchar                149c:0   
_KPutFmt                 14d6:0    _KPutS                   14b0:0   
_kputs                   14b0:0    _KPutStr                 14b0:0   
_kputstr                 14b0:0    _LinkerDB                  (0:*)  
_LVOAbortIO          fffffe20:*    _LVOAddDevice        fffffe50:*   
_LVOAddHead          ffffff10:*    _LVOAddIntServer     ffffff58:*   
_LVOAddLibrary       fffffe74:*    _LVOAddMemList       fffffd96:*   
_LVOAddPort          fffffe9e:*    _LVOAddResource      fffffe1a:*   
_LVOAddSemaphore     fffffda8:*    _LVOAddTail          ffffff0a:*   
_LVOAddTask          fffffee6:*    _LVOAlert            ffffff94:*   
_LVOAllocAbs         ffffff34:*    _LVOAllocate         ffffff46:*   
_LVOAllocEntry       ffffff22:*    _LVOAllocMem         ffffff3a:*   
_LVOAllocSignal      fffffeb6:*    _LVOAllocTrap        fffffeaa:*   
_LVOAttemptSemaphore fffffdc0:*    _LVOAvailMem         ffffff28:*   
_LVOCause            ffffff4c:*    _LVOCheckIO          fffffe2c:*   
_LVOCloseDevice      fffffe3e:*    _LVOCloseLibrary     fffffe62:*   
_LVOCopyMem          fffffd90:*    _LVOCopyMemQuick     fffffd8a:*   
_LVODeallocate       ffffff40:*    _LVODebug            ffffff8e:*   
_LVODisable          ffffff88:*    _LVODispatch         ffffffc4:*   
_LVODoIO             fffffe38:*    _LVOEnable           ffffff82:*   
_LVOEnqueue          fffffef2:*    _LVOException        ffffffbe:*   
_LVOExitIntr         ffffffdc:*    _LVOFindName         fffffeec:*   
_LVOFindPort         fffffe7a:*    _LVOFindResident     ffffffa0:*   
_LVOFindSemaphore    fffffdae:*    _LVOFindTask         fffffeda:*   
_LVOForbid           ffffff7c:*    _LVOFreeEntry        ffffff1c:*   
_LVOFreeMem          ffffff2e:*    _LVOFreeSignal       fffffeb0:*   
_LVOFreeTrap         fffffea4:*    _LVOGetCC            fffffdf0:*   
_LVOGetMsg           fffffe8c:*    _LVOInitCode         ffffffb8:*   
NET-INET.library       09-Jan-91 00:22:09  Symbol Section               Page 2-2

symbol                 offset:hunk symbol                 offset:hunk
_LVOInitResident     ffffff9a:*    _LVOInitSemaphore    fffffdd2:*   
_LVOInitStruct       ffffffb2:*    _LVOInsert           ffffff16:*   
_LVOMakeFunctions    ffffffa6:*    _LVOMakeLibrary      ffffffac:*   
_LVOObtainSemaphore  fffffdcc:*    _LVOObtainSemaphoreL fffffdba:*   
_LVOOldOpenLibrary   fffffe68:*    _LVOOpenDevice       fffffe44:*   
_LVOOpenLibrary      fffffdd8:*    _LVOOpenResource     fffffe0e:*   
_LVOPermit           ffffff76:*    _LVOProcure          fffffde4:*   
_LVOPutMsg           fffffe92:*    _LVORawDoFmt         fffffdf6:*   
_LVORawIOInit        fffffe08:*    _LVORawMayGetChar    fffffe02:*   
_LVORawPutChar       fffffdfc:*    _LVOReleaseSemaphore fffffdc6:*   
_LVOReleaseSemaphore fffffdb4:*    _LVORemDevice        fffffe4a:*   
_LVORemHead          fffffefe:*    _LVORemIntServer     ffffff52:*   
_LVORemLibrary       fffffe6e:*    _LVORemove           ffffff04:*   
_LVORemPort          fffffe98:*    _LVORemResource      fffffe14:*   
_LVORemSemaphore     fffffda2:*    _LVORemTail          fffffef8:*   
_LVORemTask          fffffee0:*    _LVOReplyMsg         fffffe86:*   
_LVOReschedule       ffffffd0:*    _LVOSchedule         ffffffd6:*   
_LVOSendIO           fffffe32:*    _LVOSetExcept        fffffec8:*   
_LVOSetFunction      fffffe5c:*    _LVOSetIntVector     ffffff5e:*   
_LVOSetSignal        fffffece:*    _LVOSetSR            ffffff70:*   
_LVOSetTaskPri       fffffed4:*    _LVOSignal           fffffebc:*   
_LVOSumKickData      fffffd9c:*    _LVOSumLibrary       fffffe56:*   
_LVOSuperState       ffffff6a:*    _LVOSupervisor       ffffffe2:*   
_LVOSwitch           ffffffca:*    _LVOTypeOfMem        fffffdea:*   
_LVOUserState        ffffff64:*    _LVOVacate           fffffdde:*   
_LVOWait             fffffec2:*    _LVOWaitIO           fffffe26:*   
_LVOWaitPort         fffffe80:*    _NEWDATAL                  (0:*)  
_RESBASE                   (0:*)   _RESLEN                    (0:*)  
_romend                ffffff:*    _romstart              fc0000:*   
__BSSBAS                   (0:*)   __BSSLEN                   (0:*)  
__CXM22                  147c:0    __CXM33                  147c:0   
__LibClose                 e2:0    __LibExpunge              10c:0   
__LibFuncTab             13c0:0    __LibID                  143c:0   
__LibInit                  20:0    __LibInitTab                4:1   
__Libmergeddata             0:1    __LibName                1428:0   
__LibOpen                  c6:0    __LibRomTag                 4:0   
NET-INET.library        09-Jan-91 00:22:09  Xref Section                Page 3-1

symbol                       value   offset:hunk   offset:hunk   offset:hunk
@iaccept                 123a:0         daa:0   
@ibind                   118e:0         212:0   
@iclose                  136e:0         f00:0         8d4:0         330:0   
                                        50a:0   
@iconnect                11e4:0         7a0:0   
@INETprivate             13bc:0        13e4:0        13e0:0        13dc:0   
                                       13d8:0        13d4:0        13d0:0   
@INETSDNAccept            c7c:0        1400:0   
@INETSDNAllocRPacket      532:0        1410:0   
@INETSDNDupRPacket        5f0:0        1414:0   
@INETSDNFreeRPacket       63e:0        1418:0   
@INETSDNGetConData        6dc:0        141c:0   
@INETSDNHanInit           344:0        13f0:0   
@INETSDNHanTerm           4e8:0        13f4:0   
@INETSDNInitNode          728:0        13f8:0   
@INETSDNReceive           f60:0        140c:0   
@INETSDNReply             fb0:0        1404:0   
@INETSDNSend              fde:0        1408:0   
@INETSDNSerInit           168:0        13e8:0   
@INETSDNSerTerm           31c:0        13ec:0   
@INETSDNSetConData        704:0        1420:0   
@INETSDNTermNode          8a0:0        13fc:0   
@isocket                 12e6:0         762:0         19e:0   
@readn                   1058:0         eba:0         ee8:0   
@set_sockopts            1132:0         7ee:0         1f4:0   
@stricmp                 1448:0         bfc:0   
@writen                  10c6:0        1006:0        102c:0   
_AbsExecBase                4:*        14a4:0        14ca:0        14fc:0   
_kprintf                 14e0:0         dec:0         7c4:0         1da:0   
_LinkerDB                  (0:*)        (2a:0)        (cc:0)        (e8:0)  
                                       (112:0)  
_LVORawDoFmt         fffffdf6:*        1502:0   
_LVORawMayGetChar    fffffe02:*        14d0:0   
_LVORawPutChar       fffffdfc:*        14aa:0   
_NEWDATAL                  (0:*)         6c:0          86:0   
_RESLEN                    (0:*)          4:1   
__CXM22                  147c:0         964:0   
__LibClose                 e2:0        13c4:0   
__LibExpunge              10c:0        13c8:0   
__LibFuncTab             13c0:0           8:1   
__LibID                  143c:0          54:0          16:0   
__LibInitTab                4:1          1a:0   
__Libmergeddata             0:1          64:0   
__LibName                1428:0          3c:0          12:0   
__LibOpen                  c6:0        13c0:0   
__LibRomTag                 4:0        13cc:0   
NET-INET.library        09-Jan-91 00:22:09  File Section                Page 4-1

filename         punit    hunk     type       offset:hunk     size
LIB:libent.o     libent   text     code            0:0          20
                          __MERGED data            0:1           4
LIB:libinit.o    libinit. <noname> code           20:0         148
                          <noname> data            4:1          10
sdninetutil.o    sdninetu <noname> code          168:0         5c0
sdninetnode.o    sdninetn <noname> code          728:0         554
sdninetget.o     sdninetg <noname> code          c7c:0         334
sdninetput.o     sdninetp <noname> code          fb0:0          a8
readn.o          readn.c  <noname> code         1058:0         368
ram:__LibFuncs.o __Libfun <noname> code         13c0:0          88
NET-INET.library      09-Jan-91 00:22:09  Library Section               Page 5-1

filename         punit    hunk     type       offset:hunk     size
lib:lcr.lib      stricmp  text     code         1448:0          34
                 cxm33    text     code         147c:0          20
lib:debug.lib    <noname> ktty     code         149c:0          80
lib:amiga.lib    <noname> _LVO     code         151c:0           0
                 <noname> <noname> data            0:2           0
