sort.ld                 09-Aug-93 13:58:13  Hunk Section                Page 1-1

 num hunk         size filename         punit    type         base  alv     size
   0 text          79c sort.o           sort.c   code            0    0      760
                       LIB:sc.lib       stricmp  code          760    0       3c
   1 __MERGED      104 LIB:sc.lib       ctype.c  data            0    0      104
sort.ld                09-Aug-93 13:58:13  Symbol Section               Page 2-1

symbol             offset:hunk symbol             offset:hunk
@cmd_sort               0:0    @strcmpi              768:0   
@stricmp              768:0    _LinkerDB              (0:*)  
_strcmpi              760:0    _stricmp              760:0   
__BSSBAS               (0:*)   __BSSLEN               (0:*)  
__CoverLength          (0:*)   __CoverStart           (0:*)  
__LibRevision          (0:*)   __LibVersion           (0:*)  
___ctype                0:1   
sort.ld                 09-Aug-93 13:58:13  Xref Section                Page 3-1

symbol           (Def) Module  Off (Ref) Module  Off (Ref) Module  Off
@stricmp         stricmp         8 sort.c        6bc
___ctype         ctype.c         0 sort.c        1de
sort.ld                 09-Aug-93 13:58:13  File Section                Page 4-1

filename         punit    hunk     type       offset:hunk     size
sort.o           sort.c   text     code            0:0         760
sort.ld               09-Aug-93 13:58:13  Library Section               Page 5-1

filename         punit    hunk     type       offset:hunk     size
LIB:debug.lib    LIB:amiga.lib    LIB:sc.lib       ctype.c  text     code            -:-           0
                                                            __MERGED data            0:1         104
                                                   stricmp  text     code          760:0          3c
