Stack Allocation = 8192 bytes

 Start  Stop   Length Name                   Class
 00000H 020FDH 020FEH AWRITE_TEXT            CODE
 020FEH 023CFH 002D2H DATES_TEXT             CODE
 023D0H 03E0FH 01A40H DSLIB_TEXT             CODE
 03E10H 03E77H 00068H GETBASE_TEXT           CODE
 03E78H 03EFDH 00086H GETS_TEXT              CODE
 03EFEH 03F2FH 00032H CALLS_TEXT             CODE
 03F30H 03F61H 00032H RELEASES_TEXT          CODE
 03F62H 0435FH 003FEH JFTRANS_TEXT           CODE
 04360H 0437DH 0001EH WAITS_TEXT             CODE
 0437EH 043B5H 00038H UNLOCK_TEXT            CODE
 043B6H 043EDH 00038H LOCK_TEXT              CODE
 043EEH 043EEH 00000H INTS_TEXT              CODE
 043EEH 071F8H 02E0BH _TEXT                  CODE
 071FAH 071FAH 00000H C_ETEXT                ENDCODE
 07200H 0742BH 0022CH FAR_BSS                FAR_BSS
 07430H 07471H 00042H NULL                   BEGDATA
 07472H 086ADH 0123CH _DATA                  DATA
 086AEH 086BBH 0000EH CDATA                  DATA
 086BCH 086BCH 00000H XIFB                   DATA
 086BCH 086BCH 00000H XIF                    DATA
 086BCH 086BCH 00000H XIFE                   DATA
 086BCH 086BCH 00000H XIB                    DATA
 086BCH 086BCH 00000H XI                     DATA
 086BCH 086BCH 00000H XIE                    DATA
 086BCH 086BCH 00000H XPB                    DATA
 086BCH 086BFH 00004H XP                     DATA
 086C0H 086C0H 00000H XPE                    DATA
 086C0H 086C0H 00000H XCB                    DATA
 086C0H 086C0H 00000H XC                     DATA
 086C0H 086C0H 00000H XCE                    DATA
 086C0H 086C0H 00000H XCFB                   DATA
 086C0H 086C0H 00000H XCF                    DATA
 086C0H 086C0H 00000H XCFE                   DATA
 086C0H 086CBH 0000CH CONST                  CONST
 086CCH 086D3H 00008H HDR                    MSG
 086D4H 087A1H 000CEH MSG                    MSG
 087A2H 087A3H 00002H PAD                    MSG
 087A4H 087A4H 00001H EPAD                   MSG
 087A6H 09157H 009B2H _BSS                   BSS
 09158H 09158H 00000H XOB                    BSS
 09158H 09158H 00000H XO                     BSS
 09158H 09158H 00000H XOE                    BSS
 09160H 09160H 00000H c_common               BSS
 09160H 0B15FH 02000H STACK                  STACK

 Origin   Group
 0743:0   DGROUP

Program entry point at 043E:0020
