network-handler         11-Mar-91 15:31:54  Hunk Section                Page 1-1

 num hunk         size filename         punit    type         base  alv
   0 text         4240 lib:c.o          c        code            0    0
                       main.o           main.c   code          1f8    0
                       dir.o            dir.c    code          9b4    0
                       io.o             io.c     code         122c    0
                       lock.o           lock.c   code         1944    0
                       process.o        process. code         2198    0
                       volume.o         volume.c code         2220    0
                       device.o         device.c code         24e4    0
                       mount.o          mount.c  code         2b18    0
                       devio.o          devio.c  code         2ce4    0
                       file.o           file.c   code         32dc    0
                       unimp.o          unimp.c  code         3a80    0
                       timer.o          timer.c  code         3cc8    0
                       lib:lcr.lib      amemclea code         3f5c    0
                       lib:lcr.lib      aumain   code         3f64    0
                       lib:lcr.lib      fpinit.c code         3f70    0
                       lib:lcr.lib      stricmp  code         3f74    0
                       lib:lcr.lib      delextio code         3fa8    0
                       lib:lcr.lib      crtport. code         3fd8    0
                       lib:lcr.lib      crtextio code         4064    0
                       /lib/net.lib     request. code         40a8    2
   1 __MERGED      168 main.o           main.c   data            0    0
                       dir.o            dir.c    data          140    0
                       unimp.o          unimp.c  data          164    0
                       lib:c.o          c        bss           168    0
                       main.o           main.c   bss           1bc    0
                       lib:lcr.lib      intubase bss           1c0    0
network-handler        11-Mar-91 15:31:54  Symbol Section               Page 2-1

symbol     offset:hunk symbol     offset:hunk symbol     offset:hunk
@ActChan     3b90:0    @ActCopy     3bc4:0    @ActCrea      9b4:0   
@ActCrea      b22:0    @ActCure     2220:0    @ActDele     32dc:0   
@ActDie      2198:0    @ActDisk     2492:0    @ActDisk     230c:0   
@ActDupL     1cfc:0    @ActDupL     1e0a:0    @ActEnd      1866:0   
@ActEnd2     18fc:0    @ActExam      ce8:0    @ActExam      e06:0   
@ActExam     3c2c:0    @ActExam     3c60:0    @ActFHFr     3b5c:0   
@ActFind     1636:0    @ActFind     17cc:0    @ActFlus     21f6:0   
@ActForm     3a80:0    @ActInfo     233e:0    @ActInfo     2430:0   
@ActInhi     21ca:0    @ActIsFS     24bc:0    @ActLock     1ac2:0   
@ActLock     1c9e:0    @ActMake      fb4:0    @ActNetH      6e8:0   
@ActNetH      7d4:0    @ActNetP      84a:0    @ActPare      e5a:0   
@ActPare      f40:0    @ActPare     3bf8:0    @ActRead     122c:0   
@ActRead     1306:0    @ActRead     11ba:0    @ActRead     11d2:0   
@ActRena     3434:0    @ActRena     224c:0    @ActSame     3c94:0   
@ActSeek     159a:0    @ActSetC     37d4:0    @ActSetD      932:0   
@ActSetF     3940:0    @ActSetP     3688:0    @ActTime     3d9c:0   
@ActUnLo     1e7e:0    @ActUnLo     1f70:0    @ActWrit     13f6:0   
@ActWrit     14c6:0    @AddNode     28dc:0    @AllocRP     32a4:0   
@CloseTi     3d32:0    @CreateE     4064:0    @CreateL     1944:0   
@CreateP     3fd8:0    @DeleteE     3fa8:0    @DisMoun     2b18:0   
@DosAllo      956:0    @DosFree      98e:0    @ExDotIn      b80:0   
@FindNod     2160:0    @FreeHPa     3242:0    @FreeLoc     1a4c:0   
@GetHPac     31f2:0    @InitDev     2792:0    @initreq     40a8:0   
@KillHPa      564:0    @MemClea      94a:0    @Mount       2bb0:0   
@OpenTim     3cc8:0    @ParseCo     24e4:0    @ParseNa     1fba:0   
@PostTim     3d62:0    @ReLockN     307a:0    @RemoteP     2d18:0   
@request     415e:0    @retpkt       5ec:0    @stricmp     3f74:0   
@TermDev     2a58:0    @XCEXIT       180:0    @_main        1f8:0   
_curdir       19c:1    _DOSBase      1bc:1    _Intuiti      1c0:1   
_LinkerD       (0:*)   _MemClea     3f5c:0    _NULL         168:1   
_SysBase      1a0:1    _WBenchM      1a4:1    _worktab        0:1   
_XCEXIT       17c:0    __base        16c:1    __BSSBAS       (0:*)  
__BSSLEN       (0:*)   __FPERR       184:1    __main       3f64:0   
__mbase       170:1    __mnext       174:1    __msize       178:1   
__ONBREA      198:1    __ONERR       190:1    __ONEXIT      194:1   
__OSERR       180:1    __oserr       180:1    __Progra      1b0:1   
__SIGFPE      188:1    __SIGINT      18c:1    __StackP      1a8:1   
__tsize       17c:1    ___fpini     3f70:0    ___fpter     3f72:0   
network-handler         11-Mar-91 15:31:54  Xref Section                Page 3-1

symbol           value   offset:hunk   offset:hunk   offset:hunk   offset:hunk
@ActChan     3b90:0         104:1   
@ActCopy     3bc4:0         10c:1   
@ActCrea      9b4:0          4c:1   
@ActCure     2220:0           c:1   
@ActDele     32dc:0          2c:1   
@ActDie      2198:0           4:1   
@ActDisk     2492:0        21ee:0   
@ActDisk     230c:0          64:1   
@ActDupL     1cfc:0          3c:1   
@ActEnd      1866:0          d4:1   
@ActExam      ce8:0          54:1          5c:1   
@ActExam     3c2c:0         11c:1   
@ActExam     3c60:0         124:1   
@ActFHFr     3b5c:0          f4:1   
@ActFind     1636:0          bc:1          c4:1          cc:1   
@ActFlus     21f6:0          74:1   
@ActForm     3a80:0          e4:1   
@ActInfo     233e:0          6c:1   
@ActInhi     21ca:0          94:1   
@ActIsFS     24bc:0          fc:1   
@ActLock     1ac2:0          14:1   
@ActMake      fb4:0          ec:1   
@ActPare      e5a:0          84:1   
@ActPare     3bf8:0         114:1   
@ActRead     122c:0          ac:1   
@ActRena     3434:0          34:1   
@ActRena     224c:0          1c:1   
@ActSame     3c94:0          a4:1   
@ActSeek     159a:0          dc:1   
@ActSetC     37d4:0          7c:1   
@ActSetF     3940:0          9c:1   
@ActSetP     3688:0          44:1   
@ActTime     3d9c:0          8c:1   
@ActUnLo     1e7e:0          24:1   
@ActWrit     13f6:0          b4:1   
@AddNode     28dc:0        2104:0   
@AllocRP     32a4:0        3ede:0        337c:0        33c8:0        35da:0   
                           3716:0        3762:0        3868:0        38b4:0   
                           39de:0        29e6:0        23b8:0        1b8e:0   
                           1bda:0        1d80:0        1ec4:0        1274:0   
                           143e:0        15c0:0        16de:0        172a:0   
                           1888:0         a48:0         a94:0         d70:0   
                            eb4:0        112c:0         758:0         8b8:0   
@CreateE     4064:0        3cdc:0   
@CreateL     1944:0         b68:0         fa2:0   
@CreateP     3fd8:0        27a8:0         236:0   
@DeleteE     3fa8:0        3d56:0   
@DisMoun     2b18:0        226a:0         534:0   
@DosAllo      956:0        3220:0        2c66:0        25f4:0        27c6:0   
                           27d4:0        282a:0        286c:0        2930:0   
                           1990:0        19aa:0        181e:0   
@DosFree      98e:0        329c:0        2b9c:0        2692:0        2a48:0   
                           2adc:0        2afe:0        1ab0:0        1ab8:0   
network-handler         11-Mar-91 15:31:54  Xref Section                Page 3-2

symbol           value   offset:hunk   offset:hunk   offset:hunk   offset:hunk
                           192c:0   
@FreeHPa     3242:0         6de:0   
@GetHPac     31f2:0        3ece:0        29ce:0         318:0   
@InitDev     2792:0         292:0   
@KillHPa      564:0        3e66:0        2ee8:0   
@MemClea      94a:0        3f5e:0   
@Mount       2bb0:0        227a:0         29c:0   
@OpenTim     3cc8:0         2a8:0   
@ParseNa     1fba:0        332e:0        3488:0        3502:0        36da:0   
                           3826:0        3996:0        1690:0         a06:0   
                           1002:0        109c:0         720:0         882:0   
@PostTim     3d62:0         2b2:0   
@RemoteP     2d18:0        3f26:0        342a:0        367e:0        37ca:0   
                           3936:0        3a76:0        2a40:0        2426:0   
                           1c92:0        1e00:0        1f3e:0        13e4:0   
                           1588:0        162c:0        17c2:0        18f2:0   
                            b10:0         dfc:0         f36:0        11b0:0   
                            618:0         7ca:0         928:0   
@request     415e:0        3a9e:0        3b7a:0        3bae:0        3be2:0   
                           3c16:0        3c4a:0        3c7e:0        3cb2:0   
@retpkt       5ec:0        3f52:0   
@stricmp     3f74:0        2902:0        2094:0        20c4:0        20d4:0   
                           2180:0   
@TermDev     2a58:0         53c:0   
@_main        1f8:0        3f6a:0   
_DOSBase      1bc:1       (2b2a:0)      (2bdc:0)      (2508:0)      (252a:0)  
                          (26f0:0)      (289e:0)      (2a74:0)        (4c:0)  
                           (126:0)       (1a0:0)       (1dc:0)  
_Intuiti      1c0:1       (41dc:0)      (41f0:0)      (421c:0)      (82dc:0)  
_LinkerD       (0:*)       3cce:0        3d38:0        3d68:0        3da6:0   
                           3a86:0        3b62:0        3b96:0        3bca:0   
                           3bfe:0        3c32:0        3c66:0        3c9a:0   
                           32e6:0        343e:0        3692:0        37de:0   
                           394a:0        2cee:0        2d22:0        2f1e:0   
                           2fe4:0        3084:0        31f8:0        3248:0   
                           32ae:0        2b22:0        2bba:0        24ee:0   
                           279c:0        28e6:0        2a62:0        2226:0   
                           2256:0        22a2:0        2312:0        2348:0   
                           243a:0        2498:0        24c2:0        219e:0   
                           21d0:0        21fc:0        194e:0        1a56:0   
                           1acc:0        1ca8:0        1d06:0        1e14:0   
                           1e88:0        1f7a:0        1fc4:0        2166:0   
                           1236:0        1310:0        1400:0        14d0:0   
                           15a4:0        1640:0        17d6:0        1870:0   
                           1906:0         9be:0         b2c:0         b8a:0   
                            bdc:0         c48:0         cf2:0         e10:0   
                            e64:0         f4a:0         fbe:0        11c2:0   
                           11dc:0         202:0         56e:0         5f6:0   
                            6f2:0         7de:0         854:0         93a:0   
                            94e:0         960:0         994:0           a:0   
_MemClea     3f5c:0         192:0   
_SysBase      1a0:1       (41e8:0)      (3d14:0)      (3d4a:0)      (3d90:0)  
                          (2b54:0)      (2b8a:0)      (2bfc:0)      (2c4c:0)  
network-handler         11-Mar-91 15:31:54  Xref Section                Page 3-3

symbol           value   offset:hunk   offset:hunk   offset:hunk   offset:hunk
                          (2ca8:0)      (2cc0:0)      (2642:0)      (2668:0)  
                          (27b8:0)      (2896:0)      (28be:0)      (2a6c:0)  
                          (2ace:0)       (21e:0)       (302:0)       (33c:0)  
                           (370:0)       (6d0:0)       (976:0)       (9a6:0)  
                          (82e2:0)  
__BSSBAS       (0:*)         14:0   
__BSSLEN       (0:*)         1c:0   
__main       3f64:0         176:0   
___fpini     3f70:0         172:0   
___fpter     3f72:0         196:0   
network-handler         11-Mar-91 15:31:54  File Section                Page 4-1

filename         punit    hunk     type       offset:hunk     size
lib:c.o          c        text     code            0:0         1f8
                          __MERGED bss           168:1          54
main.o           main.c   <noname> code          1f8:0         7bc
                          __MERGED data            0:1         140
                          __MERGED bss           1bc:1           4
dir.o            dir.c    <noname> code          9b4:0         878
                          __MERGED data          140:1          24
io.o             io.c     <noname> code         122c:0         718
lock.o           lock.c   <noname> code         1944:0         854
process.o        process. <noname> code         2198:0          88
volume.o         volume.c <noname> code         2220:0         2c4
device.o         device.c <noname> code         24e4:0         634
mount.o          mount.c  <noname> code         2b18:0         1cc
devio.o          devio.c  <noname> code         2ce4:0         5f8
file.o           file.c   <noname> code         32dc:0         7a4
unimp.o          unimp.c  <noname> code         3a80:0         248
                          __MERGED data          164:1           4
timer.o          timer.c  <noname> code         3cc8:0         294
network-handler       11-Mar-91 15:31:54  Library Section               Page 5-1

filename         punit    hunk     type       offset:hunk     size
lib:lcr.lib      amemclea text     code         3f5c:0           8
                 aumain   text     code         3f64:0           c
                 fpinit.c text     code         3f70:0           4
                 stricmp  text     code         3f74:0          34
                 intubase __MERGED bss           1c0:1           4
                 delextio text     code         3fa8:0          30
                 crtport. text     code         3fd8:0          8c
                 crtextio text     code         4064:0          44
lib:amiga.lib    /lib/net.lib     request. <noname> code         40a8:0         18c
