cdg.ld                  24-Feb-92 15:55:33  Hunk Section                Page 1-1

 num hunk         size filename         punit    type         base  alv
   0 cdg          19cc library.o        <noname> code            0    0
                       init.o           <noname> code          1d8    0
                       dispatch.o       <noname> code          724    0
                       interrupts.o     <noname> code          8fc    0
                       modes.o          <noname> code          b08    0
                       font.o           <noname> code          c54    0
                       font.o           <noname> code          ec4    0
                       setcolors.o      <noname> code          fb8    0
                       scroll.o         <noname> code         114c    0
                       scroll.o         <noname> code         13c0    0
                       midi.o           <noname> code         1744    0
                       debug.o          <noname> code         19cc    0
                       endmodule.o      <noname> code         19cc    0
                       lib:amiga.lib    exec_LVO code         19cc    0
                       lib:amiga.lib    graphics code         19cc    0
                       lib:amiga.lib    graphics code         19cc    0
   1 OFFSET          0 lib:amiga.lib    graphics data            0    0
                       lib:amiga.lib    <noname> data            0    0
                       lib:amiga.lib    <noname> data            0    0
cdg.ld                 24-Feb-92 15:55:33  Symbol Section               Page 2-1

symbol     offset:hunk symbol     offset:hunk symbol     offset:hunk
CDGAllNo     1744:0    CDGChann      b08:0    CDGClear      bea:0   
CDGDiskR      bcc:0    CDGDraw       724:0    CDGFastF      ba2:0   
CDGFreeM     18d4:0    CDGInitM     1856:0    CDGMidiP     17e4:0   
CDGMidiQ     1768:0    cdgname        1a:0    CDGNextT      b76:0   
CDGPackI      8fc:0    CDGPause      b26:0    CDGPlay       b4e:0   
CDGPrevT      b8c:0    CDGRewin      bb8:0    CDGStop       b3a:0   
CDGVertI      974:0    EndModul     19cc:0    SniffCop     10e6:0   
_adkcon    dff09e:*    _adkconr   dff010:*    _aud       dff0a0:*   
_bltadat   dff074:*    _bltafwm   dff044:*    _bltalwm   dff046:*   
_bltamod   dff064:*    _bltapt    dff050:*    _bltbdat   dff072:*   
_bltbmod   dff062:*    _bltbpt    dff04c:*    _bltcdat   dff070:*   
_bltcmod   dff060:*    _bltcon0   dff040:*    _bltcon1   dff042:*   
_bltcpt    dff048:*    _bltddat   dff000:*    _bltdmod   dff066:*   
_bltdpt    dff054:*    _bltsize   dff058:*    _bpl1mod   dff108:*   
_bpl2mod   dff10a:*    _bplcon0   dff100:*    _bplcon1   dff102:*   
_bplcon2   dff104:*    _bpldat    dff110:*    _bplpt     dff0e0:*   
_CDGFree      1d8:0    _CDGInit      1ea:0    _ciaa      bfe001:*   
_ciaacra   bfee01:*    _ciaacrb   bfef01:*    _ciaaddr   bfe201:*   
_ciaaddr   bfe301:*    _ciaaicr   bfed01:*    _ciaapra   bfe001:*   
_ciaaprb   bfe101:*    _ciaasdr   bfec01:*    _ciaatah   bfe501:*   
_ciaatal   bfe401:*    _ciaatbh   bfe701:*    _ciaatbl   bfe601:*   
_ciaatod   bfea01:*    _ciaatod   bfe801:*    _ciaatod   bfe901:*   
_ciab      bfd000:*    _ciabcra   bfde00:*    _ciabcrb   bfdf00:*   
_ciabddr   bfd200:*    _ciabddr   bfd300:*    _ciabicr   bfdd00:*   
_ciabpra   bfd000:*    _ciabprb   bfd100:*    _ciabsdr   bfdc00:*   
_ciabtah   bfd500:*    _ciabtal   bfd400:*    _ciabtbh   bfd700:*   
_ciabtbl   bfd600:*    _ciabtod   bfda00:*    _ciabtod   bfd800:*   
_ciabtod   bfd900:*    _clxcon    dff098:*    _clxdat    dff00e:*   
_color     dff180:*    _cop1lc    dff080:*    _cop2lc    dff084:*   
_copcon    dff02e:*    _copins    dff08c:*    _copjmp1   dff088:*   
_copjmp2   dff08a:*    _custom    dff000:*    _ddfstop   dff094:*   
_ddfstrt   dff092:*    _diwstop   dff090:*    _diwstrt   dff08e:*   
_dmacon    dff096:*    _dmaconr   dff002:*    _dskbytr   dff01a:*   
_dskdat    dff026:*    _dskdatr   dff008:*    _dsklen    dff024:*   
_dskpt     dff020:*    _intena    dff09a:*    _intenar   dff01c:*   
_intreq    dff09c:*    _intreqr   dff01e:*    _joy0dat   dff00a:*   
_joy1dat   dff00c:*    _joytest   dff036:*    _LinkerD       (0:*)  
_LVOAbor fffffe20:*    _LVOAddA ffffff64:*    _LVOAddB ffffffa0:*   
_LVOAddD fffffe50:*    _LVOAddD fffffd1e:*    _LVOAddD fffffd18:*   
_LVOAddF fffffe20:*    _LVOAddH ffffff10:*    _LVOAddI ffffff58:*   
_LVOAddL fffffe74:*    _LVOAddM fffffd96:*    _LVOAddP fffffe9e:*   
_LVOAddR fffffe1a:*    _LVOAddS fffffda8:*    _LVOAddT ffffff0a:*   
_LVOAddT fffffee6:*    _LVOAddV ffffff9a:*    _LVOAler ffffff94:*   
_LVOAllo ffffff34:*    _LVOAllo ffffff46:*    _LVOAllo ffffff22:*   
_LVOAllo ffffff3a:*    _LVOAllo fffffd3c:*    _LVOAllo fffffe14:*   
_LVOAllo fffffeb6:*    _LVOAllo fffffeaa:*    _LVOAllo fffffd54:*   
_LVOAndR fffffe08:*    _LVOAndR fffffd90:*    _LVOAnim ffffff5e:*   
_LVOArea fffffefe:*    _LVOArea ffffff46:*    _LVOArea fffffef8:*   
_LVOArea ffffff04:*    _LVOAskF fffffe26:*    _LVOAskS ffffffac:*   
_LVOAtte fffffd72:*    _LVOAtte fffffdc0:*    _LVOAtte fffffd30:*   
_LVOAvai ffffff28:*    _LVOBitM fffffd5a:*    _LVOBltB ffffffe2:*   
_LVOBltB fffffda2:*    _LVOBltC fffffed4:*    _LVOBltM fffffd84:*   
_LVOBltP fffffec8:*    _LVOBltT ffffffdc:*    _LVOCach fffffd7e:*   
cdg.ld                 24-Feb-92 15:55:33  Symbol Section               Page 2-2

symbol     offset:hunk symbol     offset:hunk symbol     offset:hunk
_LVOCach fffffd84:*    _LVOCach fffffd78:*    _LVOCach fffffd00:*   
_LVOCach fffffd06:*    _LVOCaus ffffff4c:*    _LVOCBum fffffe92:*   
_LVOChan fffffe5c:*    _LVOChec fffffe2c:*    _LVOChil fffffd1e:*   
_LVOChil fffffd18:*    _LVOChil fffffd12:*    _LVOChil fffffd0c:*   
_LVOClea ffffffd6:*    _LVOClea fffffdf6:*    _LVOClea fffffdf0:*   
_LVOClea ffffffd0:*    _LVOClip fffffdd8:*    _LVOClos fffffe3e:*   
_LVOClos ffffffb2:*    _LVOClos fffffe62:*    _LVOClos fffffd30:*   
_LVOCMov fffffe8c:*    _LVOCold fffffd2a:*    _LVOCopy fffffd90:*   
_LVOCopy fffffd8a:*    _LVOCopy fffffe3e:*    _LVOCrea fffffd72:*   
_LVOCrea fffffd66:*    _LVOCrea fffffd48:*    _LVOCWai fffffe86:*   
_LVODeal ffffff40:*    _LVODebu ffffff8e:*    _LVODele fffffd6c:*   
_LVODele fffffd60:*    _LVODele fffffd42:*    _LVODisa ffffff88:*   
_LVODiso fffffe32:*    _LVODisp ffffffc4:*    _LVODisp fffffdea:*   
_LVODoCo ffffff94:*    _LVODoIO fffffe38:*    _LVODraw ffffff0a:*   
_LVODraw ffffff4c:*    _LVODraw ffffff8e:*    _LVOEnab ffffff82:*   
_LVOEnqu fffffef2:*    _LVOEras fffffcd6:*    _LVOExce ffffffbe:*   
_LVOExec fffffcfa:*    _LVOExec fffffcf4:*    _LVOExec fffffcee:*   
_LVOExec fffffce8:*    _LVOExit ffffffdc:*    _LVOExte fffffcd0:*   
_LVOFind fffffd2a:*    _LVOFind fffffeec:*    _LVOFind fffffe7a:*   
_LVOFind ffffffa0:*    _LVOFind fffffdae:*    _LVOFind fffffeda:*   
_LVOFloo fffffeb6:*    _LVOFont fffffd06:*    _LVOForb ffffff7c:*   
_LVOFree fffffdc0:*    _LVOFree fffffdde:*    _LVOFree fffffdcc:*   
_LVOFree ffffff1c:*    _LVOFree fffffda8:*    _LVOFree ffffff2e:*   
_LVOFree fffffd36:*    _LVOFree fffffe0e:*    _LVOFree fffffeb0:*   
_LVOFree fffffe62:*    _LVOFree fffffea4:*    _LVOFree fffffd4e:*   
_LVOFree fffffde4:*    _LVOGetC fffffdf0:*    _LVOGetC fffffdc6:*   
_LVOGetD fffffd0c:*    _LVOGetG ffffff58:*    _LVOGetM fffffe8c:*   
_LVOGetR fffffdba:*    _LVOGetS fffffe68:*    _LVOGetV fffffce8:*   
_LVOGfxA fffffd60:*    _LVOGfxF fffffd66:*    _LVOGfxL fffffd42:*   
_LVOGfxN fffffd6c:*    _LVOInit fffffee6:*    _LVOInit fffffe7a:*   
_LVOInit ffffffb8:*    _LVOInit ffffff88:*    _LVOInit ffffff52:*   
_LVOInit ffffff82:*    _LVOInit ffffff3a:*    _LVOInit ffffff9a:*   
_LVOInit fffffdd2:*    _LVOInit ffffffb2:*    _LVOInit fffffe2c:*   
_LVOInit fffffe98:*    _LVOInit ffffff34:*    _LVOInse ffffff16:*   
_LVOLoad ffffff40:*    _LVOLoad ffffff22:*    _LVOLock fffffe50:*   
_LVOMake ffffffa6:*    _LVOMake ffffffac:*    _LVOMake ffffff28:*   
_LVOMode fffffce2:*    _LVOMove ffffff10:*    _LVOMove fffffe56:*   
_LVOMrgC ffffff2e:*    _LVONewR fffffdfc:*    _LVONext fffffd24:*   
_LVOObta fffffdcc:*    _LVOObta fffffdba:*    _LVOObta fffffd5a:*   
_LVOOldO fffffe68:*    _LVOOpen fffffe44:*    _LVOOpen ffffffb8:*   
_LVOOpen fffffdd8:*    _LVOOpen fffffd36:*    _LVOOpen fffffe0e:*   
_LVOOrRe fffffe02:*    _LVOOrRe fffffd9c:*    _LVOOwnB fffffe38:*   
_LVOPerm ffffff76:*    _LVOPoly fffffeb0:*    _LVOProc fffffde4:*   
_LVOPutM fffffe92:*    _LVOQBli fffffeec:*    _LVOQBSB fffffeda:*   
_LVORawD fffffdf6:*    _LVORawI fffffe08:*    _LVORawM fffffe02:*   
_LVORawP fffffdfc:*    _LVORead fffffec2:*    _LVORead fffffcf4:*   
_LVORead fffffd00:*    _LVORect fffffece:*    _LVORele fffffdc6:*   
_LVORele fffffdb4:*    _LVORemD fffffe4a:*    _LVORemF fffffe1a:*   
_LVORemH fffffefe:*    _LVORemI ffffff7c:*    _LVORemI ffffff52:*   
_LVORemL fffffe6e:*    _LVORemo ffffff04:*    _LVORemP fffffe98:*   
_LVORemR fffffe14:*    _LVORemS fffffda2:*    _LVORemT fffffef8:*   
_LVORemT fffffee0:*    _LVORemV ffffff76:*    _LVORepl fffffe86:*   
_LVOResc ffffffd0:*    _LVOScal fffffd54:*    _LVOSche ffffffd6:*   
cdg.ld                 24-Feb-92 15:55:33  Symbol Section               Page 2-3

symbol     offset:hunk symbol     offset:hunk symbol     offset:hunk
_LVOScro fffffe74:*    _LVOScro fffffdb4:*    _LVOSend fffffe32:*   
_LVOSetA fffffeaa:*    _LVOSetB fffffea4:*    _LVOSetC ffffff70:*   
_LVOSetD fffffd12:*    _LVOSetD fffffe9e:*    _LVOSetE fffffec8:*   
_LVOSetF ffffffbe:*    _LVOSetF fffffe5c:*    _LVOSetI ffffff5e:*   
_LVOSetR ffffff16:*    _LVOSetR fffffee0:*    _LVOSetR fffffd8a:*   
_LVOSetS fffffece:*    _LVOSetS ffffffa6:*    _LVOSetS ffffff70:*   
_LVOSetT fffffed4:*    _LVOSign fffffebc:*    _LVOSort ffffff6a:*   
_LVOStac fffffd24:*    _LVOStri fffffcca:*    _LVOSumK fffffd9c:*   
_LVOSumL fffffe56:*    _LVOSupe ffffff6a:*    _LVOSupe ffffffe2:*   
_LVOSwit ffffffca:*    _LVOSync fffffe44:*    _LVOText ffffffc4:*   
_LVOText fffffd4e:*    _LVOText fffffd48:*    _LVOText ffffffca:*   
_LVOType fffffdea:*    _LVOUCop fffffdae:*    _LVOUnlo fffffe4a:*   
_LVOUser ffffff64:*    _LVOVaca fffffdde:*    _LVOVBea fffffe80:*   
_LVOVide fffffd3c:*    _LVOWait fffffec2:*    _LVOWait ffffff1c:*   
_LVOWait fffffe6e:*    _LVOWait fffffe26:*    _LVOWait fffffe80:*   
_LVOWait fffffef2:*    _LVOWeig fffffcdc:*    _LVOWrit fffffebc:*   
_LVOWrit fffffcee:*    _LVOWrit fffffcfa:*    _LVOXorR fffffdd2:*   
_LVOXorR fffffd96:*    _pot0dat   dff012:*    _pot1dat   dff014:*   
_potgo     dff034:*    _potinp    dff016:*    _refptr    dff028:*   
_serdat    dff030:*    _serdatr   dff018:*    _serper    dff032:*   
_spr       dff140:*    _sprpt     dff120:*    _TVCLUTH     100a:0   
_TVCLUTL      fde:0    _TVEORFo      c54:0    _TVPrese      fb8:0   
_TVPrese     1036:0    _TVScrol     114c:0    _TVScrol     129a:0   
_TVWrite      c64:0    _vhposr    dff006:*    _vhposw    dff02c:*   
_vposr     dff004:*    _vposw     dff02a:*    __BSSBAS       (0:*)  
__BSSLEN       (0:*)  
cdg.ld                  24-Feb-92 15:55:33  Xref Section                Page 3-1

symbol           value   offset:hunk   offset:hunk   offset:hunk   offset:hunk
CDGAllNo     1744:0         bce:0         bba:0         ba4:0         b8e:0   
                            b78:0         b3c:0         b28:0   
CDGChann      b08:0          86:0   
CDGClear      bea:0          96:0   
CDGDiskR      bcc:0          98:0   
CDGDraw       724:0          84:0   
CDGFastF      ba2:0          92:0   
CDGFreeM     18d4:0         5dc:0   
CDGInitM     1856:0         51a:0   
CDGMidiP     17e4:0         840:0   
cdgname        1a:0        1866:0         50a:0         4fc:0         6c0:0   
CDGNextT      b76:0          8e:0   
CDGPackI      8fc:0         590:0   
CDGPause      b26:0          88:0   
CDGPlay       b4e:0          8c:0   
CDGPrevT      b8c:0          90:0   
CDGRewin      bb8:0          94:0   
CDGStop       b3a:0          8a:0   
CDGVertI      974:0         6c8:0   
EndModul     19cc:0           6:0   
SniffCop     10e6:0         4c8:0   
_CDGFree      1d8:0         122:0   
_CDGInit      1ea:0         106:0   
_ciab      bfd000:*        18e4:0        1888:0   
_custom    dff000:*        192e:0        182a:0        179a:0        12f0:0   
                           123e:0        119c:0         d98:0         afe:0   
                            aaa:0         a3e:0         83a:0         1d2:0   
                            19e:0   
_intena    dff09a:*        1976:0        1928:0        1914:0        18fc:0   
                           18ca:0        18bc:0        1890:0        1850:0   
                           1836:0        17c0:0        17a6:0         262:0   
_LVOAbor fffffe20:*         5c4:0   
_LVOAddI ffffff58:*         584:0   
_LVOAllo ffffff3a:*         356:0         1fe:0   
_LVOAllo fffffe14:*         2fe:0         2cc:0         292:0   
_LVOBltC fffffed4:*        10d0:0        10b8:0        10a0:0        1088:0   
                            c2c:0         332:0         2f2:0         2c0:0   
_LVOChan fffffe5c:*         18e:0         17e:0         168:0         158:0   
_LVOClos fffffe3e:*         6a0:0   
_LVOClos fffffe62:*         696:0   
_LVODiso fffffe32:*        1372:0        124c:0         eb8:0         268:0   
_LVOFind fffffeec:*         4da:0   
_LVOFree fffffdc0:*         63e:0   
_LVOFree fffffdcc:*         622:0   
_LVOFree ffffff2e:*         6b0:0         64e:0   
_LVOFree fffffe0e:*         68a:0         676:0         662:0   
_LVOFree fffffe62:*         612:0         608:0         5fe:0         5f4:0   
_LVOFree fffffde4:*         62e:0   
_LVOGetC fffffdc6:*         3ea:0   
_LVOGetS fffffe68:*         488:0         466:0         444:0         422:0   
_LVOInit fffffe7a:*         27a:0   
_LVOInit ffffffb2:*         216:0   
_LVOInit fffffe98:*         3b8:0   
cdg.ld                  24-Feb-92 15:55:33  Xref Section                Page 3-2

symbol           value   offset:hunk   offset:hunk   offset:hunk   offset:hunk
_LVOInit ffffff34:*         3c4:0   
_LVOLoad ffffff40:*         4c4:0   
_LVOLoad ffffff22:*         148:0   
_LVOMake ffffff28:*         400:0   
_LVOMrgC ffffff2e:*         408:0   
_LVOOpen fffffe44:*         236:0   
_LVOOpen fffffdd8:*         246:0   
_LVOOpen fffffe0e:*         4f0:0   
_LVOOwnB fffffe38:*        12e2:0        118e:0         d90:0         258:0   
_LVOPerm ffffff76:*         4e8:0   
_LVORemD fffffe4a:*         4e4:0   
_LVORemI ffffff52:*         5d2:0   
_LVOSend fffffe32:*         5a2:0   
_LVOSetI ffffff5e:*        1986:0        1880:0   
_LVOWait ffffff1c:*        136a:0        12e6:0        1244:0        1192:0   
                            eae:0         e92:0         e56:0         e1a:0   
                            d94:0         25c:0   
_LVOWait fffffef2:*        191e:0   
_TVCLUTH     100a:0         8dc:0   
_TVCLUTL      fde:0         8d8:0   
_TVEORFo      c54:0         8f8:0   
_TVPrese      fb8:0         868:0   
_TVPrese     1036:0         864:0   
_TVScrol     114c:0         8c0:0   
_TVScrol     129a:0         8b0:0   
_TVWrite      c64:0         878:0   
cdg.ld                  24-Feb-92 15:55:33  File Section                Page 4-1

filename         punit    hunk     type       offset:hunk     size
library.o        <noname> cdg      code            0:0         1d8
init.o           <noname> cdg      code          1d8:0         54c
dispatch.o       <noname> cdg      code          724:0         1d8
interrupts.o     <noname> cdg      code          8fc:0         20c
modes.o          <noname> <noname> code          b08:0         14c
font.o           <noname> cdg      code          c54:0         270
                          DATA     code          ec4:0          f4
setcolors.o      <noname> cdg      code          fb8:0         194
scroll.o         <noname> cdg      code         114c:0         274
                          DATA     code         13c0:0         384
midi.o           <noname> cdg      code         1744:0         288
debug.o          <noname> <noname> code         19cc:0           0
endmodule.o      <noname> cdg      code         19cc:0           0
cdg.ld                24-Feb-92 15:55:33  Library Section               Page 5-1

filename         punit    hunk     type       offset:hunk     size
lib:debug.lib    lib:amiga.lib    exec_LVO exec_LVO code         19cc:0           0
                                  graphics OFFSET   data            0:1           0
                                           graphics code         19cc:0           0
                                           graphics code         19cc:0           0
                                  <noname> <noname> data            0:1           0
                                  <noname> <noname> data            0:1           0
