ClipView.ld             30-Jun-92 12:08:24  Hunk Section                Page 1-1

 num hunk         size filename         punit    type         base  alv
   0 <noname>     3238 ClipView.o       clipview code            0    0
                       windowclass.o    windowcl code          edc    0
                       windowmclass.o   windowmc code         1e24    0
                       filerequester.o  filerequ code         23c8    0
                       snapshot.o       snapshot code         2488    0
                       printer.o        printer. code         27a8    0
                       save.o           save.c   code         293c    0
                       strings.o        strings. code         2a68    0
                       stubs.o          stubs.c  code         2de4    0
                       sprintf.o        <noname> code         300c    0
                       LIB:lcr.lib      stccpy.c code         3034    0
                       LIB:lcr.lib      cxm33    code         3070    0
                       LIB:lcr.lib      cxd33    code         3090    0
                       LIB:amiga.lib    exec_LVO code         3154    0
                       LIB:amiga.lib    exec_LVO code         3154    0
                       LIB:amiga.lib    <noname> code         3154    0
                       LIB:amiga.lib    <noname> code         3154    0
                       LIB:amiga.lib    <noname> code         3168    0
   1 chip           88 ClipView.o       clipview datachip        0    0
   2 <noname>      1dc windowclass.o    windowcl data            0    0
   3 <noname>       cc strings.o        strings. data            0    0
   4 <noname>        4 ClipView.o       clipview data            0    0
                       LIB:amiga.lib    exec_LVO data            4    0
                       LIB:amiga.lib    <noname> data            4    0
ClipView.ld            30-Jun-92 12:08:24  Symbol Section               Page 2-1

symbol             offset:hunk symbol             offset:hunk
@AboutObject          8d6:0    @cmd_start              0:0   
@CreatePrtReq        27a8:0    @DeletePrtReq        27f4:0   
@FileRequest         23c8:0    @frameobject          df8:0   
@freeWindowClass     1194:0    @freeWindowMClas     1e98:0   
@GetString           2a68:0    @getWindowClassA     1d9a:0   
@getWindowMClass     22ea:0    @HandleEvents         96a:0   
@InitializeSyste      652:0    @initWindowClass     111e:0   
@initWindowMClas     1e60:0    @initWindowObjec     1596:0   
@LoadSnapShot        2488:0    @localizemenus        edc:0   
@NoObjectLoaded      10d4:0    @PrintComplete       28fa:0   
@PrintObject         281e:0    @ProcessCommand       814:0   
@SaveObject          293c:0    @SaveSnapShot        26d4:0   
@SetBlockPointer      dd2:0    @SetMenuItemStat     106e:0   
@setWindowClassA     1c00:0    @setWindowMClass     214c:0   
@ShutdownSystem       78c:0    @stccpy              3034:0   
@syncMenuItems       1ad4:0    _AbsExecBase            4:*   
_AppStrings             0:3    _aslrequesttags      2e18:0   
_bootrom           f80000:*    _cartridge         f00000:*   
_CoerceMethod        3196:0    _CoerceMethodA       31ac:0   
_createmenus         2f8e:0    _CXD22               30c2:0   
_CXD33               3090:0    _CXM22               3070:0   
_CXM33               3070:0    _dispatchWindowC     11de:0   
_dispatchWindowM     1eb4:0    _DoMethod            3168:0   
_DoMethodA           31d0:0    _DoSuperMethod       317c:0   
_DoSuperMethodA      31e4:0    _downm_map            13c:2   
_easyrequest         2de4:0    _getdtattrs          2ecc:0   
_hg_map               1bc:2    _hm_map               17c:2   
_layoutmenus         2fb4:0    _leftm_map            10c:2   
_LinkerDB              (0:*)   _LVOAbortIO      fffffe20:*   
_LVOAddDevice    fffffe50:*    _LVOAddHead      ffffff10:*   
_LVOAddIntServer ffffff58:*    _LVOAddLibrary   fffffe74:*   
_LVOAddMemHandle fffffcfa:*    _LVOAddMemList   fffffd96:*   
_LVOAddPort      fffffe9e:*    _LVOAddResource  fffffe1a:*   
_LVOAddSemaphore fffffda8:*    _LVOAddTail      ffffff0a:*   
_LVOAddTask      fffffee6:*    _LVOAlert        ffffff94:*   
_LVOAllocAbs     ffffff34:*    _LVOAllocate     ffffff46:*   
_LVOAllocEntry   ffffff22:*    _LVOAllocMem     ffffff3a:*   
_LVOAllocPooled  fffffd3c:*    _LVOAllocSignal  fffffeb6:*   
_LVOAllocTrap    fffffeaa:*    _LVOAllocVec     fffffd54:*   
_LVOAttemptSemap fffffdc0:*    _LVOAttemptSemap fffffd30:*   
_LVOAvailMem     ffffff28:*    _LVOCacheClearE  fffffd7e:*   
_LVOCacheClearU  fffffd84:*    _LVOCacheControl fffffd78:*   
_LVOCachePostDMA fffffd00:*    _LVOCachePreDMA  fffffd06:*   
_LVOCause        ffffff4c:*    _LVOCheckIO      fffffe2c:*   
_LVOChildFree    fffffd1e:*    _LVOChildOrphan  fffffd18:*   
_LVOChildStatus  fffffd12:*    _LVOChildWait    fffffd0c:*   
_LVOCloseDevice  fffffe3e:*    _LVOCloseLibrary fffffe62:*   
_LVOColdReboot   fffffd2a:*    _LVOCopyMem      fffffd90:*   
_LVOCopyMemQuick fffffd8a:*    _LVOCreateIORequ fffffd72:*   
_LVOCreateMsgPor fffffd66:*    _LVOCreatePool   fffffd48:*   
_LVODeallocate   ffffff40:*    _LVODebug        ffffff8e:*   
_LVODeleteIORequ fffffd6c:*    _LVODeleteMsgPor fffffd60:*   
_LVODeletePool   fffffd42:*    _LVODisable      ffffff88:*   
ClipView.ld            30-Jun-92 12:08:24  Symbol Section               Page 2-2

symbol             offset:hunk symbol             offset:hunk
_LVODispatch     ffffffc4:*    _LVODoIO         fffffe38:*   
_LVOEnable       ffffff82:*    _LVOEnqueue      fffffef2:*   
_LVOException    ffffffbe:*    _LVOExecReserved fffffcee:*   
_LVOExecReserved fffffce8:*    _LVOExecReserved fffffce2:*   
_LVOExecReserved fffffcdc:*    _LVOExitIntr     ffffffdc:*   
_LVOFindName     fffffeec:*    _LVOFindPort     fffffe7a:*   
_LVOFindResident ffffffa0:*    _LVOFindSemaphor fffffdae:*   
_LVOFindTask     fffffeda:*    _LVOForbid       ffffff7c:*   
_LVOFreeEntry    ffffff1c:*    _LVOFreeMem      ffffff2e:*   
_LVOFreePooled   fffffd36:*    _LVOFreeSignal   fffffeb0:*   
_LVOFreeTrap     fffffea4:*    _LVOFreeVec      fffffd4e:*   
_LVOGetCC        fffffdf0:*    _LVOGetMsg       fffffe8c:*   
_LVOInitCode     ffffffb8:*    _LVOInitResident ffffff9a:*   
_LVOInitSemaphor fffffdd2:*    _LVOInitStruct   ffffffb2:*   
_LVOInsert       ffffff16:*    _LVOMakeFunction ffffffa6:*   
_LVOMakeLibrary  ffffffac:*    _LVOObtainSemaph fffffdcc:*   
_LVOObtainSemaph fffffdba:*    _LVOObtainSemaph fffffd5a:*   
_LVOOldOpenLibra fffffe68:*    _LVOOpenDevice   fffffe44:*   
_LVOOpenLibrary  fffffdd8:*    _LVOOpenResource fffffe0e:*   
_LVOPermit       ffffff76:*    _LVOProcure      fffffde4:*   
_LVOPutMsg       fffffe92:*    _LVORawDoFmt     fffffdf6:*   
_LVORawIOInit    fffffe08:*    _LVORawMayGetCha fffffe02:*   
_LVORawPutChar   fffffdfc:*    _LVOReleaseSemap fffffdc6:*   
_LVOReleaseSemap fffffdb4:*    _LVORemDevice    fffffe4a:*   
_LVORemHead      fffffefe:*    _LVORemIntServer ffffff52:*   
_LVORemLibrary   fffffe6e:*    _LVORemMemHandle fffffcf4:*   
_LVORemove       ffffff04:*    _LVORemPort      fffffe98:*   
_LVORemResource  fffffe14:*    _LVORemSemaphore fffffda2:*   
_LVORemTail      fffffef8:*    _LVORemTask      fffffee0:*   
_LVOReplyMsg     fffffe86:*    _LVOReschedule   ffffffd0:*   
_LVOSchedule     ffffffd6:*    _LVOSendIO       fffffe32:*   
_LVOSetExcept    fffffec8:*    _LVOSetFunction  fffffe5c:*   
_LVOSetIntVector ffffff5e:*    _LVOSetSignal    fffffece:*   
_LVOSetSR        ffffff70:*    _LVOSetTaskPri   fffffed4:*   
_LVOSignal       fffffebc:*    _LVOStackSwap    fffffd24:*   
_LVOSumKickData  fffffd9c:*    _LVOSumLibrary   fffffe56:*   
_LVOSuperState   ffffff6a:*    _LVOSupervisor   ffffffe2:*   
_LVOSwitch       ffffffca:*    _LVOTaggedOpenLi fffffcd6:*   
_LVOTypeOfMem    fffffdea:*    _LVOUserState    ffffff64:*   
_LVOVacate       fffffdde:*    _LVOWait         fffffec2:*   
_LVOWaitIO       fffffe26:*    _LVOWaitPort     fffffe80:*   
_model_map            14c:2    _newdtobject         2f68:0   
_NewList             3154:0    _newmenu               88:2   
_newobject           2ef6:0    _notifyAttrChang     1e24:0   
_null                  c8:3    _openscreentags      2f24:0   
_openwindowtags      2f46:0    _PrintF              2c34:0   
_rightm_map           12c:2    _romend            ffffff:*   
_romstart          fc0000:*    _setattrs            2ea6:0   
_setdtattrs          2e72:0    _setgadgetattrs      2e3e:0   
_SetSuperAttrs       31fe:0    _setwindowpointe     2fe4:0   
_sprintf             300c:0    _upm_map              11c:2   
_version                0:4    _vg_map               19c:2   
_vm_map               15c:2    __BSSBAS               (0:*)  
ClipView.ld            30-Jun-92 12:08:24  Symbol Section               Page 2-3

symbol             offset:hunk symbol             offset:hunk
__BSSLEN               (0:*)   __CXD22              30c2:0   
__CXD33              3090:0    __CXM22              3070:0   
__CXM33              3070:0   
ClipView.ld             30-Jun-92 12:08:24  Xref Section                Page 3-1

symbol                   value   offset:hunk   offset:hunk   offset:hunk
@FileRequest         23c8:0        298e:0   
@freeWindowClass     1194:0         7c2:0   
@freeWindowMClas     1e98:0        117e:0        11c6:0   
@GetString           2a68:0        296a:0        297a:0        283c:0   
                                   284c:0        285c:0         f58:0   
                                    f9e:0         2f6:0         90c:0   
                                    924:0   
@initWindowClass     111e:0         734:0   
@initWindowMClas     1e60:0        1140:0   
@LoadSnapShot        2488:0         25e:0   
@PrintComplete       28fa:0         3d6:0         c9c:0   
@PrintObject         281e:0         86e:0   
@SaveObject          293c:0         860:0   
@SaveSnapShot        26d4:0         400:0   
@stccpy              3034:0        2462:0   
_AbsExecBase            4:*        3022:0   
_aslrequesttags      2e18:0        243c:0   
_CoerceMethod        3196:0        1294:0   
_DoMethod            3168:0        1e48:0        12c0:0        130a:0   
                                   13f6:0        140c:0        141c:0   
                                   148e:0        14b6:0        1538:0   
                                   17b2:0        1876:0        18b6:0   
                                   197e:0        19c0:0        1c7e:0   
                                   1ce6:0         3b2:0         3ec:0   
                                    a40:0   
_DoMethodA           31d0:0        29da:0        1544:0        1c94:0   
                                   1de0:0   
_DoSuperMethod       317c:0        1f92:0   
_DoSuperMethodA      31e4:0        1f0a:0        2008:0        213a:0   
                                   23b4:0        1250:0        1584:0   
                                   1e10:0   
_easyrequest         2de4:0         95e:0   
_getdtattrs          2ecc:0        295e:0         8f6:0   
_layoutmenus         2fb4:0        1004:0   
_LVORawDoFmt     fffffdf6:*        3028:0   
_newdtobject         2f68:0         1e0:0   
_NewList             3154:0        15d0:0   
_newobject           2ef6:0        12ec:0        1658:0        16b0:0   
                                   178c:0        185c:0        189a:0   
                                   1964:0        19a2:0         36c:0   
_openwindowtags      2f46:0        1a72:0   
_PrintF              2c34:0        2a3e:0          64:0         4be:0   
                                    4dc:0         c74:0         cba:0   
_setattrs            2ea6:0        2d3e:0         d58:0         d94:0   
_setdtattrs          2e72:0        1386:0   
_setwindowpointe     2fe4:0         cfc:0         d1c:0   
_sprintf             300c:0        2d26:0        29f8:0   
__CXD33              3090:0        2508:0        2524:0        2542:0   
                                   2560:0   
__CXM22              3070:0        1bba:0   
ClipView.ld             30-Jun-92 12:08:24  File Section                Page 4-1

filename         punit    hunk     type       offset:hunk     size
ClipView.o       clipview <noname> code            0:0         edc
                          chip     datachip        0:1          88
                          <noname> data            0:4           4
windowclass.o    windowcl <noname> code          edc:0         f48
                          <noname> data            0:2         1dc
windowmclass.o   windowmc <noname> code         1e24:0         5a4
filerequester.o  filerequ <noname> code         23c8:0          c0
snapshot.o       snapshot <noname> code         2488:0         320
printer.o        printer. <noname> code         27a8:0         194
save.o           save.c   <noname> code         293c:0         12c
strings.o        strings. <noname> code         2a68:0         37c
                          <noname> data            0:3          cc
stubs.o          stubs.c  <noname> code         2de4:0         228
sprintf.o        <noname> <noname> code         300c:0          28
ClipView.ld           30-Jun-92 12:08:24  Library Section               Page 5-1

filename         punit    hunk     type       offset:hunk     size
LIB:lcr.lib      stccpy.c text     code         3034:0          3c
                 cxm33    text     code         3070:0          20
                 cxd33    text     code         3090:0          c4
LIB:amiga.lib    exec_LVO OFFSET   data            4:4           0
                          exec_LVO code         3154:0           0
                          exec_LVO code         3154:0           0
                 <noname> <noname> code         3154:0           0
                          _NewList code         3154:0          14
                 <noname> <noname> code         3168:0          d0
                 <noname> <noname> data            4:4           0
