LINK : warning L4021: no stack segment

 Start  Stop   Length Name                   Class
 00000H 02AE2H 02AE3H CSEG                   CODE
 02AF0H 02F0EH 0041FH $$TYPES                DEBTYP
 02F10H 031A3H 00294H $$TYPES                DEBTYP
 031B0H 037E9H 0063AH $$TYPES                DEBTYP
 037F0H 03E29H 0063AH $$TYPES                DEBTYP
 03E30H 0424EH 0041FH $$TYPES                DEBTYP
 04250H 0446CH 0021DH $$TYPES                DEBTYP
 04470H 0447BH 0000CH $$TYPES                DEBTYP
 04480H 0448BH 0000CH $$TYPES                DEBTYP
 04490H 0478FH 00300H $$TYPES                DEBTYP
 04790H 049C6H 00237H $$TYPES                DEBTYP
 049D0H 04C71H 002A2H $$TYPES                DEBTYP
 04C80H 04D85H 00106H $$TYPES                DEBTYP
 04D90H 04D9BH 0000CH $$TYPES                DEBTYP
 04DA0H 04E31H 00092H $$TYPES                DEBTYP
 04E40H 051CAH 0038BH $$TYPES                DEBTYP
 051D0H 05449H 0027AH $$TYPES                DEBTYP
 05450H 05506H 000B7H $$SYMBOLS              DEBSYM
 05510H 05648H 00139H $$SYMBOLS              DEBSYM
 05650H 05808H 001B9H $$SYMBOLS              DEBSYM
 05810H 05E6EH 0065FH $$SYMBOLS              DEBSYM
 05E70H 05EA0H 00031H $$SYMBOLS              DEBSYM
 05EB0H 05F7DH 000CEH $$SYMBOLS              DEBSYM
 05F80H 05F80H 00000H $$SYMBOLS              DEBSYM
 05F80H 05F80H 00000H $$SYMBOLS              DEBSYM
 05F80H 06023H 000A4H $$SYMBOLS              DEBSYM
 06030H 06175H 00146H $$SYMBOLS              DEBSYM
 06180H 0618CH 0000DH $$SYMBOLS              DEBSYM
 06190H 061FDH 0006EH $$SYMBOLS              DEBSYM
 06200H 0621FH 00020H $$SYMBOLS              DEBSYM
 06220H 06247H 00028H $$SYMBOLS              DEBSYM
 06250H 06587H 00338H $$SYMBOLS              DEBSYM
 06590H 06590H 00000H $$SYMBOLS              DEBSYM

  Address         Publics by Name

 0000:29F8       AB_BILLMSG0
 0000:2A0A       AB_BILLMSG1
 0000:2A14       AB_BILLMSG2
 0000:2A1C       AB_BILLMSG3
 0000:2A25       AB_BILLMSG4
 0000:2A2D       AB_BILLMSG5
 0000:29D2       AB_BILL_INT13
 0000:2A4F       AB_COPENFAILMSG
 0000:29D6       AB_CYL
 0000:29F2       AB_CYLS
 0000:29EA       AB_DATAOFF
 0000:29E8       AB_DATASEG
 0000:29F4       AB_FILE
 0000:2AB4       AB_FILENAME
 0000:29EC       AB_FILEOPEN
 0000:2AA2       AB_FTEXITMSG
 0000:29D8       AB_HEAD
 0000:29E6       AB_JBUFFOFF
 0000:29E4       AB_JBUFFSEG
 0000:29E2       AB_JPARMOFF
 0000:29E0       AB_JPARMSEG
 0000:29EE       AB_NUMHEADS
 0000:2ACF       AB_OKFLAG
 0000:2A88       AB_OPENFAILMSG
 0000:2A37       AB_READPARMS
 0000:29DA       AB_SEC
 0000:29DC       AB_SECS
 0000:29DE       AB_SECSDONE
 0000:29F6       AB_TFILE
 0000:29F0       AB_TRACKSECS
 0000:219C       ACTIVEFLAG
 0000:05A2       ADDSERVICE
 0000:0365       ALLOCMEM
 0000:2817       ALLOCPARAM
 0000:2997       AMIGAADDMSG
 0000:297A       AMIGACALLMSG
 0000:29B3       AMIGADELETEMSG
 0000:2447       AM_HD
 0000:24D5       BASEMSG
 0000:1270       BILL13
 0000:17FD       BILL19
 0000:2178       BIOS_INT10
 0000:217C       BIOS_INT13
 0000:2180       BIOS_INT16
 0000:2184       BIOS_INT1C
 0000:223E       BOOTBLOCK
 0000:2560       BUFFERMSG
 0000:053E       CALLAMIGA
 0000:2891       CALLAMIGASERVICE
 0000:08D4       CALLSERVICE
 0000:2174       CHAIN_VEC
 0000:0DD0       CHANGE_INT
 0000:28C3       CHANNELMSG
 0000:0553       CHECKAMIGA
 0000:2443       CURDRIVE
 0000:2444       CURTABLE
 0000:2AE2       DATAEND
 0000:2160       DATATAG
 0000:09C9       DELETESERVICE
 0000:2782       DISKMSG1
 0000:0221       DOSINT
 0000:2583       DOSMSGA
 0000:2597       DOSMSGN
 0000:2188       DOS_INT28
 0000:0DAE       DUMMY
 0000:21A0       DUMMYFLAG
 0000:1860       DUMMY_NULL
 0000:2667       ESDI_MES
 0000:264E       EXEINTMES
 0000:2910       EXITSDMSG
 0000:219D       FAKEDOSFLAG
 0000:2631       FOUNDINTMES
 0000:043B       FREEMEM
 0000:0343       GETBASE
 0000:0743       GETSERVICE
 0000:0340       GETSERVICE1
 0000:28A9       GOTSERVICEINT
 0000:28D1       HANDLERMSG
 0000:21B2       HANDLERPTR
 0000:0DF0       HDPART
 0000:23FC       HDPART1
 0000:240C       HDPART2
 0000:241C       HDPART3
 0000:242C       HDPART4
 0000:25AA       HWMSGP
 0000:25C1       HWMSGPC
 0000:25D2       HWMSGR
 0000:2578       IDLEMSG
 0000:282C       INITPOINTERS
 0000:0570       INITSERVICEPTR
 0000:284C       INITWAITPOINTERS
 0000:249B       INMSG
 0000:10C0       INT86
 0000:21AC       INTCOUNT
 0000:269B       INTCTRLMES
 0000:2530       INTSMSG
 0000:260F       INTTBLMES
 0000:2198       INT_ENABLE
 0000:2194       INT_REQ
 0000:01C0       JANINT
 0000:0DBD       JANINTDIS
 0000:0DB0       JANINTEN
 0000:0CB2       JANUSINTHANDLER
 0000:218C       JANUS_BASE_SEG
 0000:2190       JANUS_BUFFER_SEG
 0000:0F72       JANUS_DISK_IO
 0000:0F30       JANUS_DSK_ABS
 0000:218E       JANUS_PARAM_SEG
 0000:2192       JANUS_PART_BASE
 0000:2756       LOADERRMSG
 0000:24B9       LOADMSG
 0000:0B6D       LOCKSERVICEDATA
 0000:27F3       MAKESERVICE
 0000:0876       MAKESERVICEDATA
 0000:2440       MAX_CYL
 0000:243E       MAX_DRIVE
 0000:243F       MAX_HEAD
 0000:2442       MAX_SEC
 0000:27B4       MEMCHUNK
 0000:1140       MEMRW
 0000:1205       NEWLINE
 0000:28E5       NEXTSLOTMSG
 0000:24ED       NOBASEMSG
 0000:2712       NODRIVEMSG
 0000:26BD       NOHANMES
 0000:26EA       NOINTMES
 0000:2729       NOPARTMSG
 0000:2511       NOSERVICEBASEMSG
 0000:11FE       OUTCHR
 0000:11E7       OUTHXB
 0000:11E0       OUTHXW
 0000:1220       OUTINT
 0000:123C       OUTUNS
 0000:2548       PARASMSG
 0000:21AE       PARMPTR
 0000:2446       PARTCOUNT
 0000:243C       PARTMARKER
 0000:21D6       PCINT_DONE
 0000:1212       PSTRNG
 0000:25E9       REGMSG
 0000:0960       RELEASESERVICE
 0000:2942       REMOVEMSG
 0000:219E       SCROLLFLAG
 0000:0BA0       SCROLL_INT
 0000:0D8E       SENDJANUSINT
 0000:287E       SERVICEADDED
 0000:2863       SERVICEAVAILABLE
 0000:2966       SERVICEDELETED
 0000:0ABB       SERVICEDISPATCH
 0000:27CD       SERVICESEARCH
 0000:21B6       SERVSTATTAB
 0000:050D       SETPARAM
 0000:0538       SETSERVICE
 0000:21DA       SPACE
 0000:21A2       SSTACK
 0000:053B       STOPSERVICE
 0000:0DAF       TESTINT
 0000:267A       TESTINTMES
 0000:21AA       TICKS
 0000:2930       UCOUNTMSG
 0000:0B86       UNLOCKSERVICEDATA
 0000:0C39       UPDATEINT
 0000:2797       UPDATEMSG
 0000:21A6       USTACK
 0000:0553       WAITAMIGA
 0000:219F       WAITFLAG
 0000:27A9       WAITSTATUS

  Address         Publics by Value

 0000:01C0       JANINT
 0000:0221       DOSINT
 0000:0340       GETSERVICE1
 0000:0343       GETBASE
 0000:0365       ALLOCMEM
 0000:043B       FREEMEM
 0000:050D       SETPARAM
 0000:0538       SETSERVICE
 0000:053B       STOPSERVICE
 0000:053E       CALLAMIGA
 0000:0553       CHECKAMIGA
 0000:0553       WAITAMIGA
 0000:0570       INITSERVICEPTR
 0000:05A2       ADDSERVICE
 0000:0743       GETSERVICE
 0000:0876       MAKESERVICEDATA
 0000:08D4       CALLSERVICE
 0000:0960       RELEASESERVICE
 0000:09C9       DELETESERVICE
 0000:0ABB       SERVICEDISPATCH
 0000:0B6D       LOCKSERVICEDATA
 0000:0B86       UNLOCKSERVICEDATA
 0000:0BA0       SCROLL_INT
 0000:0C39       UPDATEINT
 0000:0CB2       JANUSINTHANDLER
 0000:0D8E       SENDJANUSINT
 0000:0DAE       DUMMY
 0000:0DAF       TESTINT
 0000:0DB0       JANINTEN
 0000:0DBD       JANINTDIS
 0000:0DD0       CHANGE_INT
 0000:0DF0       HDPART
 0000:0F30       JANUS_DSK_ABS
 0000:0F72       JANUS_DISK_IO
 0000:10C0       INT86
 0000:1140       MEMRW
 0000:11E0       OUTHXW
 0000:11E7       OUTHXB
 0000:11FE       OUTCHR
 0000:1205       NEWLINE
 0000:1212       PSTRNG
 0000:1220       OUTINT
 0000:123C       OUTUNS
 0000:1270       BILL13
 0000:17FD       BILL19
 0000:1860       DUMMY_NULL
 0000:2160       DATATAG
 0000:2174       CHAIN_VEC
 0000:2178       BIOS_INT10
 0000:217C       BIOS_INT13
 0000:2180       BIOS_INT16
 0000:2184       BIOS_INT1C
 0000:2188       DOS_INT28
 0000:218C       JANUS_BASE_SEG
 0000:218E       JANUS_PARAM_SEG
 0000:2190       JANUS_BUFFER_SEG
 0000:2192       JANUS_PART_BASE
 0000:2194       INT_REQ
 0000:2198       INT_ENABLE
 0000:219C       ACTIVEFLAG
 0000:219D       FAKEDOSFLAG
 0000:219E       SCROLLFLAG
 0000:219F       WAITFLAG
 0000:21A0       DUMMYFLAG
 0000:21A2       SSTACK
 0000:21A6       USTACK
 0000:21AA       TICKS
 0000:21AC       INTCOUNT
 0000:21AE       PARMPTR
 0000:21B2       HANDLERPTR
 0000:21B6       SERVSTATTAB
 0000:21D6       PCINT_DONE
 0000:21DA       SPACE
 0000:223E       BOOTBLOCK
 0000:23FC       HDPART1
 0000:240C       HDPART2
 0000:241C       HDPART3
 0000:242C       HDPART4
 0000:243C       PARTMARKER
 0000:243E       MAX_DRIVE
 0000:243F       MAX_HEAD
 0000:2440       MAX_CYL
 0000:2442       MAX_SEC
 0000:2443       CURDRIVE
 0000:2444       CURTABLE
 0000:2446       PARTCOUNT
 0000:2447       AM_HD
 0000:249B       INMSG
 0000:24B9       LOADMSG
 0000:24D5       BASEMSG
 0000:24ED       NOBASEMSG
 0000:2511       NOSERVICEBASEMSG
 0000:2530       INTSMSG
 0000:2548       PARASMSG
 0000:2560       BUFFERMSG
 0000:2578       IDLEMSG
 0000:2583       DOSMSGA
 0000:2597       DOSMSGN
 0000:25AA       HWMSGP
 0000:25C1       HWMSGPC
 0000:25D2       HWMSGR
 0000:25E9       REGMSG
 0000:260F       INTTBLMES
 0000:2631       FOUNDINTMES
 0000:264E       EXEINTMES
 0000:2667       ESDI_MES
 0000:267A       TESTINTMES
 0000:269B       INTCTRLMES
 0000:26BD       NOHANMES
 0000:26EA       NOINTMES
 0000:2712       NODRIVEMSG
 0000:2729       NOPARTMSG
 0000:2756       LOADERRMSG
 0000:2782       DISKMSG1
 0000:2797       UPDATEMSG
 0000:27A9       WAITSTATUS
 0000:27B4       MEMCHUNK
 0000:27CD       SERVICESEARCH
 0000:27F3       MAKESERVICE
 0000:2817       ALLOCPARAM
 0000:282C       INITPOINTERS
 0000:284C       INITWAITPOINTERS
 0000:2863       SERVICEAVAILABLE
 0000:287E       SERVICEADDED
 0000:2891       CALLAMIGASERVICE
 0000:28A9       GOTSERVICEINT
 0000:28C3       CHANNELMSG
 0000:28D1       HANDLERMSG
 0000:28E5       NEXTSLOTMSG
 0000:2910       EXITSDMSG
 0000:2930       UCOUNTMSG
 0000:2942       REMOVEMSG
 0000:2966       SERVICEDELETED
 0000:297A       AMIGACALLMSG
 0000:2997       AMIGAADDMSG
 0000:29B3       AMIGADELETEMSG
 0000:29D2       AB_BILL_INT13
 0000:29D6       AB_CYL
 0000:29D8       AB_HEAD
 0000:29DA       AB_SEC
 0000:29DC       AB_SECS
 0000:29DE       AB_SECSDONE
 0000:29E0       AB_JPARMSEG
 0000:29E2       AB_JPARMOFF
 0000:29E4       AB_JBUFFSEG
 0000:29E6       AB_JBUFFOFF
 0000:29E8       AB_DATASEG
 0000:29EA       AB_DATAOFF
 0000:29EC       AB_FILEOPEN
 0000:29EE       AB_NUMHEADS
 0000:29F0       AB_TRACKSECS
 0000:29F2       AB_CYLS
 0000:29F4       AB_FILE
 0000:29F6       AB_TFILE
 0000:29F8       AB_BILLMSG0
 0000:2A0A       AB_BILLMSG1
 0000:2A14       AB_BILLMSG2
 0000:2A1C       AB_BILLMSG3
 0000:2A25       AB_BILLMSG4
 0000:2A2D       AB_BILLMSG5
 0000:2A37       AB_READPARMS
 0000:2A4F       AB_COPENFAILMSG
 0000:2A88       AB_OPENFAILMSG
 0000:2AA2       AB_FTEXITMSG
 0000:2AB4       AB_FILENAME
 0000:2ACF       AB_OKFLAG
 0000:2AE2       DATAEND

Program entry point at 0000:0000
