ram.ld                  09-Aug-92 20:48:30  Hunk Section                Page 1-1

 num hunk         size filename         punit    type         base  alv
   0 text         2424 obj/ram_c.o      <noname> code            0    0
                       obj/start.o      start.c  code           a8    0
                       obj/record.o     record.c code          750    0
                       obj/checkname.o  checknam code          a3c    0
                       obj/comment.o    comment. code          a8c    0
                       obj/create.o     create.c code          b6c    0
                       obj/delete.o     delete.c code          d00    0
                       obj/diskinfo.o   diskinfo code          eb4    0
                       obj/exall.o      exall.c  code          f14    0
                       obj/file.o       file.c   code         12b0    0
                       obj/finddir.o    finddir. code         13e4    0
                       obj/findentry.o  <noname> code         1488    0
                       obj/locate.o     locate.c code         1508    0
                       obj/lock.o       lock.c   code         15b4    0
                       obj/mygetvec.o   mygetvec code         178c    0
                       obj/parent.o     parent.c code         1804    0
                       obj/rename.o     rename.c code         1848    0
                       obj/renamedisk.o renamedi code         19fc    0
                       obj/seek.o       seek.c   code         1ac4    0
                       obj/transfer.o   transfer code         1cc0    0
                       obj/global.o     global.c code         1dfc    0
                       obj/support.o    <noname> code         1dfc    0
                       obj/closefile.o  closefil code         1efc    0
                       obj/notify.o     notify.c code         1fb0    0
                       obj/makelink.o   makelink code         230c    0
                       obj/end.o        <noname> code         23c8    0
                       lib:lcr.lib      stpchr.c code         23c8    0
                       lib:amiga.lib    exec_LVO code         2424    0
                       lib:amiga.lib    exec_LVO code         2424    0
                       lib:amiga.lib    utility_ code         2424    0
   1 <noname>        8 obj/exall.o      exall.c  data            0    0
                       lib:amiga.lib    exec_LVO data            8    0
                       obj/global.o     global.c bss             8    0
ram.ld                 09-Aug-92 20:48:30  Symbol Section               Page 2-1

symbol     offset:hunk symbol     offset:hunk symbol     offset:hunk
@AddFree     2284:0    @addnoti     1fb0:0    @BtoC        1dfc:0   
@change_     172a:0    @checklo     15b4:0    @checkna      a3c:0   
@closefi     1efc:0    @comment      a8c:0    @create       b6c:0   
@CtoBcpy     1e12:0    @delete       d00:0    @diskinf      eb4:0   
@div32       1e42:0    @do_matc       56:0    @do_noti     20e4:0   
@exall        fc2:0    @exists      20a0:0    @exnext       f14:0   
@fill_da     10c2:0    @finddir     13e4:0    @findent     1488:0   
@FindMsg     220c:0    @findnod     1560:0    @find_lo     1704:0   
@find_no     218e:0    @find_rl      796:0    @freelis     1e58:0   
@freeloc     16a4:0    @freevec     1e7c:0    @getlock     161e:0   
@getvec      17de:0    @growblo     1dc2:0    @kill_rw      9ce:0   
@locate      1508:0    @locaten     1536:0    @lockrec      750:0   
@makelin     230c:0    @mult32      1e34:0    @mygetve     178c:0   
@NewList     1e8c:0    @notify      20b4:0    @notifyn     20ca:0   
@openfro     13b2:0    @openmak     12b0:0    @parentf     1804:0   
@read        1e98:0    @readlin     23b0:0    @rem32       1e50:0   
@remnoti     202e:0    @remove_      e58:0    @rem_not     2246:0   
@rename      1848:0    @renamed     19fc:0    @rlock_w      82c:0   
@seek        1ac4:0    @setinfo     1214:0    @start         a8:0   
@stpchr      23c8:0    @strchr      23ea:0    @stricmp     1e26:0   
@strrchr     23fe:0    @swapblo     1f4e:0    @tail        22d4:0   
@unlockr      8d2:0    @wakeup       93a:0    @write       1cc0:0   
_current       1c:1    _DOSBase        c:1    _end         23c8:0   
_fileerr       28:1    _FreeMes       48:1    _LinkerD       (0:*)  
_lock_li       14:1    _LVOAbor fffffe20:*    _LVOAddD fffffe50:*   
_LVOAddH ffffff10:*    _LVOAddI ffffff58:*    _LVOAddL fffffe74:*   
_LVOAddM fffffcfa:*    _LVOAddM fffffd96:*    _LVOAddN ffffff22:*   
_LVOAddP fffffe9e:*    _LVOAddR fffffe1a:*    _LVOAddS fffffda8:*   
_LVOAddT ffffff0a:*    _LVOAddT fffffee6:*    _LVOAler ffffff94:*   
_LVOAllo ffffff34:*    _LVOAllo ffffff46:*    _LVOAllo ffffffbe:*   
_LVOAllo ffffff22:*    _LVOAllo ffffff3a:*    _LVOAllo ffffff1c:*   
_LVOAllo fffffd3c:*    _LVOAllo fffffeb6:*    _LVOAllo fffffeaa:*   
_LVOAllo fffffd54:*    _LVOAmig ffffff88:*    _LVOAppl ffffff46:*   
_LVOAtte ffffff16:*    _LVOAtte fffffdc0:*    _LVOAtte fffffd30:*   
_LVOAvai ffffff28:*    _LVOCach fffffd7e:*    _LVOCach fffffd84:*   
_LVOCach fffffd78:*    _LVOCach fffffd00:*    _LVOCach fffffd06:*   
_LVOCall ffffff9a:*    _LVOCaus ffffff4c:*    _LVOChec ffffff7c:*   
_LVOChec fffffe2c:*    _LVOChil fffffd1e:*    _LVOChil fffffd18:*   
_LVOChil fffffd12:*    _LVOChil fffffd0c:*    _LVOClon ffffffb8:*   
_LVOClos fffffe3e:*    _LVOClos fffffe62:*    _LVOCold fffffd2a:*   
_LVOCopy fffffd90:*    _LVOCopy fffffd8a:*    _LVOCrea fffffd72:*   
_LVOCrea fffffd66:*    _LVOCrea fffffd48:*    _LVODate ffffff82:*   
_LVODeal ffffff40:*    _LVODebu ffffff8e:*    _LVODele fffffd6c:*   
_LVODele fffffd60:*    _LVODele fffffd42:*    _LVODisa ffffff88:*   
_LVODisp ffffffc4:*    _LVODoIO fffffe38:*    _LVOEnab ffffff82:*   
_LVOEnqu fffffef2:*    _LVOExce ffffffbe:*    _LVOExec fffffcee:*   
_LVOExec fffffce8:*    _LVOExec fffffce2:*    _LVOExec fffffcdc:*   
_LVOExit ffffffdc:*    _LVOFilt ffffffca:*    _LVOFilt ffffffa0:*   
_LVOFind fffffeec:*    _LVOFind ffffff10:*    _LVOFind fffffe7a:*   
_LVOFind ffffffa0:*    _LVOFind fffffdae:*    _LVOFind ffffffe2:*   
_LVOFind fffffeda:*    _LVOForb ffffff7c:*    _LVOFree ffffff1c:*   
_LVOFree ffffff2e:*    _LVOFree ffffff0a:*    _LVOFree fffffd36:*   
_LVOFree fffffeb0:*    _LVOFree ffffffb2:*    _LVOFree fffffea4:*   
ram.ld                 09-Aug-92 20:48:30  Symbol Section               Page 2-2

symbol     offset:hunk symbol     offset:hunk symbol     offset:hunk
_LVOFree fffffd4e:*    _LVOGetC fffffdf0:*    _LVOGetM fffffe8c:*   
_LVOGetT ffffffdc:*    _LVOGetU fffffef2:*    _LVOInit ffffffb8:*   
_LVOInit ffffff9a:*    _LVOInit fffffdd2:*    _LVOInit ffffffb2:*   
_LVOInse ffffff16:*    _LVOMake ffffffa6:*    _LVOMake ffffffac:*   
_LVOMapT ffffffc4:*    _LVOName ffffff04:*    _LVONext ffffffd0:*   
_LVOObta fffffdcc:*    _LVOObta fffffdba:*    _LVOObta fffffd5a:*   
_LVOOldO fffffe68:*    _LVOOpen fffffe44:*    _LVOOpen fffffdd8:*   
_LVOOpen fffffe0e:*    _LVOPack ffffffd6:*    _LVOPack ffffff2e:*   
_LVOPerm ffffff76:*    _LVOProc fffffde4:*    _LVOPutM fffffe92:*   
_LVORawD fffffdf6:*    _LVORawI fffffe08:*    _LVORawM fffffe02:*   
_LVORawP fffffdfc:*    _LVORefr ffffffac:*    _LVORele fffffefe:*   
_LVORele fffffdc6:*    _LVORele fffffdb4:*    _LVORemD fffffe4a:*   
_LVORemH fffffefe:*    _LVORemI ffffff52:*    _LVORemL fffffe6e:*   
_LVORemM fffffcf4:*    _LVORemN fffffef8:*    _LVORemo ffffff04:*   
_LVORemP fffffe98:*    _LVORemR fffffe14:*    _LVORemS fffffda2:*   
_LVORemT fffffef8:*    _LVORemT fffffee0:*    _LVORepl fffffe86:*   
_LVOResc ffffffd0:*    _LVOSche ffffffd6:*    _LVOSDiv ffffff6a:*   
_LVOSend fffffe32:*    _LVOSetE fffffec8:*    _LVOSetF fffffe5c:*   
_LVOSetI ffffff5e:*    _LVOSetS fffffece:*    _LVOSetS ffffff70:*   
_LVOSetT fffffed4:*    _LVOSign fffffebc:*    _LVOSMul ffffff76:*   
_LVOSMul ffffff3a:*    _LVOStac fffffd24:*    _LVOStri ffffff5e:*   
_LVOStrn ffffff58:*    _LVOSumK fffffd9c:*    _LVOSumL fffffe56:*   
_LVOSupe ffffff6a:*    _LVOSupe ffffffe2:*    _LVOSwit ffffffca:*   
_LVOTagg fffffcd6:*    _LVOTagI ffffffa6:*    _LVOToLo ffffff4c:*   
_LVOToUp ffffff52:*    _LVOType fffffdea:*    _LVOUDiv ffffff64:*   
_LVOUMul ffffff70:*    _LVOUMul ffffff34:*    _LVOUnpa ffffff28:*   
_LVOUser ffffff64:*    _LVOVaca fffffdde:*    _LVOWait fffffec2:*   
_LVOWait fffffe26:*    _LVOWait fffffe80:*    _MyPort        30:1   
_MyReply       34:1    _orphane       3c:1    _path_po       20:1   
_root          18:1    _spaceus       24:1    _SysBase        8:1   
_timerpo       38:1    _Utility       10:1    _volumen       2c:1   
__BSSBAS       (0:*)   __BSSLEN       (0:*)  
ram.ld                  09-Aug-92 20:48:30  Xref Section                Page 3-1

symbol           value   offset:hunk   offset:hunk   offset:hunk   offset:hunk
@AddFree     2284:0         25e:0   
@addnoti     1fb0:0         5ce:0   
@BtoC        1dfc:0         442:0         498:0         4ea:0         504:0   
                            538:0         584:0         600:0         626:0   
@change_     172a:0         66c:0         69a:0   
@checklo     15b4:0        232c:0        1858:0        18a0:0        1810:0   
                           1544:0         f2e:0         b86:0         524:0   
                            54e:0         562:0         598:0   
@checkna      a3c:0        1968:0         bb4:0   
@closefi     1efc:0         4b6:0   
@comment      a8c:0         58c:0   
@create       b6c:0        2364:0        12ec:0        1336:0         60e:0   
@CtoBcpy     1e12:0        1250:0        12a4:0   
@delete       d00:0         c12:0         cf2:0         542:0   
@diskinf      eb4:0         5ae:0   
@div32       1e42:0         8a6:0   
@do_matc       56:0        1082:0   
@exnext       f14:0         3f0:0         3fe:0         40c:0   
@finddir     13e4:0        21d0:0        1870:0        18ba:0        157e:0   
                            ba0:0   
@findent     1488:0        188a:0        18ec:0        159e:0        1474:0   
                            bc8:0   
@findnod     1560:0        20ae:0         d16:0   
@find_no     218e:0        19e8:0         dd2:0         dea:0         cce:0   
@freelis     1e58:0        1c72:0         e0c:0   
@freeloc     16a4:0        23a4:0        1f46:0        1984:0        19ee:0   
                           1362:0         e4c:0         45c:0   
@freevec     1e7c:0        1fa2:0        1aa6:0        16fa:0        13a6:0   
                            e3e:0         e44:0         c40:0         b10:0   
                            72e:0   
@getlock     161e:0        1954:0        1838:0        1526:0         d5c:0   
                            cd6:0   
@getvec      17de:0        1656:0         c34:0         b18:0   
@kill_rw      9ce:0         280:0   
@locate      1508:0        12fe:0         450:0   
@locaten     1536:0        2348:0         ae8:0   
@lockrec      750:0         6b0:0   
@makelin     230c:0         638:0   
@mult32      1e34:0         894:0   
@mygetve     178c:0        1f62:0        1d26:0        12d4:0        131e:0   
@NewList     1e8c:0         c7a:0         c82:0         c8a:0         110:0   
                            12c:0         138:0         144:0         150:0   
                            158:0         160:0   
@notify      20b4:0        16e6:0   
@notifyn     20ca:0         cba:0         b60:0   
@openfro     13b2:0         652:0   
@openmak     12b0:0         4a8:0   
@parentf     1804:0         46c:0   
@read        1e98:0         3e2:0   
@readlin     23b0:0         4d0:0   
@rem32       1e50:0         88a:0   
@remnoti     202e:0         5dc:0   
@remove_      e58:0        19b4:0   
ram.ld                  09-Aug-92 20:48:30  Xref Section                Page 3-2

symbol           value   offset:hunk   offset:hunk   offset:hunk   offset:hunk
@rem_not     2246:0        19de:0         d6e:0   
@rename      1848:0         516:0   
@renamed     19fc:0         5c0:0   
@seek        1ac4:0         428:0   
@start         a8:0          42:0   
@strchr      23ea:0        13f6:0   
@stricmp     1e26:0        21b0:0        18dc:0        14ca:0   
@swapblo     1f4e:0        1de6:0   
@unlockr      8d2:0         6c8:0   
@write       1cc0:0        1ba0:0        1bde:0         3ce:0   
_current       1c:1       (1ff0:0)      (2002:0)      (1894:0)      (15a6:0)  
                          (14fe:0)      (1412:0)      (144c:0)      (147c:0)  
                           (bd4:0)       (bee:0)       (bfc:0)  
_DOSBase        c:1       (1f3c:0)      (1a8a:0)      (1996:0)      (1426:0)  
                          (1068:0)       (e26:0)       (c9c:0)       (85a:0)  
                           (9ac:0)       (a1e:0)        (be:0)       (190:0)  
                           (1b4:0)       (1f6:0)       (208:0)       (6e4:0)  
                           (738:0)  
_end         23c8:0          72:0   
_fileerr       28:1       (233a:0)      (2354:0)      (23c0:0)      (1b0a:0)  
                          (1a16:0)      (1a44:0)      (18f8:0)      (1912:0)  
                          (193a:0)      (197e:0)      (17b6:0)      (17d4:0)  
                          (17fa:0)      (15f4:0)      (164c:0)      (16d2:0)  
                          (176e:0)      (14ac:0)      (1458:0)      (1312:0)  
                          (136a:0)      (13cc:0)       (ff6:0)      (100e:0)  
                          (10b6:0)      (122a:0)       (d38:0)       (d4e:0)  
                           (be4:0)       (c1e:0)       (ad0:0)       (b00:0)  
                           (a4a:0)       (a82:0)       (782:0)       (930:0)  
                           (2a8:0)       (5a4:0)       (5ea:0)       (6a6:0)  
                           (6d8:0)       (6e0:0)  
_FreeMes       48:1       (2214:0)      (222c:0)      (22c0:0)       (15c:0)  
_LinkerD       (0:*)        (26:0)  
_lock_li       14:1       (1f7c:0)      (1c30:0)      (15d0:0)      (1602:0)  
                          (160a:0)      (1628:0)      (1664:0)      (169a:0)  
                          (16b4:0)      (1752:0)       (17e:0)  
_LVOAllo ffffff3a:*          32:0   
_LVOCopy fffffd90:*        1ee2:0   
_LVOFree fffffd4e:*        1e86:0        1e6e:0   
_LVOGetM fffffe8c:*           e:0   
_LVOPutM fffffe92:*          50:0   
_LVOSDiv ffffff6a:*        1e4a:0   
_LVOSMul ffffff76:*        1e3c:0   
_LVOStri ffffff5e:*        1e2e:0   
_MyPort        30:1       (1670:0)        (dc:0)       (1a0:0)       (1d8:0)  
                           (234:0)       (6ec:0)  
_MyReply       34:1       (2146:0)       (100:0)       (212:0)       (262:0)  
                           (704:0)  
_orphane       3c:1       (201a:0)      (2054:0)      (219c:0)      (2262:0)  
                           (154:0)  
_path_po       20:1       (143c:0)  
_root          18:1       (20a8:0)      (21c4:0)      (1a60:0)      (1a76:0)  
                          (1a80:0)      (15ca:0)       (af6:0)        (ee:0)  
                           (130:0)       (13c:0)       (148:0)       (164:0)  
ram.ld                  09-Aug-92 20:48:30  Xref Section                Page 3-3

symbol           value   offset:hunk   offset:hunk   offset:hunk   offset:hunk
                           (16e:0)       (1ec:0)       (724:0)       (72a:0)  
_spaceus       24:1       (1d3e:0)      (1c76:0)      (1388:0)       (ee2:0)  
                           (eea:0)       (e10:0)       (e14:0)       (c4a:0)  
                           (184:0)  
_SysBase        8:1       (1fbe:0)      (1ffa:0)      (2020:0)      (207e:0)  
                          (212c:0)      (2174:0)      (21de:0)      (2222:0)  
                          (2236:0)      (225a:0)      (22c6:0)      (1f74:0)  
                          (1e9e:0)      (1e80:0)      (1e5e:0)      (1d62:0)  
                          (1b84:0)      (1bb4:0)      (1bee:0)      (1a32:0)  
                          (1a92:0)      (1ab6:0)      (17a2:0)      (17c2:0)  
                          (17ea:0)       (7f0:0)       (81e:0)       (842:0)  
                           (8b2:0)       (902:0)       (98e:0)       (9b8:0)  
                           (9e4:0)       (a2c:0)        (ce:0)        (e6:0)  
                            (f8:0)       (114:0)       (24a:0)       (266:0)  
                           (288:0)       (6f0:0)       (70c:0)       (71c:0)  
                            (3c:0)  
_timerpo       38:1        (874:0)       (11c:0)       (224:0)       (284:0)  
                           (714:0)  
_Utility       10:1       (1e46:0)      (1e38:0)      (1e2a:0)        (c8:0)  
_volumen       2c:1       (1a9a:0)      (1aae:0)      (1676:0)       (f00:0)  
                           (1fe:0)       (574:0)  
__BSSBAS       (0:*)        (2a:0)  
__BSSLEN       (0:*)         1e:0   
ram.ld                  09-Aug-92 20:48:30  File Section                Page 4-1

filename         punit    hunk     type       offset:hunk     size
obj/ram_c.o      <noname> text     code            0:0          a8
obj/start.o      start.c  <noname> code           a8:0         6a8
obj/record.o     record.c <noname> code          750:0         2ec
obj/checkname.o  checknam <noname> code          a3c:0          50
obj/comment.o    comment. <noname> code          a8c:0          e0
obj/create.o     create.c <noname> code          b6c:0         194
obj/delete.o     delete.c <noname> code          d00:0         1b4
obj/diskinfo.o   diskinfo <noname> code          eb4:0          60
obj/exall.o      exall.c  <noname> code          f14:0         39c
                          <noname> data            0:1           8
obj/file.o       file.c   <noname> code         12b0:0         134
obj/finddir.o    finddir. <noname> code         13e4:0          a4
obj/findentry.o  <noname> text     code         1488:0          80
obj/locate.o     locate.c <noname> code         1508:0          ac
obj/lock.o       lock.c   <noname> code         15b4:0         1d8
obj/mygetvec.o   mygetvec <noname> code         178c:0          78
obj/parent.o     parent.c <noname> code         1804:0          44
obj/rename.o     rename.c <noname> code         1848:0         1b4
obj/renamedisk.o renamedi <noname> code         19fc:0          c8
obj/seek.o       seek.c   <noname> code         1ac4:0         1fc
obj/transfer.o   transfer <noname> code         1cc0:0         13c
obj/global.o     global.c <noname> code         1dfc:0           0
                          __MERGED bss             8:1          4c
obj/support.o    <noname> text     code         1dfc:0         100
obj/closefile.o  closefil <noname> code         1efc:0          b4
obj/notify.o     notify.c <noname> code         1fb0:0         35c
obj/makelink.o   makelink <noname> code         230c:0          bc
obj/end.o        <noname> text     code         23c8:0           0
ram.ld                09-Aug-92 20:48:30  Library Section               Page 5-1

filename         punit    hunk     type       offset:hunk     size
lib:lcr.lib      stpchr.c text     code         23c8:0          5c
lib:lcnb.lib     lib:amiga.lib    exec_LVO OFFSET   data            8:1           0
                                           exec_LVO code         2424:0           0
                                           exec_LVO code         2424:0           0
                                  utility_ utility_ code         2424:0           0
