socket.ld               26-Mar-93 15:29:00  Hunk Section                Page 1-1

 num hunk         size filename         punit    type         base  alv     size
   0 text         5ec8 libent.o         <noname> code            0    0       44
                       libinit.o        libinit. code           44    0      454
                       lib_custom.o     lib_cust code          498    0      1e0
                       socket.o         socket.c code          678    0      3e0
                       error.o          error.c  code          a58    0      858
                       config.o         config.c code         12b0    0      91c
                       gethost.o        gethost. code         1bcc    0      2ac
                       gethostnamadr.o  gethostn code         1e78    0      540
                       res_comp.o       res_comp code         23b8    0      554
                       res_send.o       res_send code         290c    0      450
                       res_init.o       res_init code         2d5c    0      350
                       res_query.o      res_quer code         30ac    0      498
                       res_mkquery.o    res_mkqu code         3544    0      278
                       inet_addr.o      inet_add code         37bc    0      4c8
                       functions.o      function code         3c84    0      5c8
                       ioctl.o          ioctl.c  code         424c    0       8c
                       sethostent.o     sethoste code         42d8    0       34
                       send.o           send.c   code         430c    0      1c0
                       recv.o           recv.c   code         44cc    0      1d8
                       select.o         select.c code         46a4    0      41c
                       getnet.o         getnet.c code         4ac0    0      27c
                       getproto.o       getproto code         4d3c    0      26c
                       getserv.o        getserv. code         4fa8    0      2cc
                       password.o       password code         5274    0      200
                       rcmd.o           rcmd.c   code         5474    0      3a0
                       syslog.o         syslog.c code         5814    0      1c0
                       T:DXPQ4.0000     __Libfun code         59d4    0      144
                       LIB:amiga.lib    <noname> code         5b18    0       28
                       LIB:amiga.lib    <noname> code         5b40    0       14
                       LIB:lc.lib       strncpy  code         5b54    0       24
                       LIB:lc.lib       strncmp. code         5b78    0       50
                       LIB:lc.lib       strlen   code         5bc8    0       14
                       LIB:lc.lib       stpchr.c code         5bdc    0       68
                       LIB:lc.lib       stpbrk.c code         5c44    0       58
                       LIB:lc.lib       stpblk.c code         5c9c    1       20
                       LIB:lc.lib       stco_i   code         5cc4    0       48
                       LIB:lc.lib       stcd_i   code         5d0c    0       4c
                       LIB:lc.lib       stccpy.c code         5d58    0       40
                       LIB:lc.lib       islower. code         5d98    0       1c
                       LIB:lc.lib       cxm33    code         5db4    0       20
                       LIB:lc.lib       cxd33    code         5dd4    0       c4
                       LIB:lc.lib       atoi.c   code         5e98    0       30
   1 __MERGED      464 libent.o         <noname> data            0    0        4
                       libinit.o        libinit. data            4    0       10
                       lib_custom.o     lib_cust data           14    0       14
                       socket.o         socket.c data           28    0       40
                       error.o          error.c  data           68    0      14c
                       gethost.o        gethost. data          1b4    0       18
                       gethostnamadr.o  gethostn data          1cc    0        8
                       res_send.o       res_send data          1d4    0        4
                       res_init.o       res_init data          1d8    0      160
                       inet_addr.o      inet_add data          338    0        8
                       getnet.o         getnet.c data          340    0        8
socket.ld               26-Mar-93 15:29:00  Hunk Section                Page 1-2

 num hunk         size filename         punit    type         base  alv     size
                       getproto.o       getproto data          348    0        8
                       getserv.o        getserv. data          350    0        8
                       password.o       password data          358    0        8
                       LIB:lc.lib       ctype.c  data          360    0      104
                       socket.o         socket.c bss           464    0        4
                       gethost.o        gethost. bss           468    0       bc
                       gethostnamadr.o  gethostn bss           524    0      364
                       res_send.o       res_send bss           888    0       10
                       res_query.o      res_quer bss           898    0      104
                       inet_addr.o      inet_add bss           99c    0       14
                       getnet.o         getnet.c bss           9b0    0       a4
                       getproto.o       getproto bss           a54    0       a0
                       getserv.o        getserv. bss           af4    0       a4
                       password.o       password bss           b98    0       9c
                       LIB:lc.lib       error.c  bss           c34    0        4
socket.ld              26-Mar-93 15:29:00  Symbol Section               Page 2-1

symbol             offset:hunk symbol             offset:hunk
_AbsExecBase            4:*    _accept              3c84:0   
_atoi                5e98:0    _bind                3d90:0   
_bootrom           f80000:*    _cartridge         f00000:*   
_cleanup_sockets      726:0    _connect             3e1c:0   
_CustomLibClose       628:0    _CustomLibOpen        498:0   
_CXD22               5e06:0    _CXD33               5dd4:0   
_CXM22               5db4:0    _CXM33               5db4:0   
_debugfh               64:1    _dn_comp             2530:0   
_dn_expand           23b8:0    _DOSBase               18:1   
_endhostent          42f4:0    _endnetent           4b2e:0   
_endprotoent         4daa:0    _endpwent            5448:0   
_endservent          51f0:0    _errno                c34:1   
_getdomainname       1468:0    _getgid              139e:0   
_getgroups           13c6:0    _gethostbyaddr       22be:0   
_gethostbyname       21a8:0    _gethostent          1c5a:0   
_gethostname         1b5e:0    _getlogin            1418:0   
_getlong             2878:0    _getnetbyaddr        4c92:0   
_getnetbyname        4cd0:0    _getnetent           4b58:0   
_getpeername         40fe:0    _getprotobyname      4f0a:0   
_getprotobynumbe     4f74:0    _getprotoent         4dd4:0   
_getpwent            5308:0    _getpwnam            52b8:0   
_getpwuid            5274:0    _getservbyname       5110:0   
_getservbyport       521a:0    _getservent          4fa8:0   
_getsockname         419c:0    _getsockopt          4048:0   
_getuid              12b0:0    _getumask            14c6:0   
_get_tz              1440:0    _h_errno              998:1   
_InetBase              1c:1    _inet_addr           37bc:0   
_inet_lnaof          3a34:0    _inet_makeaddr       39a6:0   
_inet_netof          3a78:0    _inet_network        3ac4:0   
_inet_ntoa           3c32:0    _init_config         151c:0   
_islower             5d98:0    _LinkerDB              (0:*)  
_listen              3ea8:0    _LVOAbortIO      fffffe20:*   
_LVOAddDevice    fffffe50:*    _LVOAddHead      ffffff10:*   
_LVOAddIntServer ffffff58:*    _LVOAddLibrary   fffffe74:*   
_LVOAddMemHandle fffffcfa:*    _LVOAddMemList   fffffd96:*   
_LVOAddPort      fffffe9e:*    _LVOAddResource  fffffe1a:*   
_LVOAddSemaphore fffffda8:*    _LVOAddTail      ffffff0a:*   
_LVOAddTask      fffffee6:*    _LVOAlert        ffffff94:*   
_LVOAllocAbs     ffffff34:*    _LVOAllocate     ffffff46:*   
_LVOAllocEntry   ffffff22:*    _LVOAllocMem     ffffff3a:*   
_LVOAllocPooled  fffffd3c:*    _LVOAllocSignal  fffffeb6:*   
_LVOAllocTrap    fffffeaa:*    _LVOAllocVec     fffffd54:*   
_LVOAttemptSemap fffffdc0:*    _LVOAttemptSemap fffffd30:*   
_LVOAvailMem     ffffff28:*    _LVOCacheClearE  fffffd7e:*   
_LVOCacheClearU  fffffd84:*    _LVOCacheControl fffffd78:*   
_LVOCachePostDMA fffffd00:*    _LVOCachePreDMA  fffffd06:*   
_LVOCause        ffffff4c:*    _LVOCheckIO      fffffe2c:*   
_LVOChildFree    fffffd1e:*    _LVOChildOrphan  fffffd18:*   
_LVOChildStatus  fffffd12:*    _LVOChildWait    fffffd0c:*   
_LVOCloseDevice  fffffe3e:*    _LVOCloseLibrary fffffe62:*   
_LVOColdReboot   fffffd2a:*    _LVOCopyMem      fffffd90:*   
_LVOCopyMemQuick fffffd8a:*    _LVOCreateIORequ fffffd72:*   
_LVOCreateMsgPor fffffd66:*    _LVOCreatePool   fffffd48:*   
socket.ld              26-Mar-93 15:29:00  Symbol Section               Page 2-2

symbol             offset:hunk symbol             offset:hunk
_LVODeallocate   ffffff40:*    _LVODebug        ffffff8e:*   
_LVODeleteIORequ fffffd6c:*    _LVODeleteMsgPor fffffd60:*   
_LVODeletePool   fffffd42:*    _LVODisable      ffffff88:*   
_LVODispatch     ffffffc4:*    _LVODoIO         fffffe38:*   
_LVOEnable       ffffff82:*    _LVOEnqueue      fffffef2:*   
_LVOException    ffffffbe:*    _LVOExecReserved fffffcee:*   
_LVOExecReserved fffffce8:*    _LVOExecReserved fffffce2:*   
_LVOExecReserved fffffcdc:*    _LVOExitIntr     ffffffdc:*   
_LVOFindName     fffffeec:*    _LVOFindPort     fffffe7a:*   
_LVOFindResident ffffffa0:*    _LVOFindSemaphor fffffdae:*   
_LVOFindTask     fffffeda:*    _LVOForbid       ffffff7c:*   
_LVOFreeEntry    ffffff1c:*    _LVOFreeMem      ffffff2e:*   
_LVOFreePooled   fffffd36:*    _LVOFreeSignal   fffffeb0:*   
_LVOFreeTrap     fffffea4:*    _LVOFreeVec      fffffd4e:*   
_LVOGetCC        fffffdf0:*    _LVOGetMsg       fffffe8c:*   
_LVOInitCode     ffffffb8:*    _LVOInitResident ffffff9a:*   
_LVOInitSemaphor fffffdd2:*    _LVOInitStruct   ffffffb2:*   
_LVOInsert       ffffff16:*    _LVOMakeFunction ffffffa6:*   
_LVOMakeLibrary  ffffffac:*    _LVOObtainSemaph fffffdcc:*   
_LVOObtainSemaph fffffdba:*    _LVOObtainSemaph fffffd5a:*   
_LVOOldOpenLibra fffffe68:*    _LVOOpenDevice   fffffe44:*   
_LVOOpenLibrary  fffffdd8:*    _LVOOpenResource fffffe0e:*   
_LVOPermit       ffffff76:*    _LVOProcure      fffffde4:*   
_LVOPutMsg       fffffe92:*    _LVORawDoFmt     fffffdf6:*   
_LVORawIOInit    fffffe08:*    _LVORawMayGetCha fffffe02:*   
_LVORawPutChar   fffffdfc:*    _LVOReleaseSemap fffffdc6:*   
_LVOReleaseSemap fffffdb4:*    _LVORemDevice    fffffe4a:*   
_LVORemHead      fffffefe:*    _LVORemIntServer ffffff52:*   
_LVORemLibrary   fffffe6e:*    _LVORemMemHandle fffffcf4:*   
_LVORemove       ffffff04:*    _LVORemPort      fffffe98:*   
_LVORemResource  fffffe14:*    _LVORemSemaphore fffffda2:*   
_LVORemTail      fffffef8:*    _LVORemTask      fffffee0:*   
_LVOReplyMsg     fffffe86:*    _LVOReschedule   ffffffd0:*   
_LVOSchedule     ffffffd6:*    _LVOSendIO       fffffe32:*   
_LVOSetExcept    fffffec8:*    _LVOSetFunction  fffffe5c:*   
_LVOSetIntVector ffffff5e:*    _LVOSetSignal    fffffece:*   
_LVOSetSR        ffffff70:*    _LVOSetTaskPri   fffffed4:*   
_LVOSignal       fffffebc:*    _LVOStackSwap    fffffd24:*   
_LVOSumKickData  fffffd9c:*    _LVOSumLibrary   fffffe56:*   
_LVOSuperState   ffffff6a:*    _LVOSupervisor   ffffffe2:*   
_LVOSwitch       ffffffca:*    _LVOTypeOfMem    fffffdea:*   
_LVOUserState    ffffff64:*    _LVOVacate       fffffdde:*   
_LVOWait         fffffec2:*    _LVOWaitIO       fffffe26:*   
_LVOWaitPort     fffffe80:*    _MAXSOCKS              36:1   
_netf                 340:1    _net_stayopen         344:1   
_NEWDATAL              (0:*)   _NewList             5b40:0   
_NUMJMPS               (0:*)   _passf                358:1   
_pass_stayopen        35c:1    _protof               348:1   
_proto_stayopen       34c:1    _rcmd                5474:0   
_reconfig            1ad2:0    _recv                44cc:0   
_recvfrom            455e:0    _recvmsg             4616:0   
_RESBASE               (0:*)   _reserved              30:1   
_RESLEN                (0:*)   _res_init            2d5c:0   
socket.ld              26-Mar-93 15:29:00  Symbol Section               Page 2-3

symbol             offset:hunk symbol             offset:hunk
_res_mkquery         3544:0    _res_query           30ac:0   
_res_querydomain     330c:0    _res_search          31be:0   
_res_send            290c:0    _romend            ffffff:*   
_romstart          fc0000:*    _rresvport           5796:0   
_rsize                464:1    _scantok             53c2:0   
_select              46a4:0    _selectwait          46f2:0   
_Select_timerbit       3a:1    _send                430c:0   
_sendmsg             443e:0    _sendto              439e:0   
_servfp               350:1    _serv_stayopen        354:1   
_sethostent          42d8:0    _setnetent           4ac0:0   
_setprotoent         4d3c:0    _setpwent            53f4:0   
_setservent          519c:0    _setsockopt          3fb0:0   
_setup_sockets        678:0    _shutdown            3f2e:0   
_SockBase              20:1    _socket               7dc:0   
_Socket_sigio          35:1    _Socket_sigurg         34:1   
_socks                 2c:1    _sprintf             5b18:0   
_ss_errno              28:1    _stccpy              5d58:0   
_stcd_i              5d0c:0    _stclen              5bc8:0   
_stco_i              5cc4:0    _stpblk              5c9c:0   
_stpbrk              5c44:0    _stpchr              5bdc:0   
_strchr              5c02:0    _strerror             a58:0   
_strlen              5bc8:0    _strncmp             5b78:0   
_strncpy             5b54:0    _strpbrk             5c80:0   
_strrchr             5c1c:0    _SysBase               14:1   
_sys_errlist           68:1    _sys_nerr             1b0:1   
_s_close              894:0    _s_dev_list           a3c:0   
_s_getsignal          920:0    _s_inherit            99c:0   
_s_ioctl             424c:0    _s_release            94a:0   
_s_syslog            5814:0    _Timereq               3c:1   
_Timeropen             38:1    _umask               14ee:0   
_unconfig            1af0:0    _UtilityBase           24:1   
__BSSBAS               (0:*)   __BSSLEN               (0:*)  
__CoverLength          (0:*)   __CoverStart           (0:*)  
__ctype               360:1    __CXD22              5e06:0   
__CXD33              5dd4:0    __CXM22              5db4:0   
__CXM33              5db4:0    __endhtent           1c30:0   
__gethtbyaddr        1e10:0    __gethtbyname        1d82:0   
__getshort           2848:0    __LibClose            306:0   
__LibExpunge          388:0    __LibFuncTab         59d4:0   
__LibID              5b0c:0    __LibInit              44:0   
__LibInitTab            4:1    __Libmergeddata         0:1   
__LibName            5b00:0    __LibOpen             210:0   
__LibRevision          (0:*)   __LibRomTag            2a:0   
__LibVersion           (0:*)   __res                 1d8:1   
__res_close          2d3c:0    __sethtent           1bcc:0   
___dn_skipname       26e2:0    ___hostalias         33a8:0   
___putlong           28dc:0    ___putshort          28bc:0   
socket.ld               26-Mar-93 15:29:00  Xref Section                Page 3-1

symbol           (Def) Module  Off (Ref) Module  Off (Ref) Module  Off
_AbsExecBase            4:*            5b2e:0       
_accept          function        0 __Libfun       78 rcmd.c        216
_atoi            atoi.c          0 password      12c password      138
                                   getserv.       a8 getproto      14a
                                   config.c      4a2 config.c      4fc
                                   config.c      672 config.c      6be
                                   config.c      6f0 config.c      71e
_bind            function      10c __Libfun       7c rcmd.c        35e
_cleanup_sockets socket.c       ae __Libfun       14
_connect         function      198 __Libfun       80 rcmd.c         90
                                   res_send       e0
_CustomLibClose  lib_cust      190 libinit.      2de
_CustomLibOpen   lib_cust        0 libinit.      298
_dn_comp         res_comp      178 res_mkqu      112 res_mkqu      182
_dn_expand       res_comp        0 gethostn       78 gethostn      152
                                   gethostn      1fc
_DOSBase         lib_cust        4 syslog.c       6a syslog.c       b8
                                   syslog.c      106 syslog.c      11e
                                   syslog.c      130 syslog.c      14c
                                   rcmd.c         c8 password       c4
                                   password      1a0 password      1ba
                                   password      1e8 getserv.       30
                                   getserv.      214 getserv.      22e
                                   getserv.      25c getproto       20
                                   getproto       3a getproto       82
                                   getproto       c8 getnet.c       20
                                   getnet.c       3a getnet.c       82
                                   getnet.c       c8 res_quer      320
                                   res_quer      34a res_quer      46e
                                   res_quer      484 res_init       3c
                                   res_init       5e res_init      24c
                                   gethost.       20 gethost.       3a
                                   gethost.       78 gethost.       be
                                   config.c      368 config.c      3de
                                   config.c      79e socket.c       c2
_endhostent      sethoste       1c __Libfun       50
_endnetent       getnet.c       6e __Libfun       bc
_endprotoent     getproto       6e __Libfun       d0
_endpwent        password      1d4 __Libfun      104
_endservent      getserv.      248 __Libfun       e4
_errno           error.c         0 res_quer      148 res_quer      1f2
                                   res_send       c6 res_send       e8
                                   res_send      138 res_send      190
                                   res_send      220 res_send      2ae
                                   res_send      414 res_send      41c
                                   res_send      424 gethostn      41e
                                   gethostn      4ec
_getdomainname   config.c      1b8 __Libfun       3c res_init      268
_getgid          config.c       ee __Libfun       2c
_getgroups       config.c      116 __Libfun       30
_gethostbyaddr   gethostn      446 __Libfun       5c
_gethostbyname   gethostn      330 __Libfun       58 rcmd.c         26
_gethostent      gethost.       8e __Libfun       54
socket.ld               26-Mar-93 15:29:00  Xref Section                Page 3-2

symbol           (Def) Module  Off (Ref) Module  Off (Ref) Module  Off
_gethostname     config.c      8ae __Libfun       48 res_init      27e
_getlogin        config.c      168 __Libfun       34
_getnetbyaddr    getnet.c      1d2 __Libfun       c4
_getnetbyname    getnet.c      210 __Libfun       c8
_getnetent       getnet.c       98 __Libfun       c0
_getpeername     function      47a __Libfun      10c
_getprotobyname  getproto      1ce __Libfun       d8
_getprotobynumbe getproto      238 __Libfun       dc
_getprotoent     getproto       98 __Libfun       d4
_getpwent        password       94 __Libfun       fc
_getpwnam        password       44 __Libfun       f8
_getpwuid        password        0 __Libfun       f4
_getservbyname   getserv.      168 __Libfun       ec
_getservbyport   getserv.      272 __Libfun       f0
_getservent      getserv.        0 __Libfun       e8
_getsockname     function      518 __Libfun      110
_getsockopt      function      3c4 __Libfun       b4
_getuid          config.c        0 __Libfun       28
_getumask        config.c      216 __Libfun       40
_get_tz          config.c      190 __Libfun       38
_h_errno         res_quer      100 gethostn       86 gethostn       f6
                                   gethostn       fe gethostn      306
                                   gethostn      37c
_InetBase        lib_cust        8 select.c      2c6 recv.c         66
                                   recv.c        112 recv.c        1ac
                                   send.c         68 send.c        108
                                   send.c        194 ioctl.c        62
                                   function       bc function      16e
                                   function      1fa function      280
                                   function      302 function      39a
                                   function      444 function      4ee
                                   function      58a socket.c       14
                                   socket.c      1e4 socket.c      270
                                   socket.c      352
_inet_addr       inet_add        0 __Libfun       60 res_init      1fc
                                   gethostn      36e gethost.      116
_inet_lnaof      inet_add      278 __Libfun       68
_inet_makeaddr   inet_add      1ea __Libfun       64
_inet_netof      inet_add      2bc __Libfun       6c
_inet_network    inet_add      308 __Libfun       70 getnet.c      14a
_inet_ntoa       inet_add      476 __Libfun       74
_init_config     config.c      26c lib_cust       e4
_islower         islower.        0 inet_add       ae inet_add      3b4
_LinkerDB              (0:*)       syslog.c        a rcmd.c          a
                                   password        6 password       4e
                                   password       9e password      186
                                   password      1da getserv.        a
                                   getserv.      172 getserv.      1fa
                                   getserv.      24e getserv.      27c
                                   getproto        6 getproto       74
                                   getproto       a2 getproto      1d8
                                   getproto      23e getnet.c        6
                                   getnet.c       74 getnet.c       a2
socket.ld               26-Mar-93 15:29:00  Xref Section                Page 3-3

symbol           (Def) Module  Off (Ref) Module  Off (Ref) Module  Off
                                   getnet.c      1d8 getnet.c      21a
                                   select.c        a select.c       58
                                   recv.c          a recv.c         9c
                                   recv.c        154 send.c          a
                                   send.c         9c send.c        13c
                                   sethoste        6 sethoste       20
                                   ioctl.c         a function        a
                                   function      116 function      1a2
                                   function      22e function      2b4
                                   function      336 function      3ce
                                   function      484 function      522
                                   inet_add        a inet_add      1f0
                                   inet_add      27e inet_add      2c2
                                   inet_add      312 inet_add      480
                                   res_mkqu        a res_quer        a
                                   res_quer      11c res_quer      26a
                                   res_quer      306 res_init        a
                                   res_send        a res_send      434
                                   res_comp        a res_comp      182
                                   res_comp      334 res_comp      396
                                   res_comp      49a res_comp      4ca
                                   res_comp      50a res_comp      52a
                                   gethostn        a gethostn      33a
                                   gethostn      450 gethost.        6
                                   gethost.       6a gethost.       98
                                   gethost.      1c0 gethost.      24e
                                   config.c        6 config.c       f4
                                   config.c      120 config.c      16e
                                   config.c      196 config.c      1c2
                                   config.c      21c config.c      244
                                   config.c      826 config.c      84a
                                   config.c      8b8 error.c         6
                                   socket.c        6 socket.c       b4
                                   socket.c      16e socket.c      226
                                   socket.c      2ae socket.c      2d8
                                   socket.c      32e socket.c      3ca
                                   lib_cust        a lib_cust      196
                                   libinit.        a libinit.      1d6
                                   libinit.      2cc libinit.      34e
_listen          function      224 __Libfun       88 rcmd.c        140
_LVORawDoFmt     fffffdf6:*            5b34:0       
_MAXSOCKS        socket.c        e select.c      1b8 recv.c         1a
                                   recv.c         b0 recv.c        164
                                   send.c         1c send.c         b0
                                   send.c        14c ioctl.c        1a
                                   function       1e function       80
                                   function      12a function      1b6
                                   function      240 function      2c2
                                   function      346 function      3e2
                                   function      4b4 function      538
_NEWDATAL              (0:*)       libinit.       fe libinit.      11c
                                   libinit.      1e6 libinit.      22c
                                   libinit.      2ec
socket.ld               26-Mar-93 15:29:00  Xref Section                Page 3-4

symbol           (Def) Module  Off (Ref) Module  Off (Ref) Module  Off
_NewList             5b40:0        config.c      7b6
_rcmd            rcmd.c          0 __Libfun      108
_reconfig        config.c      822 __Libfun      118
_recv            recv.c          0 __Libfun       8c rcmd.c        2be
                                   rcmd.c        2d8 res_send      170
                                   res_send      200 res_send      27c
                                   res_send      35e
_recvfrom        recv.c         92 __Libfun       90
_recvmsg         recv.c        14a __Libfun       94
_reserved        socket.c        8 function       60 function       70
_RESLEN                (0:*)       libinit.        0
_res_init        res_init        0 res_quer       20 res_quer      138
                                   res_send       3e
_res_mkquery     res_mkqu        0 res_quer       4a
_res_query       res_quer        0 gethostn      4e0
_res_search      res_quer      112 gethostn      412
_res_send        res_send        0 res_quer       70
_rsize           socket.c        0 function       66
_select          select.c        0 __Libfun       98 rcmd.c        1da
                                   res_send      33e
_selectwait      select.c       4e __Libfun       9c
_Select_timerbit socket.c       12 select.c      14c select.c      1a6
_send            send.c          0 __Libfun       a0 rcmd.c        11a
                                   rcmd.c        16c rcmd.c        276
                                   rcmd.c        296 rcmd.c        2b0
                                   rcmd.c        2ea res_send      112
                                   res_send      124
_sendmsg         send.c        132 __Libfun       a8
_sendto          send.c         92 __Libfun       a4 res_send      2ce
_sethostent      sethoste        0 __Libfun       4c gethost.       a4
_setnetent       getnet.c        0 __Libfun       b8
_setprotoent     getproto        0 __Libfun       cc
_setpwent        password      180 __Libfun      100
_setservent      getserv.      1f4 __Libfun       e0
_setsockopt      function      32c __Libfun       b0
_setup_sockets   socket.c        0 __Libfun       10
_shutdown        function      2aa __Libfun       ac
_SockBase        lib_cust        c syslog.c       1c syslog.c       36
                                   syslog.c       4e syslog.c       7a
                                   syslog.c       a0 syslog.c      16e
                                   gethostn      3f0 gethostn      4bc
                                   config.c        a config.c       f8
                                   config.c      128 config.c      172
                                   config.c      19a config.c      1ca
                                   config.c      220 config.c      24a
                                   config.c      27a config.c      2b6
                                   config.c      2c2 config.c      2f8
                                   config.c      304 config.c      392
                                   config.c      39e config.c      7e4
                                   config.c      7f2 config.c      800
                                   config.c      8c0
_socket          socket.c      164 __Libfun       18 rcmd.c        342
                                   res_send       bc res_send      2a4
socket.ld               26-Mar-93 15:29:00  Xref Section                Page 3-5

symbol           (Def) Module  Off (Ref) Module  Off (Ref) Module  Off
_Socket_sigio    socket.c        d select.c       80 select.c      11a
                                   select.c      3f4
_socks           socket.c        4 select.c      1cc recv.c         26
                                   recv.c         42 recv.c         bc
                                   recv.c         d8 recv.c        170
                                   recv.c        18c send.c         28
                                   send.c         44 send.c         bc
                                   send.c         d8 send.c        158
                                   send.c        174 ioctl.c        26
                                   ioctl.c        42 function       2a
                                   function       48 function       56
                                   function       e8 function      136
                                   function      152 function      1c2
                                   function      1de function      24c
                                   function      268 function      2ce
                                   function      2ea function      352
                                   function      36e function      3ee
                                   function      40a function      4c0
                                   function      4dc function      544
                                   function      560
_sprintf             5b18:0        rcmd.c        150 inet_add      4b4
                                   res_quer      2dc gethostn      4b4
_ss_errno        socket.c        0 syslog.c       2a syslog.c       88
                                   syslog.c       c6 syslog.c       d2
                                   syslog.c      13e syslog.c      158
                                   syslog.c      164 syslog.c      186
                                   rcmd.c         32 rcmd.c         9e
                                   rcmd.c        36c rcmd.c        390
                                   select.c      2d6 select.c      34c
                                   recv.c         34 recv.c         78
                                   recv.c         82 recv.c         ca
                                   recv.c        124 recv.c        13a
                                   recv.c        17e recv.c        1be
                                   recv.c        1c8 send.c         36
                                   send.c         78 send.c         ca
                                   send.c        118 send.c        166
                                   send.c        1a4 ioctl.c        34
                                   ioctl.c        74 ioctl.c        80
                                   function       38 function       8a
                                   function       ce function       de
                                   function      144 function      180
                                   function      18c function      1d0
                                   function      20c function      218
                                   function      25a function      292
                                   function      29e function      2dc
                                   function      314 function      320
                                   function      360 function      3ac
                                   function      3b8 function      3fc
                                   function      456 function      46e
                                   function      4ce function      500
                                   function      50c function      552
                                   function      5ae function      5ba
_stccpy          stccpy.c        0 config.c      208 config.c      90e
socket.ld               26-Mar-93 15:29:00  Xref Section                Page 3-6

symbol           (Def) Module  Off (Ref) Module  Off (Ref) Module  Off
_stcd_i          stcd_i          0 atoi.c         22
_stco_i          stco_i          0 config.c      444
_stpblk          stpblk.c        0 atoi.c         16
_strchr          stpchr.c       26 password       d8 res_init       be
                                   res_init      130 res_init      28e
                                   res_init      2ec config.c      3fc
                                   config.c      416 config.c      77e
_strerror        error.c         0 __Libfun       24
_strlen          strlen          0 syslog.c       14
_strncmp         strncmp.        0 res_init       78 res_init       e2
                                   res_init      1b8
_strncpy         strncpy         0 res_quer      466 res_init       b2
                                   res_init      124 config.c      75c
_strpbrk         stpbrk.c       3c getserv.       52 getserv.       6c
                                   getserv.       92 getserv.       ce
                                   getserv.      122 getproto       ea
                                   getproto      104 getproto      138
                                   getproto      1a6 getnet.c       ea
                                   getnet.c      104 getnet.c      138
                                   getnet.c      1aa gethost.       e0
                                   gethost.       f6 gethost.      154
                                   gethost.      194
_SysBase         lib_cust        0 syslog.c       44 syslog.c      17c
                                   select.c       68 select.c       e0
                                   select.c       fc select.c      110
                                   select.c      12e select.c      158
                                   select.c      168 select.c      17a
                                   select.c      19c select.c      20a
                                   select.c      2fe select.c      32c
                                   select.c      370 select.c      380
                                   select.c      392 select.c      408
                                   config.c      288 config.c      2a4
                                   config.c      2d0 config.c      2e6
                                   config.c      312 config.c      388
                                   config.c      3ac config.c      7be
                                   config.c      7ce config.c      7da
                                   config.c      80e config.c      85e
                                   config.c      87c config.c      888
                                   config.c      89e socket.c       36
                                   socket.c       4e socket.c       66
                                   socket.c       88 socket.c       9e
                                   socket.c      108 socket.c      11e
                                   socket.c      12e socket.c      142
                                   socket.c      156
_s_close         socket.c      21c __Libfun       1c rcmd.c         9a
                                   rcmd.c        18e rcmd.c        202
                                   rcmd.c        222 rcmd.c        30a
                                   rcmd.c        310 rcmd.c        376
                                   rcmd.c        38a function       d6
                                   res_send       f2 res_send      142
                                   res_send      19a res_send      22a
                                   res_send      3a0 res_send      3d4
                                   res_send      3fc res_send      442
socket.ld               26-Mar-93 15:29:00  Xref Section                Page 3-7

symbol           (Def) Module  Off (Ref) Module  Off (Ref) Module  Off
_s_dev_list      socket.c      3c4 __Libfun      124
_s_getsignal     socket.c      2a8 __Libfun       20
_s_inherit       socket.c      324 __Libfun      120
_s_ioctl         ioctl.c         0 __Libfun       84
_s_release       socket.c      2d2 __Libfun      11c
_s_syslog        syslog.c        0 __Libfun      114
_Timereq         socket.c       14 select.c       ea select.c       f6
                                   select.c      10c select.c      144
                                   select.c      154 select.c      164
                                   select.c      186 select.c      18e
                                   select.c      198 select.c      36c
                                   select.c      37c
_Timeropen       socket.c       10 select.c       d8 select.c      140
_umask           config.c      23e __Libfun       44
_unconfig        config.c      840 libinit.      36a
_UtilityBase     lib_cust       10 password       72 gethost.      1e2
                                   gethost.      216 config.c      42e
                                   config.c      464 config.c      490
                                   config.c      4be config.c      4ea
                                   config.c      518 config.c      544
                                   config.c      570 config.c      588
                                   config.c      5b0 config.c      5dc
                                   config.c      608 config.c      634
                                   config.c      660 config.c      68e
                                   config.c      6de config.c      70c
                                   config.c      73a
__BSSLEN               (0:*)       libinit.      1ec libinit.      2f6
__ctype          ctype.c         0 stpblk.c        c stpblk.c     5cbc
__CXD22          cxd33          32 res_send      2ee
__CXD33          cxd33           0 res_comp      228
__CXM22          cxm33           0 inet_add       54 inet_add      35a
__CXM33          cxm33           0 rcmd.c         c0 function       6c
                                   socket.c      1b4 socket.c      388
__gethtbyaddr    gethost.      244 gethostn      460 gethostn      4f8
__gethtbyname    gethost.      1b6 gethostn      3e4 gethostn      426
__getshort       res_comp      490 gethostn      168 gethostn      17c
                                   gethostn      190
__LibClose       libinit.      2c2 __Libfun        4
__LibExpunge     libinit.      344 __Libfun        8
__LibFuncTab     __Libfun        0 libinit.        4
__LibInitTab     libinit.        0       40:0       
__Libmergeddata         0:1        libinit.       f6
__LibOpen        libinit.      1cc __Libfun        0
__LibRomTag            2a:0        __Libfun        c
__res            res_init        0 sethoste       14 sethoste       28
                                   res_mkqu       3e res_mkqu       46
                                   res_mkqu       7a res_mkqu       98
                                   res_quer       1a res_quer      132
                                   res_quer      19c res_quer      1b8
                                   res_quer      1be res_quer      21c
                                   res_send       38 res_send       4e
                                   res_send       82 res_send       92
                                   res_send       a4 res_send       d6
socket.ld               26-Mar-93 15:29:00  Xref Section                Page 3-8

symbol           (Def) Module  Off (Ref) Module  Off (Ref) Module  Off
                                   res_send      2be res_send      2d8
                                   res_send      2ea res_send      38e
                                   res_send      3bc res_send      3ca
                                   config.c      3be config.c      768
__res_close      res_send      430 sethoste       2c
___dn_skipname   res_comp      32a gethostn       c0 gethostn       d8
___putlong       res_comp      524 res_mkqu      1c2 res_mkqu      228
___putshort      res_comp      504 res_mkqu      136 res_mkqu      14a
                                   res_mkqu      1a0 res_mkqu      1b4
                                   res_mkqu      1d0 res_mkqu      206
                                   res_mkqu      21a res_mkqu      23c
socket.ld               26-Mar-93 15:29:00  File Section                Page 4-1

filename         punit    hunk     type       offset:hunk     size
libent.o         <noname> text     code            0:0          44
                          __MERGED data            0:1           4
libinit.o        libinit. <noname> code           44:0         454
                          <noname> data            4:1          10
lib_custom.o     lib_cust <noname> code          498:0         1e0
                          __MERGED data           14:1          14
socket.o         socket.c <noname> code          678:0         3e0
                          __MERGED data           28:1          40
                          __MERGED bss           464:1           4
error.o          error.c  <noname> code          a58:0         858
                          __MERGED data           68:1         14c
config.o         config.c <noname> code         12b0:0         91c
gethost.o        gethost. <noname> code         1bcc:0         2ac
                          __MERGED data          1b4:1          18
                          __MERGED bss           468:1          bc
gethostnamadr.o  gethostn <noname> code         1e78:0         540
                          __MERGED data          1cc:1           8
                          __MERGED bss           524:1         364
res_comp.o       res_comp <noname> code         23b8:0         554
res_send.o       res_send <noname> code         290c:0         450
                          __MERGED data          1d4:1           4
                          __MERGED bss           888:1          10
res_init.o       res_init <noname> code         2d5c:0         350
                          __MERGED data          1d8:1         160
res_query.o      res_quer <noname> code         30ac:0         498
                          __MERGED bss           898:1         104
res_mkquery.o    res_mkqu <noname> code         3544:0         278
inet_addr.o      inet_add <noname> code         37bc:0         4c8
                          __MERGED data          338:1           8
                          __MERGED bss           99c:1          14
functions.o      function <noname> code         3c84:0         5c8
ioctl.o          ioctl.c  <noname> code         424c:0          8c
sethostent.o     sethoste <noname> code         42d8:0          34
send.o           send.c   <noname> code         430c:0         1c0
recv.o           recv.c   <noname> code         44cc:0         1d8
select.o         select.c <noname> code         46a4:0         41c
getnet.o         getnet.c <noname> code         4ac0:0         27c
                          __MERGED data          340:1           8
                          __MERGED bss           9b0:1          a4
getproto.o       getproto <noname> code         4d3c:0         26c
                          __MERGED data          348:1           8
                          __MERGED bss           a54:1          a0
getserv.o        getserv. <noname> code         4fa8:0         2cc
                          __MERGED data          350:1           8
                          __MERGED bss           af4:1          a4
password.o       password <noname> code         5274:0         200
                          __MERGED data          358:1           8
                          __MERGED bss           b98:1          9c
rcmd.o           rcmd.c   <noname> code         5474:0         3a0
syslog.o         syslog.c <noname> code         5814:0         1c0
T:DXPQ4.0000     __Libfun <noname> code         59d4:0         144
socket.ld             26-Mar-93 15:29:00  Library Section               Page 5-1

filename         punit    hunk     type       offset:hunk     size
LIB:amiga.lib    exec_LVO OFFSET   data            -:-           0
                          exec_LVO code            -:-           0
                          exec_LVO code            -:-           0
                 <noname> romhunks code         5b18:0          28
                 <noname> <noname> code            -:-           0
                          _NewList code         5b40:0          14
                 <noname> <noname> data            -:-           0
LIB:debug.lib    LIB:lc.lib       strncpy  text     code         5b54:0          24
                                  strncmp. text     code         5b78:0          50
                                  strlen   text     code         5bc8:0          14
                                  stpchr.c text     code         5bdc:0          68
                                  stpbrk.c text     code         5c44:0          58
                                  stpblk.c text     code         5c9c:0          20
                                  stco_i   text     code         5cc4:0          48
                                  stcd_i   text     code         5d0c:0          4c
                                  stccpy.c text     code         5d58:0          40
                                  islower. text     code         5d98:0          1c
                                  error.c  text     code            -:-           0
                                           __MERGED bss           c34:1           4
                                  cxm33    text     code         5db4:0          20
                                  cxd33    text     code         5dd4:0          c4
                                  ctype.c  text     code            -:-           0
                                           __MERGED data          360:1         104
                                  atoi.c   text     code         5e98:0          30
