bullet.ld               12-Apr-91 20:34:42  Hunk Section                Page 1-1

 num hunk         size filename         punit    type         base  alv
   0 bullet       711c residenttag.o    <noname> code            0    0
                       fill.o           <noname> code           44    0
                       imath.o          <noname> code          308    0
                       margin.o         <noname> code          3d0    0
                       pixel_al.o       <noname> code          4a4    0
                       library.o        <noname> code          4e4    0
                       math.o           <noname> code          6d0    0
                       chaos.o          <noname> code          8a4    0
                       bold.o2          bold.c   code          924    0
                       cache.o2         cache.c  code         1194    0
                       cgif.o2          cgif.c   code         1194    0
                       comp_pix.o2      comp_pix code         12d0    0
                       fc.o2            fc.c     code         1c10    0
                       fm.o2            fm.c     code         1c5c    0
                       fmath.o2         fmath.c  code         2124    0
                       if.o2            if.c     code         22b0    0
                       if_init.o2       if_init. code         2354    0
                       ital.o2          ital.c   code         28fc    0
                       ix.o2            ix.c     code         2af4    0
                       maker.o2         maker.c  code         3378    0
                       mem.o2           mem.c    code         42a4    0
                       metrics.o2       metrics. code         42d8    0
                       nxt_pt.o2        nxt_pt.c code         46b4    0
                       q3.o2            q3.c     code         4bb0    0
                       raster.o2        raster.c code         4fe4    0
                       skeletal.o2      skeletal code         5c98    0
                       yclass.o2        yclass.c code         6320    0
                       interface.o2     interfac code         6654    0
                       endtag.o         <noname> code         6fac    0
                       SYS:Lib2.0/lc.li stpchr.c code         6fac    0
                       SYS:Lib2.0/lc.li cxm33    code         7014    0
                       SYS:Lib2.0/lc.li cxd33    code         7034    0
                       SYS:Lib2.0/lc.li newlist  code         70f8    0
                       SYS:Lib2.0/lc.li strcpy   code         710c    0
                       SYS:Lib2.0/amiga exec_LVO code         711c    0
bullet.ld              12-Apr-91 20:34:42  Symbol Section               Page 2-1

symbol     offset:hunk symbol     offset:hunk symbol     offset:hunk
BLEndTag     6fac:0    BLID           29:0    BLInitTa      514:0   
BLName         1a:0    CHAOSDAT       1e:*    CHAOSDat      8a4:0   
CHAOSREL        2:*    CHAOSRel      91c:0    CHAOSTOT     1214:*   
REVISION        5:*    VERSION        26:*    _arc         4ca6:0   
_arc_bit     4e3e:0    _arc_fun      5c8:*    _bold         cd8:0   
_BUCKfre     2f4a:0    _BulletB     1104:*    _c            34c:*   
_CCloseE     6766:0    _cc_buf       610:*    _cc_size      614:*   
_CExpung     66e4:0    _CGetGly     6f32:0    _cgif.c_       78:*   
_CGIFcha     121c:0    _CGIFcon     1198:0    _CGIFent     11c2:0   
_CGIFexi     11c8:0    _CGIFfon     11d0:0    _CGIFini     1194:0   
_CGIFker     1270:0    _CGIFwid     125e:0    _char_bu      494:*   
_char_is      492:*    _clear_m     3378:0    _CObtain     6b5e:0   
_comp_pi     173c:0    _comp_pi       b4:*    _COpenEn     66e6:0   
_cpx          6f4:*    _cpy          736:*    _CReleas     6e62:0   
_CSetInf     6796:0    _CXD22       7066:0    _CXD33       7034:0   
_CXM22       7014:0    _CXM33       7014:0    _d            3f4:*   
_DAdd         6f4:0    _DCmp         71c:0    _DDiv         818:0   
_des2wrk     3396:0    _DHiToL       6e2:0    _DLoToL       6dc:0   
_DNeg         6e8:0    _DOSBase     10fc:*    _DShift       73e:0   
_DSub         708:0    _dup_poi       d8:*    _face         318:*   
_FCcopy_     1c3c:0    _FCis_eq     1c10:0    _fdiv        2220:0   
_fi           598:*    _fill         244:0    _first_l     23b0:0   
_FMalloc     1cb6:0    _fmath.c       d4:*    _fmath_e       d4:*   
_FMchar_     1f2a:0    _FMload_     1d22:0    _FMrd_ch     205e:0   
_FMseek_     1c5c:0    _fmul        21b4:0    _h_esc        6b0:*   
_ifmul       2124:0    _if_init       d8:*    _if_init     2840:0   
_if_init      60c:*    _if_init     2404:0    _init_fo     2c54:0   
_intel_c     22b0:0    _interfa       10:*    _interfa     10f8:*   
_is_comp      6b6:*    _italic      28fc:0    _ix.c_1       494:*   
_ix.c_2       59c:*    _IXclose     2e7c:0    _IXexit      32e6:0   
_IXfind_     3000:0    _IXget_f     2df2:0    _IXinit      2d08:0   
_IXmak_f     2af4:0    _IXopen_     2ea4:0    _IXsetup     307e:0   
_lBUCKlr      5a0:*    _LinkerD       (0:*)   _LMul         7c8:0   
_loop_no      7ea:*    _LToD         6d0:0    _LVOAbor fffffe20:*   
_LVOAddD fffffe50:*    _LVOAddH ffffff10:*    _LVOAddI ffffff58:*   
_LVOAddL fffffe74:*    _LVOAddM fffffd96:*    _LVOAddP fffffe9e:*   
_LVOAddR fffffe1a:*    _LVOAddS fffffda8:*    _LVOAddT ffffff0a:*   
_LVOAddT fffffee6:*    _LVOAler ffffff94:*    _LVOAllo ffffff34:*   
_LVOAllo ffffff46:*    _LVOAllo ffffff22:*    _LVOAllo ffffff3a:*   
_LVOAllo fffffd3c:*    _LVOAllo fffffeb6:*    _LVOAllo fffffeaa:*   
_LVOAllo fffffd54:*    _LVOAtte fffffdc0:*    _LVOAvai ffffff28:*   
_LVOCach fffffd7e:*    _LVOCach fffffd84:*    _LVOCach fffffd78:*   
_LVOCaus ffffff4c:*    _LVOChec fffffe2c:*    _LVOChil fffffd1e:*   
_LVOChil fffffd18:*    _LVOChil fffffd12:*    _LVOChil fffffd0c:*   
_LVOClos fffffe3e:*    _LVOClos fffffe62:*    _LVOCold fffffd2a:*   
_LVOCopy fffffd90:*    _LVOCopy fffffd8a:*    _LVOCrea fffffd72:*   
_LVOCrea fffffd66:*    _LVOCrea fffffd48:*    _LVODeal ffffff40:*   
_LVODebu ffffff8e:*    _LVODele fffffd6c:*    _LVODele fffffd60:*   
_LVODele fffffd42:*    _LVODisa ffffff88:*    _LVODisp ffffffc4:*   
_LVODoIO fffffe38:*    _LVOEnab ffffff82:*    _LVOEnqu fffffef2:*   
_LVOExce ffffffbe:*    _LVOExec fffffd30:*    _LVOExec fffffd06:*   
_LVOExec fffffd00:*    _LVOExec fffffcfa:*    _LVOExec fffffcf4:*   
_LVOExit ffffffdc:*    _LVOFind fffffeec:*    _LVOFind fffffe7a:*   
bullet.ld              12-Apr-91 20:34:42  Symbol Section               Page 2-2

symbol     offset:hunk symbol     offset:hunk symbol     offset:hunk
_LVOFind ffffffa0:*    _LVOFind fffffdae:*    _LVOFind fffffeda:*   
_LVOForb ffffff7c:*    _LVOFree ffffff1c:*    _LVOFree ffffff2e:*   
_LVOFree fffffd36:*    _LVOFree fffffeb0:*    _LVOFree fffffea4:*   
_LVOFree fffffd4e:*    _LVOGetC fffffdf0:*    _LVOGetM fffffe8c:*   
_LVOInit ffffffb8:*    _LVOInit ffffff9a:*    _LVOInit fffffdd2:*   
_LVOInit ffffffb2:*    _LVOInse ffffff16:*    _LVOMake ffffffa6:*   
_LVOMake ffffffac:*    _LVOObta fffffdcc:*    _LVOObta fffffdba:*   
_LVOObta fffffd5a:*    _LVOOldO fffffe68:*    _LVOOpen fffffe44:*   
_LVOOpen fffffdd8:*    _LVOOpen fffffe0e:*    _LVOPerm ffffff76:*   
_LVOProc fffffde4:*    _LVOPutM fffffe92:*    _LVORawD fffffdf6:*   
_LVORawI fffffe08:*    _LVORawM fffffe02:*    _LVORawP fffffdfc:*   
_LVORele fffffdc6:*    _LVORele fffffdb4:*    _LVORemD fffffe4a:*   
_LVORemH fffffefe:*    _LVORemI ffffff52:*    _LVORemL fffffe6e:*   
_LVORemo ffffff04:*    _LVORemP fffffe98:*    _LVORemR fffffe14:*   
_LVORemS fffffda2:*    _LVORemT fffffef8:*    _LVORemT fffffee0:*   
_LVORepl fffffe86:*    _LVOResc ffffffd0:*    _LVOSche ffffffd6:*   
_LVOSend fffffe32:*    _LVOSetE fffffec8:*    _LVOSetF fffffe5c:*   
_LVOSetI ffffff5e:*    _LVOSetS fffffece:*    _LVOSetS ffffff70:*   
_LVOSetT fffffed4:*    _LVOSign fffffebc:*    _LVOStac fffffd24:*   
_LVOSumK fffffd9c:*    _LVOSumL fffffe56:*    _LVOSupe ffffff6a:*   
_LVOSupe ffffffe2:*    _LVOSwit ffffffca:*    _LVOType fffffdea:*   
_LVOUser ffffff64:*    _LVOVaca fffffdde:*    _LVOWait fffffec2:*   
_LVOWait fffffe26:*    _LVOWait fffffe80:*    _MAKbitM     3f34:0   
_MAKchar     40ec:0    _maker.c      5c8:*    _MAKfont     3c16:0   
_MAKkern     41fc:0    _margin       3d0:0    _max_ope      59e:*   
_MemAllo     42a4:0    _MemFree     42c0:0    _metrics     43f4:0   
_multipl      37c:0    _NewList     70f8:0    _next_lo     2354:0   
_np_init     4836:0    _np_init     486c:0    _num_par      6b4:*   
_nx           33c:0    _nxt_pt      4978:0    _nxt_pt.      6c8:*   
_ny           35c:0    _or_on        7e8:*    _pixel_a      4a4:0   
_pixel_a      7f4:*    _px1          7ec:*    _py1          7ee:*   
_q3          4f06:0    _q3.c_1       7e0:*    _quality      6d2:*   
_raster      508e:0    _raster.        8:*    _raster.      7e8:*   
_scale_i      386:0    _scale_r      394:0    _skeleta      7f0:*   
_skeleta     6320:0    _skel_pr     5f92:0    _stpchr      6fac:0   
_strchr      6fd2:0    _strcpy      710c:0    _strrchr     6fec:0   
_SysBase     10f8:*    _tran          b4:*    _tty          5ce:*   
_tx           308:0    _ty           322:0    _typePat      498:*   
_Utility     1100:*    _vecAllo     6654:0    _vecFree     66b0:0   
_v_esc        6b2:*    _x_skel       7f8:*    _x_tran       780:*   
_yclass.      7f8:*    _yclass_     6470:0    _y_skel       c78:*   
_y_tran       7ae:*    __BSSBAS       (0:*)   __BSSLEN       (0:*)  
__CXD22      7066:0    __CXD33      7034:0    __CXM22      7014:0   
__CXM33      7014:0   
bullet.ld               12-Apr-91 20:34:42  Xref Section                Page 3-1

symbol           value   offset:hunk   offset:hunk   offset:hunk   offset:hunk
BLEndTag     6fac:0           6:0   
BLInitTa      514:0          16:0   
BLName         1a:0         502:0   
CHAOSDAT       1e:*         61a:0   
CHAOSDat      8a4:0         614:0   
CHAOSREL        2:*         62a:0   
CHAOSRel      91c:0         626:0   
CHAOSTOT     1214:*         67e:0         5fe:0   
REVISION        5:*         50c:0   
VERSION        26:*         510:0   
_arc_bit     4e3e:0        3ed4:0   
_arc_fun      5c8:*       (4e30:0)  
_bold         cd8:0        234c:0   
_BulletB     1104:*         65a:0   
_c            34c:*       (6354:0)      (6362:0)      (6396:0)      (63d4:0)  
                          (63e6:0)      (6424:0)      (643a:0)      (647a:0)  
                          (6488:0)      (64a0:0)      (64aa:0)      (64b0:0)  
                          (64c0:0)      (64d0:0)      (64d6:0)      (6582:0)  
                          (6598:0)      (6618:0)      (662e:0)      (6642:0)  
                          (50f4:0)      (5c6c:0)      (4848:0)      (484e:0)  
                          (4854:0)      (485a:0)      (4412:0)      (4430:0)  
                          (4558:0)      (34d8:0)      (34e4:0)      (3a7e:0)  
                          (3acc:0)      (3e12:0)      (3fcc:0)      (40be:0)  
                          (290e:0)      (2914:0)      (291a:0)      (291e:0)  
                          (2a5e:0)      (2a64:0)      (2a8e:0)      (2ae4:0)  
                          (22da:0)      (22f0:0)      (22fa:0)      (2312:0)  
                          (2332:0)      (122e:0)       (ac0:0)       (cf4:0)  
                           (cf8:0)      (10f2:0)  
_CCloseE     6766:0         674:0   
_cc_buf       610:*       (11a8:0)  
_cc_size      614:*       (11ae:0)  
_CExpung     66e4:0         5b6:0   
_CGetGly     6f32:0         6c8:0   
_cgif.c_       78:*       (11d8:0)      (1236:0)      (123a:0)      (124e:0)  
                          (1260:0)      (1290:0)  
_CGIFcha     121c:0        6bde:0   
_CGIFcon     1198:0        6736:0        6a56:0   
_CGIFent     11c2:0        674c:0   
_CGIFexi     11c8:0        6772:0   
_CGIFfon     11d0:0        6b46:0   
_CGIFini     1194:0        66e8:0   
_CGIFker     1270:0        6dba:0        6e08:0   
_CGIFwid     125e:0        6d06:0   
_char_bu      494:*       (2030:0)      (204e:0)  
_char_is      492:*       (3e30:0)  
_clear_m     3378:0        2fc6:0   
_CObtain     6b5e:0         6a6:0   
_comp_pi     173c:0        3cd0:0   
_comp_pi       b4:*       (15b2:0)      (15c4:0)      (15c8:0)      (15e8:0)  
                          (15f4:0)      (1602:0)      (160c:0)      (1616:0)  
                          (161a:0)      (161e:0)      (1624:0)      (1650:0)  
                          (1658:0)      (165c:0)      (19fe:0)      (1a14:0)  
                          (1a2c:0)      (1a42:0)      (1a72:0)      (1a9c:0)  
bullet.ld               12-Apr-91 20:34:42  Xref Section                Page 3-2

symbol           value   offset:hunk   offset:hunk   offset:hunk   offset:hunk
_COpenEn     66e6:0         65e:0   
_cpx          6f4:*       (4f52:0)      (4fa8:0)  
_cpy          736:*       (4f4e:0)      (4fae:0)  
_CReleas     6e62:0         6b6:0   
_CSetInf     6796:0         696:0   
_d            3f4:*       (645c:0)      (653e:0)      (6552:0)      (6558:0)  
                          (6572:0)      (509c:0)      (50a0:0)      (50a6:0)  
                          (50b4:0)      (50ba:0)      (50be:0)      (5108:0)  
                          (510c:0)      (51e0:0)      (51fa:0)      (5272:0)  
                          (5278:0)      (54f0:0)      (552a:0)      (5556:0)  
                          (5752:0)      (57c6:0)      (5c7a:0)      (5c7e:0)  
                          (5c84:0)      (4e70:0)      (4860:0)      (4866:0)  
                          (42f2:0)      (42f8:0)      (431c:0)      (4322:0)  
                          (4348:0)      (435a:0)      (4362:0)      (4374:0)  
                          (4380:0)      (438a:0)      (4394:0)      (43a2:0)  
                          (4446:0)      (448c:0)      (4494:0)      (44a6:0)  
                          (44c2:0)      (44de:0)      (44e2:0)      (44fe:0)  
                          (4564:0)      (457e:0)      (45ce:0)      (461c:0)  
                          (4632:0)      (4642:0)      (466c:0)      (4686:0)  
                          (4696:0)      (33b0:0)      (341a:0)      (3428:0)  
                          (3430:0)      (343e:0)      (3446:0)      (344e:0)  
                          (345a:0)      (3464:0)      (3478:0)      (348c:0)  
                          (34b6:0)      (34be:0)      (34c6:0)      (34ce:0)  
                          (34d2:0)      (3504:0)      (3528:0)      (352c:0)  
                          (3534:0)      (353e:0)      (3546:0)      (354e:0)  
                          (356a:0)      (357a:0)      (3588:0)      (3598:0)  
                          (359e:0)      (35a2:0)      (35b0:0)      (35b6:0)  
                          (35ba:0)      (35c2:0)      (35c6:0)      (35ce:0)  
                          (35e8:0)      (35ec:0)      (35f0:0)      (35f6:0)  
                          (3610:0)      (3616:0)      (362c:0)      (3632:0)  
                          (3648:0)      (364e:0)      (36c8:0)      (36d0:0)  
                          (36d8:0)      (36e0:0)      (36e4:0)      (36ee:0)  
                          (36fa:0)      (36fe:0)      (3708:0)      (3714:0)  
                          (3734:0)      (3748:0)      (374c:0)      (3752:0)  
                          (3776:0)      (37d0:0)      (37d6:0)      (37dc:0)  
                          (3888:0)      (388e:0)      (3898:0)      (3d02:0)  
                          (3d0a:0)      (3e24:0)      (3e2a:0)      (3e5c:0)  
                          (3e62:0)      (3ef8:0)      (3efe:0)      (3f3e:0)  
                          (3f42:0)      (3f52:0)      (3f58:0)      (405c:0)  
                          (4062:0)      (22d2:0)      (2308:0)      (232a:0)  
                          (153a:0)      (154e:0)      (17b4:0)      (17c8:0)  
                          (17dc:0)      (17f0:0)      (1804:0)      (180c:0)  
                          (1810:0)      (19a8:0)      (19d0:0)      (1b30:0)  
                          (1b5c:0)      (1b68:0)      (1b70:0)      (1b78:0)  
                          (1b7c:0)      (1b80:0)      (1b84:0)      (1b8a:0)  
                          (1b8e:0)      (1b92:0)      (1b96:0)      (1b9e:0)  
                          (1ba8:0)      (1bb8:0)      (1bbc:0)      (1bc0:0)  
                            336:0         32e:0         31c:0         314:0   
_DDiv         818:0        226a:0         a5a:0         a82:0   
_des2wrk     3396:0        4700:0        4466:0        4480:0        45e6:0   
                           460e:0   
_DHiToL       6e2:0        21f2:0        2286:0         aa2:0         ab6:0   
_DLoToL       6dc:0        68d2:0        6906:0        69bc:0        69fe:0   
bullet.ld               12-Apr-91 20:34:42  Xref Section                Page 3-3

symbol           value   offset:hunk   offset:hunk   offset:hunk   offset:hunk
                           21e4:0        2278:0         a68:0         a94:0   
_DOSBase     10fc:*       (2b20:0)      (2b74:0)      (2d72:0)      (2de2:0)  
                          (2e8a:0)      (2f26:0)      (3368:0)      (1c7c:0)  
                            650:0   
_DShift       73e:0        68ca:0        68fe:0        69b4:0        69f6:0   
                           21d6:0        224e:0   
_DSub         708:0         a0c:0         a3c:0   
_dup_poi       d8:*        (ce2:0)      (10fc:0)  
_face         318:*       (64ee:0)      (6508:0)      (6518:0)      (6522:0)  
                          (5fc4:0)      (34de:0)      (34ee:0)      (3c9e:0)  
                          (3cfe:0)      (2a58:0)      (22d6:0)      (232e:0)  
                          (178e:0)  
_FCcopy_     1c3c:0        3c6e:0        3cee:0        11de:0   
_FCis_eq     1c10:0        3cbe:0   
_fdiv        2220:0        14aa:0        14b4:0        14c2:0        14ee:0   
                           151a:0        15ec:0        1660:0        1834:0   
                           1860:0        1876:0        19f2:0        1a08:0   
                           1a20:0        1a36:0        1a54:0        1a7a:0   
_fi           598:*       (1fb4:0)      (2090:0)      (2100:0)      (210c:0)  
                          (11e4:0)      (11f0:0)  
_fill         244:0        3f1e:0   
_first_l     23b0:0        6340:0        50ce:0        2932:0         d04:0   
_FMalloc     1cb6:0        2b68:0        2dd0:0   
_fmath.c       d4:*       (21a2:0)      (2210:0)      (2238:0)      (22a0:0)  
_fmath_e       d4:*       (1524:0)      (1818:0)      (1882:0)      (197e:0)  
                          (19de:0)      (1aa0:0)  
_FMchar_     1f2a:0        31b2:0        328e:0   
_FMload_     1d22:0        2fce:0   
_FMrd_ch     205e:0        3a6a:0        3ac0:0        3dde:0   
_fmul        21b4:0        138c:0        1482:0        148e:0        14a0:0   
                           14d0:0        14de:0        14fc:0        150a:0   
                           15dc:0        1896:0        18a6:0        18b4:0   
                           18c2:0        18d0:0        18de:0        19fa:0   
                           1a10:0        1a28:0        1a3e:0        1a66:0   
                           1a6e:0        1a8c:0        1a94:0   
_h_esc        6b0:*       (3214:0)  
_ifmul       2124:0        33c0:0        33d2:0        33f0:0        3402:0   
_if_init       d8:*       (2358:0)      (235e:0)      (2366:0)      (236e:0)  
                          (237e:0)      (2388:0)      (2396:0)      (23a4:0)  
                          (23a8:0)      (23b2:0)      (23b4:0)      (2418:0)  
                          (2424:0)      (2450:0)      (2458:0)      (245c:0)  
                          (2464:0)      (247c:0)      (2484:0)      (2496:0)  
                          (249e:0)      (24ac:0)      (24bc:0)      (24c6:0)  
                          (24d4:0)      (24e0:0)      (24e6:0)      (24ee:0)  
                          (24f4:0)      (24fc:0)      (2500:0)      (2510:0)  
                          (2514:0)      (25d6:0)      (25dc:0)      (25e0:0)  
                          (25e4:0)      (25ee:0)      (25f2:0)      (25fc:0)  
                          (260e:0)      (2616:0)      (261e:0)      (262c:0)  
                          (2632:0)      (263c:0)      (2646:0)      (264e:0)  
                          (265c:0)      (267a:0)      (2682:0)      (2694:0)  
                          (26a2:0)      (26a8:0)      (26ae:0)      (26b4:0)  
                          (26b8:0)      (26c4:0)      (26ca:0)      (26d4:0)  
                          (26e2:0)      (26e8:0)      (26f4:0)      (26fa:0)  
bullet.ld               12-Apr-91 20:34:42  Xref Section                Page 3-4

symbol           value   offset:hunk   offset:hunk   offset:hunk   offset:hunk
                          (2708:0)      (271c:0)      (2826:0)      (284e:0)  
                          (2884:0)      (288c:0)      (2898:0)      (28a6:0)  
                          (28b2:0)      (28c4:0)      (28d0:0)      (28dc:0)  
_if_init     2840:0        2052:0   
_if_init      60c:*       (2d16:0)      (2f66:0)      (2f6c:0)      (1fce:0)  
                          (1fdc:0)      (1ff8:0)  
_if_init     2404:0        3bee:0        1fe2:0   
_intel_c     22b0:0        3e3e:0   
_interfa       10:*       (6670:0)      (670a:0)      (6760:0)      (676c:0)  
                          (6780:0)      (684a:0)      (6868:0)      (6884:0)  
                          (689c:0)      (68b0:0)      (68b4:0)      (68ba:0)  
                          (68da:0)      (68ea:0)      (68ee:0)      (690e:0)  
                          (6918:0)      (691e:0)      (6928:0)      (692c:0)  
                          (6938:0)      (693e:0)      (6948:0)      (694c:0)  
                          (6968:0)      (6984:0)      (699a:0)      (699e:0)  
                          (69a4:0)      (69c4:0)      (69d0:0)      (69da:0)  
                          (6a06:0)      (6a7e:0)      (6a92:0)      (6aa6:0)  
                          (6aba:0)      (6ad2:0)      (6ad6:0)      (6adc:0)  
                          (6ae4:0)      (6aea:0)      (6b06:0)      (6b2e:0)  
                          (6b38:0)      (6b42:0)      (6bd2:0)      (6bda:0)  
                          (6c0e:0)      (6c14:0)      (6cda:0)      (6cde:0)  
                          (6d1c:0)      (6d8c:0)      (6da0:0)      (6da8:0)  
                          (6dee:0)      (6df6:0)      (6f50:0)      (6f68:0)  
                          (6f8e:0)      (6f9e:0)  
_interfa     10f8:*       (66f8:0)      (6706:0)      (671c:0)      (6722:0)  
                          (672a:0)      (6732:0)      (6a12:0)      (6a1c:0)  
                          (6a22:0)      (6a2e:0)      (6a40:0)      (6a52:0)  
                          (6a76:0)      (6b1a:0)      (6e42:0)      (6f1a:0)  
_is_comp      6b6:*       (31c6:0)      (31ea:0)  
_italic      28fc:0        22f6:0   
_ix.c_1       494:*       (2b9e:0)      (2ba4:0)      (2bb8:0)      (2bd0:0)  
                          (2bee:0)      (2c72:0)      (2cde:0)      (2d34:0)  
                          (2dfc:0)      (2e26:0)      (2e34:0)      (2e56:0)  
                          (2e6a:0)      (2ef4:0)      (2f0a:0)      (3018:0)  
                          (32ea:0)      (32f6:0)      (330e:0)  
_ix.c_2       59c:*       (2c6e:0)      (2c88:0)      (2c98:0)      (2ca8:0)  
                          (2cb0:0)      (2cbe:0)      (2cce:0)      (2cd4:0)  
                          (2cf0:0)      (2cfc:0)      (2d12:0)      (2d1a:0)  
                          (2da2:0)      (2db6:0)      (2dd8:0)      (2e2e:0)  
                          (2e42:0)      (2e52:0)      (2e9c:0)      (2ebe:0)  
                          (2ee8:0)      (2eec:0)      (2f3e:0)      (2fe8:0)  
                          (3022:0)      (3054:0)      (308e:0)      (30d0:0)  
                          (310c:0)      (3128:0)      (32fc:0)      (3306:0)  
                          (3318:0)  
_IXclose     2e7c:0        1d86:0        1df8:0   
_IXexit      32e6:0        11ca:0   
_IXfind_     3000:0        1fa2:0        20cc:0   
_IXget_f     2df2:0        3bba:0        20ba:0        1264:0        1294:0   
_IXinit      2d08:0        11c4:0   
_IXmak_f     2af4:0        2098:0   
_IXopen_     2ea4:0        1d44:0        1fc2:0   
_IXsetup     307e:0        3bd2:0        4106:0        4182:0   
_LMul         7c8:0        68be:0        68f2:0        69a8:0        69ea:0   
bullet.ld               12-Apr-91 20:34:42  Xref Section                Page 3-5

symbol           value   offset:hunk   offset:hunk   offset:hunk   offset:hunk
                           21ca:0         9ec:0         9fc:0         a1c:0   
                            a2c:0   
_loop_no      7ea:*       (4878:0)      (4ba6:0)  
_LToD         6d0:0        2242:0        225a:0         a4a:0         a72:0   
_LVOAllo ffffff3a:*         60a:0   
_LVOClos fffffe62:*         5da:0         5d2:0         580:0   
_LVOFree ffffff2e:*         684:0         594:0   
_LVOOpen fffffdd8:*         56c:0         55c:0   
_MAKbitM     3f34:0        6c66:0   
_MAKchar     40ec:0        6d24:0   
_maker.c      5c8:*       (33e0:0)      (340a:0)      (355a:0)      (3564:0)  
                          (35e2:0)      (3608:0)      (371a:0)      (3724:0)  
                          (3728:0)      (3730:0)      (378a:0)      (3a62:0)  
                          (3a66:0)      (3a76:0)      (3a7a:0)      (3a88:0)  
                          (3a92:0)      (3a96:0)      (3a9c:0)      (3aa2:0)  
                          (3aa8:0)      (3ae6:0)      (3af0:0)      (3afa:0)  
                          (3b16:0)      (3b20:0)      (3b2a:0)      (3b46:0)  
                          (3b54:0)      (3b5a:0)      (3b76:0)      (3b84:0)  
                          (3b8a:0)      (3b90:0)      (3bcc:0)      (3bde:0)  
                          (3bf8:0)      (3c08:0)      (3c74:0)      (3cb6:0)  
                          (3cda:0)      (3ce6:0)      (3d3a:0)      (3d52:0)  
                          (3d60:0)      (3d6e:0)      (3d94:0)      (3dc2:0)  
                          (3dd6:0)      (3df0:0)      (3e00:0)      (3e4e:0)  
                          (3e8c:0)      (3ec6:0)      (3ed8:0)      (3f46:0)  
                          (3f4a:0)      (3f88:0)      (3f96:0)      (3fa0:0)  
                          (3ff0:0)      (4022:0)      (4030:0)      (403a:0)  
                          (404e:0)      (4068:0)      (406e:0)      (4072:0)  
                          (4078:0)      (407e:0)      (4084:0)      (408c:0)  
                          (4092:0)      (409a:0)      (40b2:0)      (40b8:0)  
                          (40ce:0)      (4100:0)      (4132:0)      (4138:0)  
                          (4144:0)      (417c:0)      (4192:0)      (41ba:0)  
_MAKfont     3c16:0        1252:0   
_MAKkern     41fc:0        12b6:0   
_margin       3d0:0        3f24:0        4056:0   
_max_ope      59e:*       (11a2:0)  
_MemAllo     42a4:0        6664:0        2fa8:0        1cd6:0   
_MemFree     42c0:0        66d8:0        677a:0        2f74:0        2f7c:0   
                           2f8c:0        2fe0:0        3314:0        331c:0   
                           1d10:0        1e00:0        2106:0   
_metrics     43f4:0        40a8:0        40dc:0   
_NewList     70f8:0        6d02:0        2d1e:0   
_next_lo     2354:0        634e:0        50da:0        293c:0         d36:0   
_np_init     4836:0        50ca:0         ce6:0   
_np_init     486c:0        50e0:0   
_num_par      6b4:*       (31cc:0)      (3222:0)      (325c:0)      (32a8:0)  
_nx           33c:0        46dc:0         dee:0         e16:0        1028:0   
                           1050:0   
_nxt_pt      4978:0        516c:0   
_nxt_pt.      6c8:*       (46ca:0)      (47c4:0)      (47e0:0)      (4808:0)  
                          (4812:0)      (483c:0)      (4844:0)      (484a:0)  
                          (4850:0)      (4856:0)      (485c:0)      (4862:0)  
                          (4868:0)      (4894:0)      (4898:0)      (48bc:0)  
                          (48c0:0)      (48c6:0)      (48cc:0)      (48d2:0)  
bullet.ld               12-Apr-91 20:34:42  Xref Section                Page 3-6

symbol           value   offset:hunk   offset:hunk   offset:hunk   offset:hunk
                          (48d8:0)      (48de:0)      (48fc:0)      (4900:0)  
                          (4904:0)      (4908:0)      (491a:0)      (491e:0)  
                          (492c:0)      (4930:0)      (4934:0)      (4938:0)  
                          (493c:0)      (4944:0)      (494e:0)      (4952:0)  
                          (495a:0)      (4960:0)      (496a:0)      (4970:0)  
                          (4982:0)      (4988:0)      (4994:0)      (49a0:0)  
                          (49a4:0)      (49a8:0)      (49b0:0)      (49b4:0)  
                          (49bc:0)      (49c4:0)      (49ce:0)      (49d2:0)  
                          (49da:0)      (49e4:0)      (49e8:0)      (49f0:0)  
                          (49f6:0)      (49fa:0)      (4a02:0)      (4a08:0)  
                          (4a22:0)      (4a2e:0)      (4a3a:0)      (4a44:0)  
                          (4a4a:0)      (4a4e:0)      (4a52:0)      (4a5a:0)  
                          (4a6a:0)      (4a80:0)      (4a9a:0)      (4a9e:0)  
                          (4aa2:0)      (4aa6:0)      (4ab2:0)      (4ab6:0)  
                          (4aba:0)      (4abe:0)      (4ac2:0)      (4ad0:0)  
                          (4ada:0)      (4ae0:0)      (4b3a:0)      (4b42:0)  
                          (4b5a:0)      (4b68:0)      (4b6c:0)      (4b70:0)  
                          (4b74:0)      (4b7e:0)      (4b88:0)      (4b8c:0)  
                          (4b90:0)      (4b94:0)      (4b9a:0)      (4ba0:0)  
_ny           35c:0        46e8:0         e02:0         e2a:0        103c:0   
                           1064:0   
_or_on        7e8:*       (3782:0)      (3d14:0)      (3d1a:0)      (3e7c:0)  
                          (3e82:0)        29a:0   
_pixel_a      4a4:0        6462:0        5d2c:0        5fae:0        601e:0   
                           613a:0        456a:0        4584:0        230e:0   
                           172a:0        1bae:0   
_pixel_a      7f4:*       (646a:0)      (456e:0)      (458c:0)      (231c:0)  
                          (172e:0)      (1bb6:0)        4dc:0         4d4:0   
_px1          7ec:*       (4968:0)      (4990:0)      (4a12:0)      (4b02:0)  
                          (4b9c:0)  
_py1          7ee:*       (496e:0)      (499c:0)      (4a0e:0)      (4b08:0)  
                          (4ba2:0)  
_q3          4f06:0        4b32:0   
_quality      6d2:*       (1bda:0)      (1bec:0)      (1bfa:0)      (1c02:0)  
_raster      508e:0        3ef4:0   
_raster.        8:*       (5006:0)      (52ec:0)      (532e:0)      (536e:0)  
                          (53c4:0)      (5416:0)      (5484:0)      (5496:0)  
                          (55ce:0)      (5622:0)      (565c:0)      (56b4:0)  
                          (5706:0)      (580a:0)      (581e:0)      (5856:0)  
                          (588e:0)      (594e:0)      (598e:0)      (59be:0)  
                          (59fe:0)      (5a34:0)      (5a6a:0)      (5aa8:0)  
                          (5ad6:0)      (5b0c:0)      (5b3c:0)      (5b7c:0)  
                          (5bb2:0)      (5be8:0)      (5c22:0)      (5c50:0)  
_raster.      7e8:*       (5110:0)      (515c:0)      (5160:0)      (5174:0)  
                          (517e:0)      (51e4:0)      (5206:0)      (522a:0)  
                          (58f2:0)  
_scale_i      386:0        6610:0   
_scale_r      394:0        5514:0        576e:0   
_skeleta      7f0:*       (5d00:0)      (5d08:0)      (5d12:0)      (5d18:0)  
                          (5dba:0)      (5dc4:0)      (5dd0:0)      (5df4:0)  
                          (5e52:0)      (5fcc:0)      (6026:0)      (6068:0)  
                          (60bc:0)      (6142:0)      (6150:0)      (61ba:0)  
                          (61c4:0)      (61d4:0)  
bullet.ld               12-Apr-91 20:34:42  Xref Section                Page 3-7

symbol           value   offset:hunk   offset:hunk   offset:hunk   offset:hunk
_skeleta     6320:0        22b8:0   
_skel_pr     5f92:0        22de:0        2336:0   
_strchr      6fd2:0        333c:0   
_strcpy      710c:0        672e:0        6a16:0        334a:0        3358:0   
_SysBase     10f8:*         64a:0   
_tran          b4:*       (33ba:0)      (33c8:0)      (33ea:0)      (33f8:0)  
                          (35d2:0)      (35da:0)  
_tty          5ce:*       (50aa:0)      (50b0:0)      (5c88:0)      (5c8e:0)  
_tx           308:0        3472:0   
_ty           322:0        3486:0   
_typePat      498:*       (11b6:0)  
_Utility     1100:*         656:0   
_v_esc        6b2:*       (321a:0)  
_x_skel       7f8:*       (4838:0)      (2906:0)      (2326:0)       (f54:0)  
                           (f5c:0)       (f70:0)       (f86:0)       (f9c:0)  
                           (fc0:0)      (111e:0)      (113c:0)  
_x_tran       780:*        (cec:0)       (d18:0)       (d1e:0)       (d22:0)  
                           (d6a:0)       (e40:0)      (10d4:0)      (10d8:0)  
                          (10de:0)        356:0         352:0         34a:0   
                            346:0         342:0   
_yclass.      7f8:*       (632a:0)      (632e:0)      (6590:0)  
_yclass_     6470:0        22c8:0   
_y_skel       c78:*       (4840:0)      (290a:0)      (22ce:0)       (ea6:0)  
                           (eae:0)       (ec2:0)       (ed8:0)       (eee:0)  
                           (f12:0)      (115a:0)      (1178:0)  
_y_tran       7ae:*        (cf0:0)       (d28:0)       (d2e:0)       (d32:0)  
                           (d84:0)       (e66:0)      (10e2:0)      (10e6:0)  
                          (10ec:0)        376:0         372:0         36a:0   
                            366:0         362:0   
__CXD22      7066:0        6846:0        6864:0        6880:0        6898:0   
                           1594:0        16a2:0        16b2:0        1760:0   
                           1776:0   
__CXD33      7034:0        6cb8:0        6d76:0        6de6:0        6e32:0   
                           5f14:0        4d40:0        4d5c:0        4318:0   
                           4344:0        4298:0        2a3a:0   
__CXM22      7014:0        6840:0        685e:0        6960:0        697c:0   
                           3e68:0        2bc4:0        215c:0        217c:0   
                           1692:0   
__CXM33      7014:0        5f0e:0        5130:0        4ce8:0        4cf8:0   
                           4d18:0        4d24:0        4d3a:0        4d56:0   
                           4306:0        4334:0        34fc:0        3514:0   
                           2a32:0        2a94:0         994:0         9a0:0   
bullet.ld               12-Apr-91 20:34:42  File Section                Page 4-1

filename         punit    hunk     type       offset:hunk     size
residenttag.o    <noname> bullet   code            0:0          44
fill.o           <noname> bullet   code           44:0         2c4
imath.o          <noname> bullet   code          308:0          c8
margin.o         <noname> bullet   code          3d0:0          d4
pixel_al.o       <noname> bullet   code          4a4:0          40
library.o        <noname> bullet   code          4e4:0         1ec
math.o           <noname> bullet   code          6d0:0         1d4
chaos.o          <noname> <noname> code          8a4:0          80
bold.o2          bold.c   <noname> code          924:0         870
cache.o2         cache.c  <noname> code         1194:0           0
cgif.o2          cgif.c   <noname> code         1194:0         13c
comp_pix.o2      comp_pix <noname> code         12d0:0         940
fc.o2            fc.c     <noname> code         1c10:0          4c
fm.o2            fm.c     <noname> code         1c5c:0         4c8
fmath.o2         fmath.c  <noname> code         2124:0         18c
if.o2            if.c     <noname> code         22b0:0          a4
if_init.o2       if_init. <noname> code         2354:0         5a8
ital.o2          ital.c   <noname> code         28fc:0         1f8
ix.o2            ix.c     <noname> code         2af4:0         884
maker.o2         maker.c  <noname> code         3378:0         f2c
mem.o2           mem.c    <noname> code         42a4:0          34
metrics.o2       metrics. <noname> code         42d8:0         3dc
nxt_pt.o2        nxt_pt.c <noname> code         46b4:0         4fc
q3.o2            q3.c     <noname> code         4bb0:0         434
raster.o2        raster.c <noname> code         4fe4:0         cb4
skeletal.o2      skeletal <noname> code         5c98:0         688
yclass.o2        yclass.c <noname> code         6320:0         334
interface.o2     interfac <noname> code         6654:0         958
endtag.o         <noname> bullet   code         6fac:0           0
bullet.ld             12-Apr-91 20:34:42  Library Section               Page 5-1

filename         punit    hunk     type       offset:hunk     size
SYS:Lib2.0/lc.li stpchr.c text     code         6fac:0          68
                 cxm33    text     code         7014:0          20
                 cxd33    text     code         7034:0          c4
                 newlist  text     code         70f8:0          14
                 strcpy   text     code         710c:0          10
SYS:Lib2.0/lcm.l SYS:Lib2.0/amiga exec_LVO exec_LVO code         711c:0           0
