wb.ld                   12-Nov-91 18:52:13  Hunk Section                Page 1-1

 num hunk         size filename         punit    type         base  alv
   0 section     10d28 vers.o           <noname> code            0    0
                       abs.o            <noname> code           1c    0
                       alists.o         <noname> code          450    0
                       syscalls.o       <noname> code          57c    0
                       diskchange.o     diskchan code          5a4   13
                       diskin.o         diskin.c code          ea8    4
                       errcalls.o       errcalls code         1168    3
                       copy.o           copy.c   code         1494    2
                       fileops.o        fileops. code         2bf4    3
                       global.o         global.c code         3124    0
                       icons.o          icons.c  code         317c    4
                       drawers.o        drawers. code         428c    6
                       incoming.o       incoming code         543c    0
                       ioloop.o         ioloop.c code         5fe8    0
                       main.o           main.c   code         6788    1
                       matrix.o         matrix.c code         6b54    1
                       init.o           init.c   code         7454    0
                       menus.o          menus.c  code         768c    8
                       stubs.o          <noname> code         8b68    0
                       objectio.o       objectio code         8e08    1
                       placeicon.o      placeico code         9140    3
                       recurse.o        recurse. code         9a24    1
                       requesters.o     requeste code         a058    0
                       runtool.o        runtool. code         a2a8    0
                       timer.o          timer.c  code         ab8c    2
                       windows.o        windows. code         aea4    3
                       update.o         update.c code         bdd0    7
                       drawbox.o        <noname> code         c3ac    0
                       gels.o           gels.c   code         c4cc    4
                       app.o            app.c    code         d018    4
                       startup.o        startup. code         d7e0    0
                       iconlib.o        iconlib. code         dbd4    4
                       viewbytext.o     viewbyte code         df8c    4
                       cstrings.o       cstrings code         e2a8    0
                       infomisc.o       infomisc code         e330    0
                       inforender.o     inforend code         e4e4    0
                       infoio.o         infoio.c code         e7e4    0
                       infoinit.o       infoinit code         ea70    1
                       infowindow.o     infowind code         f260    0
                       infoevent.o      infoeven code         f7d4    0
                       executewindow.o  executew code         fb4c    0
                       executerender.o  executer code         fe10    0
                       backdrop.o       backdrop code        100b8    9
                       backfill.o       backfill code        10818    0
                       quotes.o         <noname> code        10a3c    0
                       wblib.lib        wb_LVO   code        10acc    0
                       lib:ROM.lib      dos_LVO  code        10acc    0
                       lib:ROM.lib      dos_LVO  code        10acc    0
                       lib:ROM.lib      exec_LVO code        10acc    0
                       lib:ROM.lib      graphics code        10acc    0
                       lib:ROM.lib      graphics code        10acc    0
                       lib:ROM.lib      utility_ code        10acc    0
                       lib:ROM.lib      <noname> code        10acc    0
wb.ld                   12-Nov-91 18:52:13  Hunk Section                Page 1-2

 num hunk         size filename         punit    type         base  alv
                       lib:ROM.lib      <noname> code        10ae8    0
                       lib:ROM.lib      <noname> code        10afc    0
                       lib:ROM.lib      <noname> code        10b18    0
                       lib:ROM.lib      <noname> code        10b2c    0
                       lib:ROM.lib      <noname> code        10b48    0
                       lib:ROM.lib      <noname> code        10b64    0
                       lib:ROM.lib      <noname> code        10b88    0
                       lib:ROM.lib      <noname> code        10bac    0
                       lib:ROM.lib      <noname> code        10bc0    0
                       lib:ROM.lib      <noname> code        10bdc    0
                       lib:ROM.lib      <noname> code        10bf0    0
                       lib:ROM.lib      <noname> code        10c08    0
                       lib:ROM.lib      <noname> code        10c30    0
                       lib:ROM.lib      <noname> code        10c30    0
                       lib:lcnb.lib     strncpy  code        10c44    0
                       lib:lcnb.lib     strcat   code        10c68    0
                       lib:lcnb.lib     stpchr.c code        10c80    0
                       lib:lcnb.lib     stccpy.c code        10ce8    0
   1 <noname>     1214 abs.o            <noname> data            0    0
                       copy.o           copy.c   data            4    0
                       global.o         global.c data           18    0
                       drawers.o        drawers. data           60    0
                       ioloop.o         ioloop.c data           68    0
                       main.o           main.c   data           8c    0
                       menus.o          menus.c  data           e4    0
                       runtool.o        runtool. data          534    0
                       windows.o        windows. data          5a8    0
                       startup.o        startup. data          6e0    0
                       inforender.o     inforend data          6f4    0
                       infowindow.o     infowind data          714    0
                       executewindow.o  executew data          784    0
                       quotes.o         <noname> data          7dc    0
                       lib:ROM.lib      dos_LVO  data         1210    0
                       lib:ROM.lib      graphics data         1210    0
                       lib:ROM.lib      <noname> data         1210    0
                       endcode.lib      <noname> data         1210    0
wb.ld                  12-Nov-91 18:52:13  Symbol Section               Page 2-1

symbol             offset:hunk symbol             offset:hunk
ActiveSearch          520:0    EndCode              1210:1   
GetQuote            10a3c:0    LastSelected          56e:0   
MasterSearch          454:0    NodeToObj             4f6:0   
PeekTail              562:0    REVNUM                  3:*   
SearchList            52e:0    SelectSearch          45e:0   
SiblingPredSearc      4bc:0    SiblingSuccSearc      480:0   
SizeList              50c:0    UtilityRevSearch      472:0   
UtilitySearch         468:0    VERNUM                 27:*   
_AbleMenu            797a:0    _AbortLayerDemon     ad5e:0   
_AboutSegment         16c:0    _AboutWorkbench      768c:0   
_AbsExecBase            4:*    _ActiveSearch         51c:0   
_AddAllChildren      4636:0    _AddAppIcon          d31e:0   
_AddAppMenuItem      d4aa:0    _AddAppWindow        d582:0   
_AddChild            450e:0    _AddChildCommon      43a4:0   
_AddDiskIcon         1106:0    _AddHeadStub         8c6c:0   
_AddIcon             39fc:0    _AddPartStub         8d90:0   
_AddTailStub         8c86:0    _AddToolMenuItem     7cdc:0   
_AddWbBob            cb00:0    _adjustWindow        b2f4:0   
_AllocDrawer         144c:0    _AllocMemStub        8be8:0   
_AllocMyMsg          8b68:0    _AllocMyNameMsg      1a48:0   
_AllocNode           e3c2:0    _AllocVecStub        8bf0:0   
_AlphaEnqueue        8c26:0    _AnimateDragSele     c3ac:0   
_AssignDOtoWBO       2fd8:0    _atoi                8da4:0   
_BackFill           1088c:0    _BackgroundDir       6f92:0   
_BeginDiskIO         8fb8:0    _BeginIconUpdate     31d2:0   
_BltBitMapRastPo    10b64:0    _BltMaskBitMapRa    10b88:0   
_bootrom           f80000:*    _BringToFront        5720:0   
_BtoC                2f78:0    _BuildBackdropPa    1028c:0   
_BuildColumn         9688:0    _BuildToolTypes      e7e4:0   
_CanDelete           9b7a:0    _cartridge         f00000:*   
_ChangeChildView     4062:0    _ChangeShowAll       412e:0   
_ChangeViewBy        41ba:0    _CheckDiskIO         8ff8:0   
_CheckForChildOn     be16:0    _CheckForLeftOut      646:0   
_CheckForNotType     79ba:0    _CheckForOpenChi     4928:0   
_CheckForType        79e0:0    _CheckSortRect       c3f4:0   
_Cleanup             971c:0    _CleanupAppMsg       d092:0   
_CleanUpBuffer      10548:0    _CleanupNotifica     6092:0   
_CleanupObj          95d4:0    _ClearActive          62e:0   
_ClearDragging       cea0:0    _ClearDragSelect     cd5c:0   
_ClearDrawerWind     38f6:0    _ClearMenuStrip     10bac:0   
_ClearMoving         ce26:0    _ClearWaitPointe     8f2a:0   
_CloseBackdrop      1014a:0    _CloseChild          489a:0   
_CloseDrawer         4940:0    _CloseExecuteTag     fdaa:0   
_CloseInfoTag        f736:0    _CloseLibraries        f6:0   
_CloseLibraryStu     8bd8:0    _ClosePWindow        bd1e:0   
_CloseStub           8d14:0    _CloseWBCat         10a9e:0   
_CollideVertical     94c6:0    _ComputeMaxTextW     4fc2:0   
_ConditionalCrea     ea70:0    _CopyImage           d28a:0   
_CopyReader          1a88:0    _Copyright            80b:1   
_Copyright2           821:1    _Copyright3           837:1   
_CopyrightFormat      802:1    _CopyWriter          1562:0   
_CountItems          7e80:0    _CreateDirStub       8d0e:0   
_CreateGadget       10acc:0    _CreateIconFromN     531a:0   
wb.ld                  12-Nov-91 18:52:13  Symbol Section               Page 2-2

symbol             offset:hunk symbol             offset:hunk
_CreateIconFromN     5264:0    _CreateIconFromN     538e:0   
_CreateMenus        10ae8:0    _CreateNewProcSt     8d60:0   
_CreateProcStub      8d54:0    _CreateTool          a752:0   
_CreateWBMenus       7786:0    _CurrentDirStub      8d1a:0   
_datetostring        e330:0    _defaultAttr           60:1   
_DeleteFileStub      8d78:0    _DeleteToolMenuI     7d28:0   
_DeltaSize           f302:0    _DisableGadget       e42c:0   
_Discard             9f0a:0    _DiskCopy            6e56:0   
_DiskfontBaseOff       d8:*    _DiskIconName         8b8:1   
_DiskInserted         ed6:0    _DoAppCommon         d0b4:0   
_DoAppWork           d648:0    _DoClose2            54ca:0   
_DoCopyRequest       1494:0    _DoEmptyTrash        7ed6:0   
_DoExecute           863e:0    _DoInfo              85ee:0   
_DoLayerDemon        ae78:0    _DoMouseMoves        5934:0   
_DoOpen              54a6:0    _DoOpen2             543c:0   
_DOSBaseOffset         d0:*    _DosCopy             263e:0   
_DosCopyExit         295a:0    _DosCopyLaunch       27f4:0   
_DosCopySegment       18c:0    _DosCopySegmentW      19c:0   
_DosCopyW            24f8:0    _DosMove             2e90:0   
_DownMoveTemplat      69c:1    _Do_Next_Pro         eb2a:0   
_DragObject          727c:0    _DragSelect          c8be:0   
_DragSelectIcon      c7d0:0    _DrawBox             c40e:0   
_Duplicate           2ade:0    _DupLockStub         8d08:0   
_EmboseIcon          35c0:0    _EmptyTrash          9ea8:0   
_EnableGadget        e400:0    _EndDiskIO           9024:0   
_EndIconUpdate       32ce:0    _ErrorDos            12d4:0   
_ErrorTitle          13e6:0    _ExamineStub         8d6c:0   
_exit                 164:0    _ExitArgs            ab50:0   
_ExitTool            ab16:0    _ExNextStub          8d72:0   
_FibWBGetWBObjec     dd20:0    _FilePartStub        8d8a:0   
_FillBackdrop       1015e:0    _FindActive           c9c:0   
_FindAppIcon         d018:0    _FindColumn          92f6:0   
_FindColumnWidth     95fe:0    _FindDefaultTool     a4aa:0   
_FindDeviceNode       ea8:0    _FindDevices          604:0   
_FindDisks            bdc:0    _FindDupObj          433e:0   
_FindParent          bdd0:0    _FindSameName        44e4:0   
_FindStartupIcon     a4d2:0    _FindTool            a492:0   
_FindVolume           5a4:0    _FixInfo              bae:0   
_FloppyCheck          9d2:0    _ForceRebuildVie     649c:0   
_FormatDrawerUse     b51a:0    _FormatObj           df8c:0   
_FormatWindowNam     b62e:0    _FreeMemStub         8bcc:0   
_FreeMyMsg           8c0a:0    _FreeMyPath          6788:0   
_FreeVecList         46e0:0    _FreeVecStub         8c1a:0   
_FreeWBMenus         780a:0    _FullRemoveObjec    10500:0   
_GadToolsBaseOff       dc:*    _GetImageMode        3f7c:0   
_GetParentsLock      8ed4:0    _GetStartUpMsg       24b0:0   
_GetVisualInfo      10b18:0    _GetWBIcon           30b2:0   
_GfxBaseOffset         c4:*    _growNameImage       e146:0   
_GT_SetGadgetAtt    10afc:0    _HandleExecuteEv     ffe0:0   
_HandleGadgetUp      f9da:0    _HandleInfoEvent     fac4:0   
_HandleTTGadget      f7d4:0    _hiddennewmenu        468:1   
_HighIcon            5698:0    _hookEntry            58a:0   
_HPropGadget          5ec:1    _IconBaseOffset        cc:*   
wb.ld                  12-Nov-91 18:52:13  Symbol Section               Page 2-3

symbol             offset:hunk symbol             offset:hunk
_IconBoxBackdrop     3930:0    _IconTextLength      9140:0   
_IconToAppIcon       d056:0    _IconUpdate          bf8a:0   
_ImageToBitMap       3fe6:0    _IncomingEvent       59de:0   
_InfoListsCommon     50d4:0    _InfoRenderIcon      e53e:0   
_InfoSave            e99e:0    _InfoSuf              8bd:1   
_InitAll             eb94:0    _initDisks            b22:0   
_InitDosCopy         26d8:0    _InitDosCopyW        25a6:0   
_InitEmbosing        7636:0    _InitExecute         fe10:0   
_InitFunc            6a06:0    _initgadget2         317c:0   
_InitGadgets         b726:0    _initIconText        4bd8:0   
_InitLayerDemon      add6:0    _InitNewGadBotto     eaf8:0   
_InitPattern         65e4:0    _initPointers        3124:0   
_InitPotion          75d4:0    _InitScreenAndWi     b334:0   
_initSomeText        4a3c:0    _initText            4c38:0   
_initTextText        4c08:0    _initTimer           ab8c:0   
_initWbGels          c4cc:0    _insertByDate        98bc:0   
_insertByName        9892:0    _insertBySize        98f6:0   
_InsertByText        9936:0    _InsertByY           92b6:0   
_InstallBackFill    109dc:0    _InstallItemStri     78f6:0   
_InstallMenuStri     7892:0    _InsureTextAlign     500e:0   
_IntuitionBaseOf       c8:*    _IoErrStub           8d96:0   
_ioloop              6246:0    _ioloopinit          60d0:0   
_ioloopuninit        6202:0    _itoa                88a6:0   
_KickstartName        8f4:1    _Kill1File           9a78:0   
_KillDir             9c9a:0    _KillDirectory       9e5e:0   
_KillFile            9b40:0    _LastSelected         56e:0   
_LayersBaseOffse       d4:*    _LayoutMenuItems    10b2c:0   
_LayoutMenus        10b48:0    _LayoutWBMenus       7860:0   
_LeaveOut           102f2:0    _LeftMoveTemplat      618:1   
_LinkerDB              (0:*)   _LoadTool            a914:0   
_LoadToolCommon      aa46:0    _LoadToolSegment      17c:0   
_LocalAddIcon        470c:0    _LockDrawer          42c6:0   
_LockRamDisk         316c:0    _LockStub            8d20:0   
_LookForSameDraw     b864:0    _LVOAbortIO      fffffe20:*   
_LVOAbortPkt     fffffef8:*    _LVOAddAnimOb    ffffff64:*   
_LVOAddAppIconA  ffffffc4:*    _LVOAddAppMenuIt ffffffb8:*   
_LVOAddAppWindow ffffffd0:*    _LVOAddBob       ffffffa0:*   
_LVOAddBuffers   fffffd24:*    _LVOAddDevice    fffffe50:*   
_LVOAddDisplayIn fffffd1e:*    _LVOAddDisplayIn fffffd18:*   
_LVOAddDosEntry  fffffd5a:*    _LVOAddFont      fffffe20:*   
_LVOAddHead      ffffff10:*    _LVOAddIntServer ffffff58:*   
_LVOAddLibrary   fffffe74:*    _LVOAddMemList   fffffd96:*   
_LVOAddPart      fffffc8e:*    _LVOAddPort      fffffe9e:*   
_LVOAddResource  fffffe1a:*    _LVOAddSegment   fffffcfa:*   
_LVOAddSemaphore fffffda8:*    _LVOAddTail      ffffff0a:*   
_LVOAddTask      fffffee6:*    _LVOAddVSprite   ffffff9a:*   
_LVOAlert        ffffff94:*    _LVOAllocAbs     ffffff34:*   
_LVOAllocate     ffffff46:*    _LVOAllocateTagI ffffffbe:*   
_LVOAllocDosObje ffffff1c:*    _LVOAllocEntry   ffffff22:*   
_LVOAllocMem     ffffff3a:*    _LVOAllocPooled  fffffd3c:*   
_LVOAllocRaster  fffffe14:*    _LVOAllocSignal  fffffeb6:*   
_LVOAllocTrap    fffffeaa:*    _LVOAllocVec     fffffd54:*   
_LVOAmiga2Date   ffffff88:*    _LVOAndRectRegio fffffe08:*   
wb.ld                  12-Nov-91 18:52:13  Symbol Section               Page 2-4

symbol             offset:hunk symbol             offset:hunk
_LVOAndRegionReg fffffd90:*    _LVOAnimate      ffffff5e:*   
_LVOAreaDraw     fffffefe:*    _LVOAreaEllipse  ffffff46:*   
_LVOAreaEnd      fffffef8:*    _LVOAreaMove     ffffff04:*   
_LVOAskFont      fffffe26:*    _LVOAskSoftStyle ffffffac:*   
_LVOAssignAdd    fffffd8a:*    _LVOAssignLate   fffffd96:*   
_LVOAssignLock   fffffd9c:*    _LVOAssignPath   fffffd90:*   
_LVOAttemptLockD fffffd66:*    _LVOAttemptLockL fffffd72:*   
_LVOAttemptSemap fffffdc0:*    _LVOAttemptSemap fffffd30:*   
_LVOAvailMem     ffffff28:*    _LVOBitMapScale  fffffd5a:*   
_LVOBltBitMap    ffffffe2:*    _LVOBltBitMapRas fffffda2:*   
_LVOBltClear     fffffed4:*    _LVOBltMaskBitMa fffffd84:*   
_LVOBltPattern   fffffec8:*    _LVOBltTemplate  ffffffdc:*   
_LVOCacheClearE  fffffd7e:*    _LVOCacheClearU  fffffd84:*   
_LVOCacheControl fffffd78:*    _LVOCachePostDMA fffffd00:*   
_LVOCachePreDMA  fffffd06:*    _LVOCallHookPkt  ffffff9a:*   
_LVOCause        ffffff4c:*    _LVOCBump        fffffe92:*   
_LVOChangeMode   fffffe3e:*    _LVOChangeSprite fffffe5c:*   
_LVOCheckDate    ffffff7c:*    _LVOCheckIO      fffffe2c:*   
_LVOCheckSignal  fffffce8:*    _LVOChildFree    fffffd1e:*   
_LVOChildOrphan  fffffd18:*    _LVOChildStatus  fffffd12:*   
_LVOChildWait    fffffd0c:*    _LVOClearEOL     ffffffd6:*   
_LVOClearRectReg fffffdf6:*    _LVOClearRegion  fffffdf0:*   
_LVOClearScreen  ffffffd0:*    _LVOClearVec     ffffff5e:*   
_LVOCli          fffffe14:*    _LVOCliInit      fffffc64:*   
_LVOCliInitNewcl fffffc5e:*    _LVOCliInitRun   fffffc58:*   
_LVOClipBlit     fffffdd8:*    _LVOCloneTagItem ffffffb8:*   
_LVOClose        ffffffdc:*    _LVOCloseDevice  fffffe3e:*   
_LVOCloseFont    ffffffb2:*    _LVOCloseLibrary fffffe62:*   
_LVOCloseMonitor fffffd30:*    _LVOCMove        fffffe8c:*   
_LVOColdReboot   fffffd2a:*    _LVOCompareDates fffffd1e:*   
_LVOCopyMem      fffffd90:*    _LVOCopyMemQuick fffffd8a:*   
_LVOCopySBitMap  fffffe3e:*    _LVOCreateDir    ffffff88:*   
_LVOCreateIORequ fffffd72:*    _LVOCreateMsgPor fffffd66:*   
_LVOCreateNewPro fffffe0e:*    _LVOCreatePrivat fffffd48:*   
_LVOCreateProc   ffffff76:*    _LVOCurrentDir   ffffff82:*   
_LVOCWait        fffffe86:*    _LVODate2Amiga   ffffff82:*   
_LVODateStamp    ffffff40:*    _LVODateToStr    fffffd18:*   
_LVODeallocate   ffffff40:*    _LVODebug        ffffff8e:*   
_LVODelay        ffffff3a:*    _LVODeleteFile   ffffffb8:*   
_LVODeleteIORequ fffffd6c:*    _LVODeleteMsgPor fffffd60:*   
_LVODeletePrivat fffffd42:*    _LVODeleteVar    fffffc70:*   
_LVODeviceProc   ffffff52:*    _LVODisable      ffffff88:*   
_LVODisownBlitte fffffe32:*    _LVODispatch     ffffffc4:*   
_LVODisposeRegio fffffdea:*    _LVODoCollision  ffffff94:*   
_LVODoIO         fffffe38:*    _LVODoPkt        ffffff10:*   
_LVODosGetString fffffc2e:*    _LVODosNameFromA fffffcac:*   
_LVODraw         ffffff0a:*    _LVODrawEllipse  ffffff4c:*   
_LVODrawGList    ffffff8e:*    _LVODupLock      ffffffa0:*   
_LVODupLockFromF fffffe8c:*    _LVOEnable       ffffff82:*   
_LVOEndNotify    fffffc82:*    _LVOEnqueue      fffffef2:*   
_LVOEraseRect    fffffcd6:*    _LVOErrorReport  fffffe20:*   
_LVOExAll        fffffe50:*    _LVOExamine      ffffff9a:*   
_LVOExamineFH    fffffe7a:*    _LVOException    ffffffbe:*   
wb.ld                  12-Nov-91 18:52:13  Symbol Section               Page 2-5

symbol             offset:hunk symbol             offset:hunk
_LVOExecReserved fffffcfa:*    _LVOExecReserved fffffcf4:*   
_LVOExecReserved fffffcee:*    _LVOExecReserved fffffce8:*   
_LVOExecute      ffffff22:*    _LVOExit         ffffff70:*   
_LVOExitIntr     ffffffdc:*    _LVOExNext       ffffff94:*   
_LVOExtendFont   fffffcd0:*    _LVOFault        fffffe2c:*   
_LVOFGetC        fffffece:*    _LVOFGets        fffffeb0:*   
_LVOFilePart     fffffc9a:*    _LVOFilterTagCha ffffffca:*   
_LVOFilterTagIte ffffffa0:*    _LVOFindArg      fffffcdc:*   
_LVOFindCliProc  fffffdde:*    _LVOFindDisplayI fffffd2a:*   
_LVOFindDosEntry fffffd54:*    _LVOFindName     fffffeec:*   
_LVOFindPort     fffffe7a:*    _LVOFindResident ffffffa0:*   
_LVOFindSegment  fffffcf4:*    _LVOFindSemaphor fffffdae:*   
_LVOFindTagItem  ffffffe2:*    _LVOFindTask     fffffeda:*   
_LVOFindVar      fffffc6a:*    _LVOFlood        fffffeb6:*   
_LVOFlush        fffffe98:*    _LVOFontExtent   fffffd06:*   
_LVOForbid       ffffff7c:*    _LVOFormat       fffffd36:*   
_LVOFPutC        fffffec8:*    _LVOFPuts        fffffeaa:*   
_LVOFRead        fffffebc:*    _LVOFreeArgs     fffffca6:*   
_LVOFreeColorMap fffffdc0:*    _LVOFreeCopList  fffffdde:*   
_LVOFreeCprList  fffffdcc:*    _LVOFreeDevicePr fffffd78:*   
_LVOFreeDosEntry fffffd42:*    _LVOFreeDosObjec ffffff16:*   
_LVOFreeEntry    ffffff1c:*    _LVOFreeGBuffers fffffda8:*   
_LVOFreeMem      ffffff2e:*    _LVOFreePooled   fffffd36:*   
_LVOFreeRaster   fffffe0e:*    _LVOFreeSignal   fffffeb0:*   
_LVOFreeSprite   fffffe62:*    _LVOFreeTagItems ffffffb2:*   
_LVOFreeTrap     fffffea4:*    _LVOFreeVec      fffffd4e:*   
_LVOFreeVPortCop fffffde4:*    _LVOFWrite       fffffeb6:*   
_LVOGetArgStr    fffffdea:*    _LVOGetCC        fffffdf0:*   
_LVOGetColorMap  fffffdc6:*    _LVOGetConsoleTa fffffe02:*   
_LVOGetCurrentDi fffffdcc:*    _LVOGetDevicePro fffffd7e:*   
_LVOGetDisplayIn fffffd0c:*    _LVOGetFileSysTa fffffdf6:*   
_LVOGetGBuffers  ffffff58:*    _LVOGetMsg       fffffe8c:*   
_LVOGetProgramDi fffffda8:*    _LVOGetProgramNa fffffdc0:*   
_LVOGetPrompt    fffffdb4:*    _LVOGetRGB4      fffffdba:*   
_LVOGetSprite    fffffe68:*    _LVOGetTagData   ffffffdc:*   
_LVOGetVar       fffffc76:*    _LVOGetVPModeID  fffffce8:*   
_LVOGfxAssociate fffffd60:*    _LVOGfxFree      fffffd66:*   
_LVOGfxLookUp    fffffd42:*    _LVOGfxNew       fffffd6c:*   
_LVOInfo         ffffff8e:*    _LVOInhibit      fffffd2a:*   
_LVOInitArea     fffffee6:*    _LVOInitBitMap   fffffe7a:*   
_LVOInitCode     ffffffb8:*    _LVOInitGels     ffffff88:*   
_LVOInitGMasks   ffffff52:*    _LVOInitMasks    ffffff82:*   
_LVOInitRastPort ffffff3a:*    _LVOInitResident ffffff9a:*   
_LVOInitSemaphor fffffdd2:*    _LVOInitStruct   ffffffb2:*   
_LVOInitTmpRas   fffffe2c:*    _LVOInitView     fffffe98:*   
_LVOInitVPort    ffffff34:*    _LVOInput        ffffffca:*   
_LVOInsert       ffffff16:*    _LVOInternalLoad fffffd0c:*   
_LVOInternalUnLo fffffd06:*    _LVOIoErr        ffffff7c:*   
_LVOIsFileSystem fffffd3c:*    _LVOIsInteractiv ffffff28:*   
_LVOLoadRGB4     ffffff40:*    _LVOLoadSeg      ffffff6a:*   
_LVOLoadView     ffffff22:*    _LVOLock         ffffffac:*   
_LVOLockDosList  fffffd72:*    _LVOLockLayerRom fffffe50:*   
_LVOLockRecord   fffffef2:*    _LVOLockRecords  fffffeec:*   
wb.ld                  12-Nov-91 18:52:13  Symbol Section               Page 2-6

symbol             offset:hunk symbol             offset:hunk
_LVOMakeDosEntry fffffd48:*    _LVOMakeFunction ffffffa6:*   
_LVOMakeLibrary  ffffffac:*    _LVOMakeLink     fffffe44:*   
_LVOMakeVPort    ffffff28:*    _LVOMapTags      ffffffc4:*   
_LVOMatchEnd     fffffcbe:*    _LVOMatchFirst   fffffcca:*   
_LVOMatchNext    fffffcc4:*    _LVOMatchPattern fffffcb2:*   
_LVOMatchPattern fffffc34:*    _LVOMaxCli       fffffdd8:*   
_LVOModeNotAvail fffffce2:*    _LVOMove         ffffff10:*   
_LVOMoveSprite   fffffe56:*    _LVOMrgCop       ffffff2e:*   
_LVONameFromFH   fffffe68:*    _LVONameFromLock fffffe6e:*   
_LVONewLoadSeg   fffffd00:*    _LVONewRegion    fffffdfc:*   
_LVONextDisplayI fffffd24:*    _LVONextDosEntry fffffd4e:*   
_LVONextTagItem  ffffffd0:*    _LVONoReqLoadSeg ffffff58:*   
_LVOObtainSemaph fffffdcc:*    _LVOObtainSemaph fffffdba:*   
_LVOObtainSemaph fffffd5a:*    _LVOOldOpenLibra fffffe68:*   
_LVOOpen         ffffffe2:*    _LVOOpenDevice   fffffe44:*   
_LVOOpenFont     ffffffb8:*    _LVOOpenFromLock fffffe86:*   
_LVOOpenLibrary  fffffdd8:*    _LVOOpenMonitor  fffffd36:*   
_LVOOpenResource fffffe0e:*    _LVOOrRectRegion fffffe02:*   
_LVOOrRegionRegi fffffd9c:*    _LVOOutput       ffffffc4:*   
_LVOOwnBlitter   fffffe38:*    _LVOPackBoolTags ffffffd6:*   
_LVOParentDir    ffffff2e:*    _LVOParentOfFH   fffffe80:*   
_LVOParsePattern fffffcb8:*    _LVOParsePattern fffffc3a:*   
_LVOPathPart     fffffc94:*    _LVOPermit       ffffff76:*   
_LVOPolyDraw     fffffeb0:*    _LVOPrintFault   fffffe26:*   
_LVOProcure      fffffde4:*    _LVOPutMsg       fffffe92:*   
_LVOPutStr       fffffc4c:*    _LVOQBlit        fffffeec:*   
_LVOQBSBlit      fffffeda:*    _LVOQuoteWorkben ffffffdc:*   
_LVORawDoFmt     fffffdf6:*    _LVORawIOInit    fffffe08:*   
_LVORawMayGetCha fffffe02:*    _LVORawPutChar   fffffdfc:*   
_LVORead         ffffffd6:*    _LVOReadArgs     fffffce2:*   
_LVOReadItem     fffffcd6:*    _LVOReadLink     fffffe4a:*   
_LVOReadPixel    fffffec2:*    _LVOReadPixelArr fffffcf4:*   
_LVOReadPixelLin fffffd00:*    _LVORectFill     fffffece:*   
_LVORefreshTagIt ffffffac:*    _LVORelabel      fffffd30:*   
_LVOReleaseSemap fffffdc6:*    _LVOReleaseSemap fffffdb4:*   
_LVORemAssignLis fffffd84:*    _LVORemDevice    fffffe4a:*   
_LVORemDosEntry  fffffd60:*    _LVORemFont      fffffe1a:*   
_LVORemHead      fffffefe:*    _LVORemIBob      ffffff7c:*   
_LVORemIntServer ffffff52:*    _LVORemLibrary   fffffe6e:*   
_LVORemove       ffffff04:*    _LVORemoveAppIco ffffffbe:*   
_LVORemoveAppMen ffffffb2:*    _LVORemoveAppWin ffffffca:*   
_LVORemPort      fffffe98:*    _LVORemResource  fffffe14:*   
_LVORemSegment   fffffcee:*    _LVORemSemaphore fffffda2:*   
_LVORemTail      fffffef8:*    _LVORemTask      fffffee0:*   
_LVORemVSprite   ffffff76:*    _LVORename       ffffffb2:*   
_LVOReplyMsg     fffffe86:*    _LVOReplyPkt     fffffefe:*   
_LVOReschedule   ffffffd0:*    _LVORunCommand   fffffe08:*   
_LVOSameDevice   fffffc28:*    _LVOSameLock     fffffe5c:*   
_LVOScalerDiv    fffffd54:*    _LVOSchedule     ffffffd6:*   
_LVOScrollRaster fffffe74:*    _LVOScrollVPort  fffffdb4:*   
_LVOSDivMod32    ffffff6a:*    _LVOSeek         ffffffbe:*   
_LVOSelectInput  fffffeda:*    _LVOSelectOutput fffffed4:*   
_LVOSendIO       fffffe32:*    _LVOSendPkt      ffffff0a:*   
wb.ld                  12-Nov-91 18:52:13  Symbol Section               Page 2-7

symbol             offset:hunk symbol             offset:hunk
_LVOSetAPen      fffffeaa:*    _LVOSetArgStr    fffffde4:*   
_LVOSetBPen      fffffea4:*    _LVOSetCollision ffffff70:*   
_LVOSetComment   ffffff4c:*    _LVOSetConsoleTa fffffdfc:*   
_LVOSetCurrentDi fffffdd2:*    _LVOSetDisplayIn fffffd12:*   
_LVOSetDrMd      fffffe9e:*    _LVOSetExcept    fffffec8:*   
_LVOSetFileDate  fffffe74:*    _LVOSetFileSize  fffffe38:*   
_LVOSetFileSysTa fffffdf0:*    _LVOSetFont      ffffffbe:*   
_LVOSetFunction  fffffe5c:*    _LVOSetIntVector ffffff5e:*   
_LVOSetIoErr     fffffe32:*    _LVOSetMode      fffffe56:*   
_LVOSetProgramDi fffffdae:*    _LVOSetProgramNa fffffdc6:*   
_LVOSetPrompt    fffffdba:*    _LVOSetProtectio ffffff46:*   
_LVOSetRast      ffffff16:*    _LVOSetRGB4      fffffee0:*   
_LVOSetRGB4CM    fffffd8a:*    _LVOSetSignal    fffffece:*   
_LVOSetSoftStyle ffffffa6:*    _LVOSetSR        ffffff70:*   
_LVOSetTaskPri   fffffed4:*    _LVOSetVar       fffffc7c:*   
_LVOSetVBuf      fffffe92:*    _LVOSignal       fffffebc:*   
_LVOSMult32      ffffff76:*    _LVOSortGList    ffffff6a:*   
_LVOSplitName    fffffe62:*    _LVOStackSwap    fffffd24:*   
_LVOStartNotify  fffffc88:*    _LVOStartWorkben ffffffd6:*   
_LVOStricmp      ffffff5e:*    _LVOStripFont    fffffcca:*   
_LVOStrnicmp     ffffff58:*    _LVOStrToDate    fffffd12:*   
_LVOStrToLong    fffffcd0:*    _LVOSumKickData  fffffd9c:*   
_LVOSumLibrary   fffffe56:*    _LVOSuperState   ffffff6a:*   
_LVOSupervisor   ffffffe2:*    _LVOSwitch       ffffffca:*   
_LVOSyncSBitMap  fffffe44:*    _LVOSystemTagLis fffffda2:*   
_LVOTagInArray   ffffffa6:*    _LVOText         ffffffc4:*   
_LVOTextExtent   fffffd4e:*    _LVOTextFit      fffffd48:*   
_LVOTextLength   ffffffca:*    _LVOToLower      ffffff4c:*   
_LVOToUpper      ffffff52:*    _LVOTypeOfMem    fffffdea:*   
_LVOUCopperListI fffffdae:*    _LVOUDivMod32    ffffff64:*   
_LVOUMult32      ffffff70:*    _LVOUnGetC       fffffec2:*   
_LVOUnLoadSeg    ffffff64:*    _LVOUnLock       ffffffa6:*   
_LVOUnLockDosLis fffffd6c:*    _LVOUnlockLayerR fffffe4a:*   
_LVOUnLockRecord fffffee6:*    _LVOUnLockRecord fffffee0:*   
_LVOUpdateWorkbe ffffffe2:*    _LVOUserState    ffffff64:*   
_LVOVacate       fffffdde:*    _LVOVBeamPos     fffffe80:*   
_LVOVFPrintf     fffffe9e:*    _LVOVFWritef     fffffea4:*   
_LVOVideoControl fffffd3c:*    _LVOVPrintf      fffffc46:*   
_LVOWait         fffffec2:*    _LVOWaitBlit     ffffff1c:*   
_LVOWaitBOVP     fffffe6e:*    _LVOWaitForChar  ffffff34:*   
_LVOWaitIO       fffffe26:*    _LVOWaitPkt      ffffff04:*   
_LVOWaitPort     fffffe80:*    _LVOWaitTOF      fffffef2:*   
_LVOWeighTAMatch fffffcdc:*    _LVOWrite        ffffffd0:*   
_LVOWriteChars   fffffc52:*    _LVOWritePixel   fffffebc:*   
_LVOWritePixelAr fffffcee:*    _LVOWritePixelLi fffffcfa:*   
_LVOXorRectRegio fffffdd2:*    _LVOXorRegionReg fffffd96:*   
_makeBob             c536:0    _MakeDiskLock        910c:0   
_MakeNameGadget      e1ce:0    _MakeOtherName       9a24:0   
_ManufactureDisk     1022:0    _MasterSearch         450:0   
_MatchObjectToAc      d76:0    _Matrix              6b54:0   
_Max_Copy_Mem      100000:*    _MenuCat             7840:0   
_Menumeration        8000:0    _MenuToAppMenuIt     d030:0   
_MessageTitle        141a:0    _MinMaxChild         4ca6:0   
wb.ld                  12-Nov-91 18:52:13  Symbol Section               Page 2-8

symbol             offset:hunk symbol             offset:hunk
_MinMaxDrawer        4dd6:0    _MinMaxProp          4eca:0   
_MoveToLink          b8b6:0    _MyOpenDiskFont      4a0a:0   
_NewActive            ce0:0    _NewDiskInfo          992:0   
_NewDrawer           88ee:0    _NewList            10c30:0   
_NewObject          10bc0:0    _NewWBGetWBObjec     de12:0   
_NodeToObj            4f2:0    _NoIconWin           4916:0   
_NoMem               1168:0    _ObjAllocChip        117a:0   
_ObjAllocNorm        11a2:0    _ObjectToActive       d96:0   
_ObjMove             6fc2:0    _ObjOnList           57be:0   
_objscopy            11ca:0    _OnList              5214:0   
_OnOffMenus          7a00:0    _OpenBackdrop       10132:0   
_OpenCommon          474e:0    _OpenDiskWin         7454:0   
_OpenDrawer          428c:0    _OpenExecuteWind     fbfe:0   
_OpenInfoWindow      f34c:0    _OpenLibraryStub     8bc4:0   
_OpenPWindow         aea4:0    _OpenStub            8d38:0   
_OpenWBCat          10a6c:0    _OutputMessage       1346:0   
_OutputWindow1        89b:1    _OutputWindow2        8ad:1   
_ParentDirStub       8d02:0    _PathLoadSeg         a96a:0   
_PathPartStub        8d84:0    _PathTick            67ca:0   
_PeekTail             55e:0    _PhantomLockClea      79a:0   
_PlaceCollision      951e:0    _PlaceIconStrip      93d6:0   
_PlaceObj            917e:0    _PlaceVertically     937c:0   
_PlusInfo            dcda:0    _PostLayerDemon      ada4:0   
_PostObjMove         7110:0    _PotionOpen          b918:0   
_PotionRunTool       a4ee:0    _PrepareArg          a2a8:0   
_PrepareBackFill    10980:0    _PrepareIcon         3c8a:0   
_PrepareViewByTe     e02a:0    _PrintText           e458:0   
_ProcessDisks         88c:0    _ProcessGadget       54fc:0   
_ProcessNotifica     64f8:0    _PropInfo             6c8:1   
_ProtectBackdrop    100f8:0    _PutAway            105bc:0   
_PutAwayAllChild      6b6:0    _PutAwayLeftOutI      696:0   
_PutMsgStub          8c8c:0    _PutObject           8e08:0   
_PutObjectBack      10528:0    _QuickFilter          2d4:0   
_Quit                680e:0    _QuitCheck           8a5c:0   
_Quote                2cc:0    _ReadPattern         63f0:0   
_ReadStub            8d26:0    _ReadWBPrefs         665e:0   
_Redraw              ce6e:0    _RedrawBobs          ca7a:0   
_RedrawBox           cc50:0    _RedrawGauge          cbc:0   
_RedrawOneBob        ca42:0    _RefreshDrawer       5032:0   
_RefreshDrawerIc     64ac:0    _ReLayoutToolMen     7d82:0   
_RemIntuiMsg         bcf4:0    _RemoveActiveDis      7ca:0   
_RemoveAllDisks       b52:0    _RemoveAppIcon       d45e:0   
_RemoveAppMenuIt     d536:0    _RemoveAppWindow     d5f6:0   
_RemoveDupInfoEn     5176:0    _RemoveFakeIcons     4114:0   
_RemoveIconsLoop     40ea:0    _RemoveMenus         795e:0   
_RemoveObject        1286:0    _RemoveObjectCom     120e:0   
_RemoveOldDisks       802:0    _RemoveStub          8be0:0   
_RemWbBob            cc10:0    _RenameObject        a058:0   
_RenameStub          8d5a:0    _RenderAll           e4e4:0   
_RenderExecute       ff88:0    _RenderIcon          3348:0   
_RenderImage         3756:0    _RenderName          3b00:0   
_RenderProBits       e718:0    _ReplyMsgStub        8c92:0   
_RescanCommon        7f9a:0    _RescanRemoveObj     7f70:0   
wb.ld                  12-Nov-91 18:52:13  Symbol Section               Page 2-9

symbol             offset:hunk symbol             offset:hunk
_ResetHighlight      5770:0    _resetIconWin        5dd0:0   
_ResetMenus          7cb0:0    _ResetPotion         5784:0   
_ResetWB             5fde:0    _RethinkMenus        796e:0   
_ReturnObjectHom    10488:0    _reverse             8872:0   
_REVISION               2:1    _RightMoveTempla      644:1   
_rollpattern        10818:0    _romend            ffffff:*   
_romstart          fc0000:*    _SameDeviceStub      8cfc:0   
_SameLockStub        8d66:0    _SameVolume          723a:0   
_scopy               e2a8:0    _SearchList           526:0   
_SeekStub            8d32:0    _SelectAll           882c:0   
_SelectBracketDi     8f94:0    _SelectIt            8800:0   
_SelectObject        57da:0    _SelectSearch         45a:0   
_SendAppIconMsg      d258:0    _SendAppMenuItem     d20c:0   
_SendAppWindowMs     d232:0    _SendWBCMsg          1a0e:0   
_SetCommentStub      8db8:0    _SetDragging         cf90:0   
_SetDragSelect       ccd4:0    _SetFileDateStub     8dbe:0   
_SetIconNames        3ac2:0    _SetMenuStrip       10bdc:0   
_SetMoving           cdd2:0    _SetProtectionSt     8dc4:0   
_SetRastPort         3f46:0    _SetResult2          8df6:0   
_SetupNotificati     5fe8:0    _SetWaitPointer      8f58:0   
_setWbBase            57c:0    _SetWindowTitles    10bf0:0   
_SetXPosition        9640:0    _SiblingPredSear      4b4:0   
_SiblingSuccSear      478:0    _SizeList             508:0   
_Snapshot            7e1e:0    _SnapshotAll         7eac:0   
_SortByText          99ba:0    _sprintf            10c08:0   
_StartTool           a644:0    _StartupDrawer       da44:0   
_StartupDrawerWa     d7e0:0    _StartWorkbench      6a3e:0   
_stccpy             10ce8:0    _stpchr             10c80:0   
_strcat             10c68:0    _strchr             10ca6:0   
_stricmp             8c9a:0    _StripMessage        905c:0   
_strncpy            10c44:0    _strrchr            10cc0:0   
_StrToLongStub       8d7e:0    _subsysName            46:0   
_suffix              e2e0:0    _SyncExecute         fb4c:0   
_SyncInfo            f260:0    _SysBaseOffset         c0:*   
_SystemDiskCopyN      8ce:1    _SystemFormatNam      8e2:1   
_SystemWorkbench      d28:1    _SYS_FontPref         885:1   
_termText            4c66:0    _TestPhysical         dac:0   
_TimerBaseOffset       e4:*    _TimeTick            ad0a:0   
_toolnewmenu          404:1    _toolnewmenuitem      440:1   
_TopazName            8c3:1    _TransferObj         be5a:0   
_TranslateSelect     585a:0    _TrimPath           100b8:0   
_UnHighIcon          56dc:0    _uninitDisks          b88:0   
_UnInitDosCopy       277a:0    _UnInitLayerDemo     ae42:0   
_uninitPattern       663e:0    _uninitPointers      3160:0   
_UnInitScreenAnd     b482:0    _uninitTimer         ac2e:0   
_uninitWbGels        c52a:0    _UnInstallBackFi    10a14:0   
_UnLockStub          8cdc:0    _UnSelectIt          87da:0   
_UnSnapshot          7ef2:0    _UpdateMemory        ac8c:0   
_UpdateVolumes        6d6:0    _UpdateWindow        bc8c:0   
_UpdateWindowSiz     bbda:0    _UpdateWorkbench     c2e6:0   
_UpMoveTemplate       670:1    _UtilityAdd          9918:0   
_UtilityRevSearc      46e:0    _UtilitySearch        464:0   
_VERSION                0:1    _VersionFormat        7dc:1   
wb.ld                  12-Nov-91 18:52:13  Symbol Section              Page 2-10

symbol             offset:hunk symbol             offset:hunk
_VERSTRING              4:0    _VolumeListSearc      81a:0   
_VolumeToActive       c5a:0    _VPropGadget          5c0:1   
_WBAllocWBObject     dbd4:0    _wbCleanup           5d9a:0   
_WBCloseWorkBenc     5f3c:0    _WBFormat            6d82:0   
_WBFreeAlloc         df20:0    _WBFreeWBObject      dc86:0   
_WBGetWBObject       dd72:0    _wbmain              6874:0   
_WBMove              2bf4:0    _wbnewmenu             e4:1   
_WBOpenWorkBench     5edc:0    _WBPutWBObject       de4c:0   
_WBRename            2d56:0    _WBRenameDisk        2dfc:0   
_wbReopen            5df4:0    _WbSegment            116:0   
_WB_FontPref          870:1    _WhichWindow         bb5a:0   
_winCmp              bb94:0    _WindowOperate       7de6:0   
_WindowToAppWind     d074:0    _WindowToObj         bbbc:0   
_WorkbenchName         46:0    _WriteProtected      2fa2:0   
_WriteStub           8d2c:0    _WriteWBPrefs        6706:0   
__BSSBAS               (0:*)   __BSSLEN               (0:*)  
__CXD22              8cb8:0    __CXD33              8cac:0   
__CXM22              8cd0:0    __CXM33              8cc4:0   
wb.ld                   12-Nov-91 18:52:13  Xref Section                Page 3-1

symbol                   value   offset:hunk   offset:hunk   offset:hunk
EndCode              1210:1          22:0   
GetQuote            10a3c:0         22c:0   
REVNUM                  3:*           2:1   
VERNUM                 27:*           0:1          27:0   
_AbortLayerDemon     ad5e:0        cee8:0        c3ae:0   
_AboutSegment         16c:0        82ea:0   
_AboutWorkbench      768c:0         172:0   
_AbsExecBase            4:*       10c1e:0        6a66:0         582:0   
                                    1f8:0         1ae:0         118:0   
_ActiveSearch         51c:0        2fbc:0         fbc:0         6fc:0   
                                    ba8:0         bfc:0         c2e:0   
                                    c36:0         c3e:0         da4:0   
_AddAppIcon          d31e:0         260:0   
_AddAppMenuItem      d4aa:0         27c:0   
_AddAppWindow        d582:0         244:0   
_AddDiskIcon         1106:0         b14:0   
_AddHeadStub         8c6c:0        9370:0        7434:0        6042:0   
                                   5766:0        5fb8:0        3a98:0   
                                   17d6:0        19bc:0        1db0:0   
                                   1fd0:0   
_AddIcon             39fc:0       10248:0        d6ea:0        c246:0   
                                   95f0:0        967e:0        89ac:0   
                                   7160:0        44d6:0        4726:0   
                                   1138:0      (208b6:0)  
_AddPartStub         8d90:0       102e2:0   
_AddTailStub         8c86:0        fa8e:0        f4ec:0        dc6c:0   
                                   db7c:0        d702:0        d72e:0   
                                   d748:0        cbe8:0        c1fa:0   
                                   b8f4:0        970a:0        97b2:0   
                                   992e:0        90e4:0        828a:0   
                                   82a6:0        881c:0        5bb2:0   
                                   15d8:0        1b8a:0        1df2:0   
                                    d68:0       (1420:0)  
_AddToolMenuItem     7cdc:0        d714:0   
_AllocDrawer         144c:0        75f6:0   
_AllocMemStub        8be8:0        df3c:0        c18a:0         cfa:0   
                                  (140e:0)  
_AllocMyMsg          8b68:0        1a64:0        1ca8:0        1dfe:0   
                                   210c:0        2240:0        22c0:0   
                                   2352:0   
_AllocNode           e3c2:0        f8ae:0        f4ce:0   
_AllocVecStub        8bf0:0       10994:0       106ae:0        fc26:0   
                                   f384:0        f53c:0        f5ae:0   
                                   e3d6:0        e2c6:0        dbea:0   
                                   dcf8:0        ddca:0        da5a:0   
                                   d0d4:0        d124:0        d2f2:0   
                                   d368:0        d4ec:0        d5b2:0   
                                   c4f0:0        c326:0        b55a:0   
                                   b69a:0        aba4:0        ade8:0   
                                   a32c:0        a5dc:0        a7a0:0   
                                   a7b2:0        9ba2:0        9e72:0   
                                   8568:0        6dd6:0        6ef2:0   
                                   6002:0        65f8:0        6612:0   
wb.ld                   12-Nov-91 18:52:13  Xref Section                Page 3-2

symbol                   value   offset:hunk   offset:hunk   offset:hunk
                                   477c:0        511c:0        5346:0   
                                   3d2a:0        3134:0        1d9c:0   
                                   1fbc:0        252e:0        2820:0   
                                   2874:0         660:0       (1408:0)  
_AlphaEnqueue        8c26:0        44ca:0        513e:0   
_AnimateDragSele     c3ac:0        5c22:0   
_AssignDOtoWBO       2fd8:0        d6c8:0        31a4:0      (1a7ec:0)  
_atoi                8da4:0        d848:0        dafe:0        a84c:0   
_BeginDiskIO         8fb8:0        fb80:0        f284:0        dd32:0   
                                   dd82:0        cf62:0        b95a:0   
                                   a774:0        7eb4:0        7f08:0   
                                   8266:0        8316:0        8372:0   
                                   84b8:0        8a7a:0        6d90:0   
                                   6e68:0        6ff0:0        68fe:0   
                                   6978:0        5f4e:0        478c:0   
                                   4170:0        283e:0   
_BeginIconUpdate     31d2:0        bcce:0        64d6:0        509a:0   
                                 (16c6c:0)  
_BltBitMapRastPo    10b64:0        37f0:0       (73f0:0)  
_BltMaskBitMapRa    10b88:0        37da:0       (73f6:0)  
_BtoC                2f78:0         f3a:0         73c:0         d2e:0   
_ChangeShowAll       412e:0        83c0:0        83d0:0   
_ChangeViewBy        41ba:0        83e0:0        83f0:0        8400:0   
                                   8410:0   
_CheckDiskIO         8ff8:0        ca36:0        9a88:0        9f62:0   
                                   62b4:0        43bc:0        472a:0   
_CheckForNotType     79ba:0       10316:0       105f0:0        9f2a:0   
                                   6d2e:0        72b2:0        7348:0   
                                   54ac:0      (208c2:0)  
_CheckForType        79e0:0       1049e:0        dfc2:0        a366:0   
                                   a1e2:0        a208:0        7338:0   
                                   54e4:0        4366:0        4150:0   
                                   41e0:0        2b16:0      (208aa:0)  
_CheckSortRect       c3f4:0        cf54:0   
_Cleanup             971c:0        8398:0        696e:0        6576:0   
_CleanupAppMsg       d092:0        6390:0   
_ClearDragging       cea0:0        ae8e:0        5aa4:0   
_ClearDrawerWind     38f6:0        50a0:0   
_ClearMenuStrip     10bac:0        8fda:0        7960:0      (101c4:0)  
_CloseDrawer         4940:0        bf72:0        ba48:0        baf4:0   
                                   7fea:0        54f4:0        5cb4:0   
                                   5ecc:0        122c:0      (1816e:0)  
_CloseLibraries        f6:0        686c:0   
_CloseLibraryStu     8bd8:0       10ac0:0        76dc:0        69ea:0   
                                   6af0:0   
_ClosePWindow        bd1e:0        fdc6:0        f756:0        81dc:0   
                                   5db8:0        4974:0   
_CloseStub           8d14:0       10154:0        87c6:0        6486:0   
                                   66ce:0        676e:0        4a96:0   
                                   192e:0        2300:0   
_CloseWBCat         10a9e:0        b500:0   
_Copyright            80b:1        7732:0        6948:0   
_Copyright2           821:1        773a:0        6942:0   
wb.ld                   12-Nov-91 18:52:13  Xref Section                Page 3-3

symbol                   value   offset:hunk   offset:hunk   offset:hunk
_Copyright3           837:1        7742:0        693c:0   
_CopyrightFormat      802:1        694e:0   
_CreateDirStub       8d0e:0        89b2:0   
_CreateGadget       10acc:0        feac:0        feea:0        ff56:0   
                                   eabc:0        eadc:0        eb88:0   
                                   ec5e:0        edc0:0        ee80:0   
                                   efa0:0        f00a:0        f090:0   
                                   f0d8:0        f124:0        f16c:0   
                                   f200:0        f23c:0   
_CreateIconFromN     531a:0        2a3a:0   
_CreateMenus        10ae8:0        7798:0        77a8:0        77d0:0   
                                   7cf4:0      (101d0:0)  
_CreateNewProcSt     8d60:0        a69c:0        6ac4:0   
_CreateProcStub      8d54:0        a888:0        8300:0        25e8:0   
                                   2724:0   
_CreateTool          a752:0        6e3c:0        6f72:0   
_CreateWBMenus       7786:0        68e0:0   
_CurrentDirStub      8d1a:0       10176:0       10210:0       10226:0   
                                  10280:0       10370:0       10390:0   
                                  1046c:0       1047a:0       1064c:0   
                                  1066e:0       10794:0       107a4:0   
                                   f556:0        da88:0        db96:0   
                                   c018:0        a3d2:0        a99a:0   
                                   a9d6:0        aa38:0        9a94:0   
                                   9a9e:0        9cb4:0        9ce4:0   
                                   9d46:0        9de8:0        9e4a:0   
                                   9ec8:0        9f94:0        9fda:0   
                                   9fee:0        a010:0        8e50:0   
                                   8790:0        87ce:0        8916:0   
                                   7094:0        4314:0        4332:0   
                                   4654:0        46d2:0        2e38:0   
                                   2eb2:0        163e:0        1666:0   
                                   16c6:0        173e:0        179a:0   
                                   17fc:0        1ce2:0        1de8:0   
                                   1fec:0        200c:0        2160:0   
                                   2186:0        2560:0        2574:0   
                                   269a:0        26ac:0        296e:0   
                                   2b3e:0        2bd6:0         f40:0   
_datetostring        e330:0        ee5a:0        dfa4:0   
_defaultAttr           60:1        fe88:0        fc76:0        f3e2:0   
                                   ebbe:0   
_DeleteFileStub      8d78:0       1073a:0       10776:0        9ade:0   
_DeleteToolMenuI     7d28:0        d790:0   
_DisableGadget       e42c:0        f968:0        f972:0   
_Discard             9f0a:0        8518:0   
_DiskCopy            6e56:0        2b24:0   
_DiskIconName         8b8:1        c03e:0        8e42:0         f46:0   
_DiskInserted         ed6:0         8fe:0   
_DoAppWork           d648:0        d88c:0        63ae:0   
_DoClose2            54ca:0        8368:0   
_DoExecute           863e:0        a5b6:0   
_DoLayerDemon        ae78:0        62aa:0        5abc:0        5bd2:0   
                                   5c5a:0        5d60:0   
wb.ld                   12-Nov-91 18:52:13  Xref Section                Page 3-4

symbol                   value   offset:hunk   offset:hunk   offset:hunk
_DoOpen              54a6:0        841a:0   
_DoOpen2             543c:0        8332:0   
_DosCopy             263e:0         192:0   
_DosCopyExit         295a:0        639a:0   
_DosCopyLaunch       27f4:0        2ca2:0   
_DosCopySegment       18c:0        270e:0   
_DosCopySegmentW      19c:0        25d0:0   
_DosCopyW            24f8:0         1a2:0   
_DrawBox             c40e:0        cc60:0        cccc:0        cd54:0   
                                   cd74:0   
_Duplicate           2ade:0        842e:0   
_DupLockStub         8d08:0        c158:0        c348:0        a392:0   
                                   a446:0        a788:0        a0aa:0   
                                   9cbc:0        9f84:0        8926:0   
                                   6d9c:0        6e74:0        6e8c:0   
                                   71da:0        48fa:0        52fc:0   
                                   2c50:0        2eb8:0        1d4a:0   
                                   288e:0        28ac:0        2b46:0   
_EmptyTrash          9ea8:0        7ee8:0   
_EnableGadget        e400:0        f94e:0        f958:0   
_EndDiskIO           9024:0        fbf0:0        f2f4:0        dd66:0   
                                   de06:0        cf72:0        bb26:0   
                                   a8d0:0        a908:0        7ece:0   
                                   7f62:0        82c2:0        8320:0   
                                   837c:0        8522:0        8b2c:0   
                                   6e4a:0        6f86:0        7106:0   
                                   6934:0        697c:0        5f30:0   
                                   4866:0        41a8:0        2ad2:0   
_EndIconUpdate       32ce:0        bce4:0        64ea:0        50b4:0   
                                 (16c60:0)  
_ErrorDos            12d4:0        9d78:0        9e2e:0        a03e:0   
                                   7e72:0        8a14:0        8a28:0   
                                   46ca:0        47bc:0        2f62:0   
                                 (13a74:0)  
_ErrorTitle          13e6:0       10342:0       1035e:0       1042e:0   
                                  107d2:0        bb0a:0        a56a:0   
                                   a6e2:0        a094:0        a160:0   
                                   a196:0        9f42:0        802c:0   
                                   82d8:0        8344:0        8632:0   
                                   872a:0        87c0:0        8aa8:0   
                                   8ad2:0        6c90:0        6dc4:0   
                                   6edc:0        72d2:0        7300:0   
                                   732a:0        5acc:0        4860:0   
                                   2e64:0        2b06:0      (2089e:0)  
_ExamineStub         8d6c:0        f578:0        ddda:0        da90:0   
                                   9bce:0        9c44:0        9cd6:0   
                                   9d84:0        9db0:0        9e06:0   
                                   465e:0        47aa:0        5356:0   
                                   164a:0        1d5a:0        204e:0   
                                    672:0       (142c:0)  
_ExitArgs            ab50:0        d0a2:0        d160:0        6e26:0   
                                   6f40:0   
_ExitTool            ab16:0        d876:0        d972:0        6370:0   
wb.ld                   12-Nov-91 18:52:13  Xref Section                Page 3-5

symbol                   value   offset:hunk   offset:hunk   offset:hunk
_ExNextStub          8d72:0        db3c:0        9d9c:0        46b6:0   
                                   1f62:0   
_FilePartStub        8d8a:0       101f0:0        a42c:0   
_FillBackdrop       1015e:0        1000:0         968:0       (2004:0)  
_FindAppIcon         d018:0        a528:0   
_FindDisks            bdc:0        ad28:0        5cde:0        5f2c:0   
                                 (15a2a:0)  
_FindDupObj          433e:0       101fe:0        c0b4:0        c29c:0   
                                   9aac:0        2a16:0      (208a4:0)  
_FindVolume           5a4:0        1058:0   
_FormatWindowNam     b62e:0        74e0:0        5e64:0         cd6:0   
                                  (143e:0)  
_FreeMemStub         8bcc:0        df66:0         922:0         b7c:0   
                                  (1432:0)  
_FreeMyMsg           8c0a:0        1be2:0        228e:0   
_FreeVecStub         8c1a:0       109ce:0       10a32:0       10780:0   
                                   fe04:0        f85c:0        f8ec:0   
                                   fa98:0        f786:0        f78e:0   
                                   f7a8:0        f7c8:0        dc78:0   
                                   dcd0:0        ddb8:0        ddf8:0   
                                   df0e:0        dbc4:0        d0ac:0   
                                   d754:0        d75c:0        d7ba:0   
                                   c530:0        c2cc:0        c372:0   
                                   b2d8:0        b622:0        b6e6:0   
                                   b710:0        bb22:0        bdae:0   
                                   ac82:0        ae6e:0        a71e:0   
                                   a72c:0        a744:0        a8e2:0   
                                   a8ec:0        a8f4:0        ab46:0   
                                   ab72:0        ab82:0        9c82:0   
                                   9e96:0        8576:0        604c:0   
                                   60b2:0        664c:0        6658:0   
                                   46ee:0        486e:0        5208:0   
                                   5378:0        3f36:0        3166:0   
                                   2e70:0        1ea0:0        20a0:0   
                                   20f6:0        2592:0        2914:0   
                                   2a8a:0        2a92:0        2aba:0   
                                   2ac2:0         68a:0         75c:0   
                                    7ea:0         918:0       (1438:0)  
_FreeWBMenus         780a:0        681e:0   
_FullRemoveObjec    10500:0        c25e:0        9b32:0        71b6:0   
                                   722e:0        2a28:0         7f8:0   
                                  (dfa0:0)  
_GadToolsBaseOff       dc:*       10b4e:0       10b32:0       10b1c:0   
                                  10b02:0       10aec:0       10ad2:0   
_GetImageMode        3f7c:0        cb50:0      (194d8:0)  
_GetParentsLock      8ed4:0       1029e:0       1036a:0       10646:0   
                                   f50a:0        a3ca:0        a582:0   
                                   a77a:0        a0a4:0        9ebc:0   
                                   9f74:0        8604:0        6d96:0   
                                   6e6e:0        6e86:0        724e:0   
                                   7258:0        4306:0        4372:0   
                                   48f4:0        2c14:0        2d6e:0   
                                   2e1e:0        2b36:0         ffa:0   
wb.ld                   12-Nov-91 18:52:13  Xref Section                Page 3-6

symbol                   value   offset:hunk   offset:hunk   offset:hunk
                                    962:0       (1ff8:0)  
_GetVisualInfo      10b18:0        fc3e:0        f3a0:0        b366:0   
_GetWBIcon           30b2:0        dd38:0      (1bb48:0)  
_GfxBaseOffset         c4:*       10b8e:0       10b6a:0   
_growNameImage       e146:0        5026:0        33a6:0       (96a4:0)  
_GT_SetGadgetAtt    10afc:0        f9ae:0        e420:0        e44c:0   
_HandleExecuteEv     ffe0:0        fbb2:0   
_HandleInfoEvent     fac4:0        f2b6:0   
_HighIcon            5698:0        8822:0   
_hookEntry            58a:0       109a0:0   
_IconBoxBackdrop     3930:0        4cc6:0   
_IconToAppIcon       d056:0        a532:0        6d3a:0   
_IconUpdate          bf8a:0        63a4:0   
_ImageToBitMap       3fe6:0        c692:0        c6a2:0      (194cc:0)  
_IncomingEvent       59de:0        90d6:0        62d4:0        62f6:0   
_InfoSave            e99e:0        faa6:0   
_InfoSuf              8bd:1        dd0c:0        dab8:0        9a3a:0   
                                   9a52:0        452a:0        5188:0   
                                   5222:0        2ce8:0        2dba:0   
                                   2dc8:0        1f7e:0   
_InitAll             eb94:0        f60c:0   
_initDisks            b22:0        6912:0   
_InitExecute         fe10:0        fcaa:0   
_InitFunc            6a06:0         1cc:0   
_initgadget2         317c:0        8992:0        52d6:0         faa:0   
                                    aec:0   
_InitGadgets         b726:0        bed8:0        74f0:0   
_initIconText        4bd8:0        6568:0   
_InitPattern         65e4:0        68c2:0   
_initPointers        3124:0        68ea:0   
_InitPotion          75d4:0        68f4:0   
_InitScreenAndWi     b334:0        68b8:0        5ef6:0   
_initText            4c38:0        68d6:0   
_initTextText        4c08:0        65b4:0   
_initTimer           ab8c:0        690a:0   
_initWbGels          c4cc:0        6902:0   
_InsertByText        9936:0        3ab4:0   
_InstallBackFill    109dc:0        422e:0       (73fc:0)  
_IntuitionBaseOf       c8:*       10bf6:0       10be0:0       10bc6:0   
                                  10bb0:0   
_IoErrStub           8d96:0       10748:0        a9c8:0        aab2:0   
                                   9ae8:0        9bd8:0        9be8:0   
                                   9c68:0        9c78:0        9cc8:0   
                                   9d58:0        9d8e:0        9dba:0   
                                   9e10:0        9e18:0        9e42:0   
                                   9efc:0        a01e:0        a026:0   
                                   2f0a:0        2f2a:0        2f3a:0   
                                   165e:0        172a:0        17a6:0   
                                   17ae:0        185c:0        18c4:0   
                                   1910:0        1938:0        1d74:0   
                                   1dd4:0        1f0c:0        2068:0   
                                   20aa:0        2298:0        292e:0   
                                   12e6:0        10c0:0         dfe:0   
wb.ld                   12-Nov-91 18:52:13  Xref Section                Page 3-7

symbol                   value   offset:hunk   offset:hunk   offset:hunk
                                  (1426:0)  
_ioloop              6246:0        6974:0   
_ioloopinit          60d0:0        68cc:0   
_ioloopuninit        6202:0        6868:0   
_KickstartName        8f4:1        76f6:0   
_KillDirectory       9e5e:0        29dc:0       (407c:0)  
_KillFile            9b40:0        8a0a:0        29ea:0       (4082:0)  
_LastSelected         56e:0        6ba8:0   
_LayoutMenuItems    10b2c:0        7daa:0      (101ca:0)  
_LayoutMenus        10b48:0        788a:0      (101dc:0)  
_LeaveOut           102f2:0        8488:0      (101d6:0)  
_LoadTool            a914:0         182:0   
_LoadToolSegment      17c:0        a870:0   
_LockDrawer          42c6:0       104c0:0        b894:0        b996:0   
                                   a37c:0        700c:0      (208b0:0)  
_LockRamDisk         316c:0        8238:0        250e:0        2654:0   
_LockStub            8d20:0       101d6:0       1037e:0       1065c:0   
                                   f564:0        dd90:0        ddb0:0   
                                   da78:0        a418:0        aa14:0   
                                   9b10:0        9bbc:0        9c34:0   
                                   9d38:0        9ed4:0        8968:0   
                                   4320:0        5332:0        3176:0   
                                   178c:0        183a:0        1d3c:0   
                                   2002:0        29cc:0        2b90:0   
_LVOAddHead      ffffff10:*        8c6e:0   
_LVOAddPart      fffffc8e:*        8d92:0   
_LVOAddTail      ffffff0a:*        8c88:0   
_LVOAllocMem     ffffff3a:*        8bea:0   
_LVOAllocVec     fffffd54:*        8bf2:0   
_LVOAvailMem     ffffff28:*        8b90:0   
_LVOClose        ffffffdc:*        8d16:0   
_LVOCloseLibrary fffffe62:*        8bda:0         1c4:0         10a:0   
_LVOCreateDir    ffffff88:*        8d10:0   
_LVOCreateNewPro fffffe0e:*        8d62:0   
_LVOCreateProc   ffffff76:*        8d56:0   
_LVOCurrentDir   ffffff82:*        8d1c:0   
_LVODeleteFile   ffffffb8:*        8d7a:0   
_LVODraw         ffffff0a:*        c4c8:0        c4ae:0        c490:0   
                                   c476:0   
_LVODupLock      ffffffa0:*        8d0a:0   
_LVOExamine      ffffff9a:*        8d6e:0   
_LVOExNext       ffffff94:*        8d74:0   
_LVOFilePart     fffffc9a:*        8d8c:0   
_LVOFreeMem      ffffff2e:*        8bce:0         220:0   
_LVOFreeVec      fffffd4e:*        8c1c:0   
_LVOInsert       ffffff16:*        8c62:0   
_LVOIoErr        ffffff7c:*        8d98:0   
_LVOLock         ffffffac:*        8d22:0   
_LVOMove         ffffff10:*        c4bc:0        c4a2:0        c484:0   
                                   c46a:0   
_LVOOpen         ffffffe2:*        8d3a:0   
_LVOOpenLibrary  fffffdd8:*        8bc6:0         1b4:0         144:0   
                                    124:0   
wb.ld                   12-Nov-91 18:52:13  Xref Section                Page 3-8

symbol                   value   offset:hunk   offset:hunk   offset:hunk
_LVOParentDir    ffffff2e:*        8d04:0   
_LVOPathPart     fffffc94:*        8d86:0   
_LVOPutMsg       fffffe92:*        8c8e:0   
_LVOQuoteWorkben ffffffdc:*         2d2:0   
_LVORawDoFmt     fffffdf6:*       10c24:0   
_LVORead         ffffffd6:*        8d28:0   
_LVORemove       ffffff04:*        8be2:0         20e:0   
_LVORename       ffffffb2:*        8d5c:0   
_LVOReplyMsg     fffffe86:*        8c94:0   
_LVOSameDevice   fffffc28:*        8cfe:0   
_LVOSameLock     fffffe5c:*        8d68:0   
_LVOSDivMod32    ffffff6a:*        8cb4:0   
_LVOSeek         ffffffbe:*        8d34:0   
_LVOSetComment   ffffff4c:*        8dba:0   
_LVOSetFileDate  fffffe74:*        8dc0:0   
_LVOSetProtectio ffffff46:*        8dc6:0   
_LVOSMult32      ffffff76:*        8ccc:0   
_LVOStricmp      ffffff5e:*        8ca8:0   
_LVOStrToLong    fffffcd0:*        8d80:0   
_LVOUDivMod32    ffffff64:*        8cc0:0   
_LVOUMult32      ffffff70:*        8cd8:0   
_LVOUnLock       ffffffa6:*        8cf8:0   
_LVOWrite        ffffffd0:*        8d2e:0   
_MakeDiskLock        910c:0        bdf2:0        b544:0        42f8:0   
_MakeNameGadget      e1ce:0        a254:0        5020:0        33b8:0   
                                   40dc:0       (96b0:0)  
_ManufactureDisk     1022:0        9128:0      (11f40:0)  
_MasterSearch         450:0       10202:0       10536:0        dc96:0   
                                   cf6e:0        bfca:0        c0b8:0   
                                   c252:0        c2a0:0        b9c8:0   
                                   bbd2:0        9ab0:0        9f52:0   
                                   9fce:0        8fd6:0        8fe2:0   
                                   9046:0        904e:0        7968:0   
                                   7974:0        7cd2:0        7dda:0   
                                   825a:0        702e:0        70c0:0   
                                   681a:0        6826:0        6544:0   
                                   657a:0        6590:0        659c:0   
                                   65c6:0        65ce:0        5e0e:0   
                                   5f1e:0        43cc:0        53bc:0   
                                   2a1a:0        13da:0         c46:0   
                                 (1bb4e:0)  
_Matrix              6b54:0        cf84:0   
_Max_Copy_Mem      100000:*        6882:0   
_Menumeration        8000:0        5c90:0   
_MenuToAppMenuIt     d030:0        8598:0   
_MessageTitle        141a:0        acfe:0        aa80:0        ab08:0   
                                   6954:0      (15a24:0)  
_MinMaxDrawer        4dd6:0        d6f2:0        c282:0        bb18:0   
                                   bc7e:0        924a:0        9884:0   
                                   7ff4:0        716e:0        4266:0   
                                   1144:0      (1a7e6:0)  
_MoveToLink          b8b6:0        beea:0   
_NewList            10c30:0        f4b2:0        dbfc:0        daa0:0   
wb.ld                   12-Nov-91 18:52:13  Xref Section                Page 3-9

symbol                   value   offset:hunk   offset:hunk   offset:hunk
                                   db90:0        cde8:0        cdfa:0   
                                   9422:0        9552:0        9754:0   
                                   976c:0        9826:0        99d4:0   
                                   99f4:0        68a0:0        614a:0   
                                   6158:0        6166:0        6174:0   
                                   6182:0        6190:0        57a4:0   
                                   479a:0        3082:0        15a6:0   
                                   15ae:0        1ac2:0        1aca:0   
                                   1ad2:0        146e:0       (d2d4:0)  
_NewObject          10bc0:0        b3ac:0        b3da:0        b40c:0   
                                   b43a:0   
_NewWBGetWBObjec     de12:0        4430:0       (96bc:0)  
_NodeToObj            4f2:0        978e:0        33d4:0      (12b50:0)  
_NoMem               1168:0        e198:0        a8d6:0        8224:0   
                                   8a36:0        6de6:0        6f04:0   
                                   2948:0        294e:0         ad4:0   
                                    d06:0      (1c21c:0)  
_ObjAllocChip        117a:0        e18c:0        3d00:0      (1c228:0)  
_ObjAllocNorm        11a2:0        3052:0   
_ObjectToActive       d96:0        c174:0        a30e:0        9122:0   
                                   6da4:0        6eaa:0        2e2e:0   
                                 (18156:0)  
_ObjMove             6fc2:0       10452:0       104ee:0      (20898:0)  
_ObjOnList           57be:0        dc92:0        c24e:0        9f4e:0   
                                   9fca:0        70bc:0      (1bb5a:0)  
_objscopy            11ca:0        c064:0        a1bc:0         f74:0   
                                 (18162:0)  
_OnOffMenus          7a00:0        7628:0   
_OpenCommon          474e:0        7fdc:0        4182:0   
_OpenDiskWin         7454:0        5e52:0   
_OpenDrawer          428c:0        bae8:0   
_OpenLibraryStub     8bc4:0       10a76:0        76ba:0        6ab0:0   
_OpenPWindow         aea4:0        751a:0        7556:0        5e8c:0   
_OpenStub            8d38:0       10142:0        8776:0        642c:0   
                                   668e:0        6736:0        4a5e:0   
                                   18b8:0        1efa:0        2170:0   
_OpenWBCat          10a6c:0        b35c:0   
_OutputWindow1        89b:1        8742:0   
_OutputWindow2        8ad:1        8760:0   
_ParentDirStub       8d02:0        aa22:0        9dda:0   
_PathPartStub        8d84:0       101bc:0        a3f8:0   
_PathTick            67ca:0        ad24:0   
_PhantomLockClea      79a:0        49de:0   
_PlaceObj            917e:0        d6d6:0        39ec:0        3a80:0   
                                   40b6:0        112a:0       (200a:0)  
_PostLayerDemon      ada4:0        cff4:0        c3f0:0        5c34:0   
_PostObjMove         7110:0        2a56:0   
_PotionOpen          b918:0        bf7e:0        758e:0        5498:0   
_PotionRunTool       a4ee:0        db80:0        54c6:0   
_PrepareArg          a2a8:0        d14c:0        6dfa:0        6e14:0   
                                   6f14:0        6f2e:0        6f5c:0   
_PrepareBackFill    10980:0        b228:0   
_PrepareIcon         3c8a:0        dd46:0        d6de:0      (1bb54:0)  
wb.ld                   12-Nov-91 18:52:13  Xref Section               Page 3-10

symbol                   value   offset:hunk   offset:hunk   offset:hunk
_PrintText           e458:0        ffc0:0        e764:0        e7d4:0   
_PutAway            105bc:0        9b2a:0        8498:0        2d20:0   
                                    6ac:0         6cc:0       (5d04:0)  
_PutMsgStub          8c8c:0        d1ea:0        d450:0        d48e:0   
                                   d528:0        d566:0        d5e8:0   
                                   d62c:0        c368:0        a6c4:0   
                                   a8ae:0        1a3c:0        25fa:0   
                                   2736:0        27b8:0        2924:0   
_PutObject           8e08:0        ea5a:0        7e60:0        89c8:0   
                                   7190:0        7210:0   
_QuickFilter          2d4:0        59f0:0   
_QuitCheck           8a5c:0        54d8:0        5cbe:0   
_Quote                2cc:0       1033c:0       10358:0       10428:0   
                                  107cc:0        fe34:0        fe4c:0   
                                   fed6:0        f320:0        f648:0   
                                   ea96:0        eb5a:0        ec32:0   
                                   ed8a:0        ee1c:0        ee3e:0   
                                   ef6c:0        efda:0        f050:0   
                                   f10a:0        f158:0        f18e:0   
                                   f1a6:0        f228:0        e74e:0   
                                   e7be:0        e346:0        dfd2:0   
                                   d8e6:0        d8f2:0        b5f8:0   
                                   bb04:0        ace4:0        a564:0   
                                   a6d8:0        aa76:0        aaaa:0   
                                   aac2:0        aad2:0        a08e:0   
                                   a0de:0        a0f8:0        a104:0   
                                   a152:0        a190:0        9f38:0   
                                   76ee:0        7702:0        78ac:0   
                                   791c:0        7936:0        82e6:0   
                                   833e:0        84da:0        84e6:0   
                                   862c:0        86cc:0        86dc:0   
                                   86e8:0        8724:0        8752:0   
                                   87ba:0        8a9a:0        8ac2:0   
                                   8ae4:0        8af0:0        6c8a:0   
                                   6dbe:0        6ed6:0        72c8:0   
                                   72f6:0        7320:0        485a:0   
                                   2e5e:0        14f4:0        1504:0   
                                   152e:0        2afc:0        116e:0   
                                   12fa:0        1328:0      (1dcc8:0)  
_ReadStub            8d26:0       106c4:0        6442:0        6464:0   
                                   66b8:0        4a8a:0        2262:0   
_ReadWBPrefs         665e:0        68b4:0   
_Redraw              ce6e:0        59ca:0   
_RedrawGauge          cbc:0        c28a:0        badc:0        a234:0   
                                 (18168:0)  
_RefreshDrawer       5032:0        c278:0        bae2:0        a278:0   
                                   97ec:0        9a04:0        7fd0:0   
                                   8256:0        8a40:0        7074:0   
                                   717e:0        743c:0        6522:0   
                                   6540:0        658c:0        65ca:0   
                                   568c:0        5eb6:0        41ae:0   
                                   423c:0        2a70:0        12ca:0   
                                 (18174:0)  
wb.ld                   12-Nov-91 18:52:13  Xref Section               Page 3-11

symbol                   value   offset:hunk   offset:hunk   offset:hunk
_RemoveActiveDis      7ca:0        c1de:0      (1815c:0)  
_RemoveAppIcon       d45e:0         26e:0   
_RemoveAppMenuIt     d536:0         28a:0   
_RemoveAppWindow     d5f6:0         252:0   
_RemoveIconsLoop     40ea:0       10510:0      (208bc:0)  
_RemoveObject        1286:0       10520:0        d76c:0        8a1e:0   
                                   43e4:0        49c8:0         a36:0   
                                 (208c8:0)  
_RemoveObjectCom     120e:0        7f90:0        410a:0   
_RemoveStub          8be0:0        f8e6:0        dca2:0        d7b2:0   
                                   bd0c:0        96fe:0        97a8:0   
                                   8272:0        87f0:0        7060:0   
                                   7202:0        7422:0        5754:0   
                                   5fac:0        51f4:0        124e:0   
                                   1266:0         7de:0         910:0   
                                  (141a:0)  
_RenameObject        a058:0        843e:0        8a4e:0         984:0   
                                  (1414:0)  
_RenameStub          8d5a:0       106f6:0       1076c:0        2f04:0   
_RenderAll           e4e4:0        fb0c:0        f6da:0   
_RenderExecute       ff88:0        fd36:0   
_RenderIcon          3348:0        bcd2:0        56d2:0        5716:0   
                                   50a4:0      (16c66:0)  
_RenderName          3b00:0        64da:0   
_ReplyMsgStub        8c92:0        fbba:0        f2be:0        d1f4:0   
                                   bd12:0        a960:0        9100:0   
                                   65d8:0        598c:0        59d2:0   
                                   5c7c:0        5c9c:0        5d52:0   
                                   5d8e:0        180e:0        19ee:0   
                                   1b62:0        1e54:0        24a4:0   
                                   2554:0        268e:0        293c:0   
_ResetMenus          7cb0:0        5f22:0   
_ResetPotion         5784:0        884c:0   
_ResetWB             5fde:0        857e:0   
_RethinkMenus        796e:0        d732:0        d794:0        bb4e:0   
                                   9052:0        57a8:0        5aa8:0   
                                   5b06:0        5b80:0        5bbe:0   
                                   5ce2:0        5d2e:0        12c0:0   
_REVISION               2:1        6a24:0   
_SameDeviceStub      8cfc:0        1cc4:0   
_SameLockStub        8d66:0       104d2:0        be04:0        be38:0   
                                   b8a4:0        9dc8:0        6fb0:0   
                                   7262:0        4392:0        2c6e:0   
                                   2024:0   
_scopy               e2a8:0        a2f0:0        a3b4:0        a456:0   
                                   a80c:0        2e78:0        28ca:0   
                                   28ec:0         762:0         d36:0   
                                  (5d10:0)  
_SearchList           526:0        cace:0        ce46:0        bd48:0   
                                   bd5c:0      (194de:0)  
_SeekStub            8d32:0       103ae:0       103f0:0       10690:0   
                                  1069c:0        66a4:0        4a74:0   
                                   21f2:0   
wb.ld                   12-Nov-91 18:52:13  Xref Section               Page 3-12

symbol                   value   offset:hunk   offset:hunk   offset:hunk
_SelectBracketDi     8f94:0        8432:0        8452:0        846c:0   
                                   847c:0        848c:0        849c:0   
                                   8546:0   
_SelectIt            8800:0        c8a2:0   
_SelectSearch         45a:0        d150:0        ce1a:0        a502:0   
                                   a51c:0        a52c:0        a620:0   
                                   8faa:0        7c34:0        7c5c:0   
                                   7c84:0        8442:0        84d2:0   
                                   851c:0        852e:0        54b0:0   
                                   54be:0        5792:0        5b6e:0   
                                   5b9c:0      (1a7f2:0)  
_SendAppIconMsg      d258:0        a554:0        6d56:0   
_SendAppMenuItem     d20c:0        85a2:0   
_SendAppWindowMs     d232:0        6c9e:0   
_SetCommentStub      8db8:0        e9de:0        195a:0   
_SetDragging         cf90:0        5b12:0        5bc8:0   
_SetFileDateStub     8dbe:0        1974:0   
_SetIconNames        3ac2:0        e1ac:0        dc5e:0        c06e:0   
                                   a1d0:0        a286:0         f7e:0   
                                 (1c222:0)  
_SetMenuStrip       10bdc:0        903e:0        7cca:0        7dd2:0   
                                 (101e8:0)  
_SetProtectionSt     8dc4:0       1011c:0        ea50:0        ded4:0   
                                   df06:0        677a:0        1966:0   
_SetRastPort         3f46:0        e09a:0      (1c22e:0)  
_SetResult2          8df6:0        9d6e:0        9e24:0        a032:0   
                                   2f58:0   
_SetWindowTitles    10bf0:0        13d2:0       (25e8:0)  
_SiblingPredSear      4b4:0        bff4:0        bcde:0        944a:0   
                                   9592:0        9782:0        9978:0   
                                   7ec4:0        8866:0        6d72:0   
                                   64e2:0        506a:0        507e:0   
                                   50ac:0         78c:0         b9e:0   
                                    c26:0      (18150:0)  
_SiblingSuccSear      478:0       10518:0        ca0c:0        bef2:0   
                                   ba20:0        a53e:0        983c:0   
                                   9852:0        986e:0        99e6:0   
                                   7fc0:0        6c78:0        6d42:0   
                                   5912:0        5eb0:0        444c:0   
                                   4556:0        4572:0        4806:0   
                                   4830:0        4986:0        49a4:0   
                                   49b8:0        4e60:0        50f2:0   
                                   51aa:0        51c4:0        4102:0   
                                   41a2:0        420c:0      (194d2:0)  
_SizeList             508:0        d10c:0        a5ca:0      (1a7e0:0)  
_SortByText          99ba:0        a26e:0        425e:0   
_sprintf            10c08:0        dfb8:0        b618:0        acf6:0   
                                   a0ec:0        1306:0        13b6:0   
                                  (25f4:0)  
_StartupDrawer       da44:0        6930:0   
_StartWorkbench      6a3e:0         236:0   
_stccpy             10ce8:0       10092:0        e3f2:0   
_stpchr             10c80:0        a12c:0        a142:0   
wb.ld                   12-Nov-91 18:52:13  Xref Section               Page 3-13

symbol                   value   offset:hunk   offset:hunk   offset:hunk
_strcat             10c68:0       103d2:0        ec1c:0        ec3c:0   
                                   ec48:0        e3a8:0        e3b2:0   
                                   dd14:0        b6b8:0        a356:0   
                                   9a5a:0        86a2:0        86ac:0   
                                   875c:0        876a:0        895a:0   
                                   2cf0:0        2dc4:0        2dd2:0   
                                   2ef0:0        2efa:0         a68:0   
                                    de0:0       (5d0a:0)  
_stricmp             8c9a:0       1057e:0        e31a:0        be48:0   
                                   c046:0        b6da:0        98a8:0   
                                   4384:0        44f8:0        5242:0   
                                   1f86:0         5e2:0         746:0   
                                    af8:0       (13fc:0)  
_StripMessage        905c:0        fbc4:0        f2c8:0   
_strncpy            10c44:0         a92:0         ab6:0       (1444:0)  
_suffix              e2e0:0        dac0:0        9a42:0        453a:0   
                                   5190:0        522c:0       (96aa:0)  
_SyncExecute         fb4c:0        a11c:0        86fe:0      (101ee:0)  
_SyncInfo            f260:0        861e:0      (101e2:0)  
_SystemDiskCopyN      8ce:1        6ea2:0   
_SystemFormatNam      8e2:1        6dec:0        6e34:0   
_SystemWorkbench      d28:1         6e8:1        d13e:0        b344:0   
                                    4c0:1         4d4:1         528:1   
                                   772a:0        75de:0          b0:1   
                                     c0:1           c:1   
_SYS_FontPref         885:1        61e4:0        4c26:0   
_termText            4c66:0        683a:0   
_TimeTick            ad0a:0        d882:0        d980:0        637a:0   
_TopazName            8c3:1          60:1   
_TranslateSelect     585a:0        6d18:0   
_UnHighIcon          56dc:0        87f6:0   
_uninitDisks          b88:0        6812:0   
_uninitPattern       663e:0        683e:0   
_uninitPointers      3160:0        6836:0   
_UnInitScreenAnd     b482:0        6832:0        5ee6:0        5fce:0   
_uninitTimer         ac2e:0        682a:0   
_uninitWbGels        c52a:0        682e:0   
_UnInstallBackFi    10a14:0        bd98:0        4250:0       (7402:0)  
_UnLockStub          8cdc:0       10252:0       10472:0       1079a:0   
                                   f594:0        de00:0        dbbc:0   
                                   c2c4:0        a3a6:0        a6fc:0   
                                   a704:0        a8fa:0        aa2c:0   
                                   ab6a:0        a28c:0        9ace:0   
                                   9be0:0        9c70:0        9d4c:0   
                                   9dee:0        9e50:0        9ef4:0   
                                   a016:0        824c:0        8930:0   
                                   89c0:0        6e46:0        6f7c:0   
                                   6f82:0        70d8:0        70f8:0   
                                   71d2:0        6798:0        4406:0   
                                   48d4:0        48de:0        49d4:0   
                                   5380:0        2d32:0        2f32:0   
                                   1782:0        1802:0        1864:0   
                                   1d7e:0        1e84:0        1ee8:0   
wb.ld                   12-Nov-91 18:52:13  Xref Section               Page 3-14

symbol                   value   offset:hunk   offset:hunk   offset:hunk
                                   2078:0        20da:0        259a:0   
                                   26cc:0        29e2:0        2a7a:0   
                                   2a82:0        2b74:0        1236:0   
                                   1270:0        1008:0         7bc:0   
                                  (1402:0)  
_UnSelectIt          87da:0        5d7c:0   
_UpdateMemory        ac8c:0        6938:0   
_UpdateWindow        bc8c:0        5cca:0   
_UpdateWindowSiz     bbda:0        7e58:0        672a:0        5fbe:0   
                                   496a:0   
_UpdateWorkbench     c2e6:0         29a:0   
_UtilityRevSearc      46e:0        935a:0      (12b56:0)  
_UtilitySearch        464:0        9488:0        95c8:0        99fe:0   
                                 (12b5c:0)  
_VERSION                0:1        6a1c:0   
_VersionFormat        7dc:1        76e2:0   
_VERSTRING              4:0        6a2c:0          2e:0   
_VolumeListSearc      81a:0        105c:0   
_VolumeToActive       c5a:0        2fb8:0   
_WBAllocWBObject     dbd4:0        d6ac:0        8976:0        75e4:0   
                                   5280:0        30c2:0         f96:0   
                                    ac8:0       (96c2:0)  
_wbCleanup           5d9a:0        6816:0   
_WBFormat            6d82:0        852a:0   
_WBFreeAlloc         df20:0        e844:0        e968:0        ea0c:0   
                                   c55c:0        c612:0        cb2e:0   
                                   1198:0        11c0:0        11f2:0   
                                  (25ee:0)  
_WBFreeWBObject      dc86:0        db9e:0        c084:0        c210:0   
                                   89fe:0        8a32:0        6822:0   
                                   4486:0        44a8:0        48e4:0   
                                   530a:0        3100:0        127a:0   
                                    f64:0         f8c:0        1014:0   
                                  (96b6:0)  
_WBGetWBObject       dd72:0       1021c:0        dad6:0        c020:0   
                                   89d6:0        709e:0         f4c:0   
                                  (1ffe:0)  
_wbmain              6874:0         15e:0   
_WBMove              2bf4:0        7046:0   
_WBPutWBObject       de4c:0        8e9c:0   
_WBRename            2d56:0        a1f4:0   
_WBRenameDisk        2dfc:0        a216:0   
_wbReopen            5df4:0        b94c:0        81cc:0   
_WbSegment            116:0          98:1   
_WB_FontPref          870:1        61d6:0        4bf6:0   
_WhichWindow         bb5a:0        6c52:0   
_WindowOperate       7de6:0        8fde:0        9042:0        13d6:0   
_WindowToAppWind     d074:0        6c6c:0   
_WindowToObj         bbbc:0        8016:0        85be:0        6c5e:0   
                                   586e:0        5a2a:0        5f76:0   
_WorkbenchName         46:0        6a14:0   
_WriteStub           8d2c:0       10402:0       1071c:0        674e:0   
                                   6764:0        1904:0   
wb.ld                   12-Nov-91 18:52:13  Xref Section               Page 3-15

symbol                   value   offset:hunk   offset:hunk   offset:hunk
_WriteWBPrefs        6706:0        7e30:0   
__CXD22              8cb8:0        b5ec:0        55fa:0        562a:0   
                                   4f26:0        4f60:0   
__CXD33              8cac:0       10840:0       1084e:0       108ee:0   
                                  1090a:0        88c2:0        88d0:0   
__CXM22              8cd0:0        c5fc:0        c656:0        c680:0   
                                   b586:0        b596:0        b5de:0   
                                   55f0:0        5620:0   
__CXM33              8cc4:0        d850:0        d2de:0        d2e4:0   
                                   4f20:0        4f58:0        34dc:0   
                                   3cd6:0        3ce4:0   
wb.ld                   12-Nov-91 18:52:13  File Section                Page 4-1

filename         punit    hunk     type       offset:hunk     size
vers.o           <noname> section  code            0:0          1c
abs.o            <noname> section  code           1c:0         434
                          <noname> data            0:1           4
alists.o         <noname> section  code          450:0         12c
syscalls.o       <noname> section  code          57c:0          28
diskchange.o     diskchan <noname> code          5a4:0         8b4
diskin.o         diskin.c <noname> code          ea8:0         2a8
errcalls.o       errcalls <noname> code         1168:0         318
copy.o           copy.c   <noname> code         1494:0        1754
                          <noname> data            4:1          14
fileops.o        fileops. <noname> code         2bf4:0         51c
global.o         global.c <noname> code         3124:0          58
                          <noname> data           18:1          48
icons.o          icons.c  <noname> code         317c:0        10f8
drawers.o        drawers. <noname> code         428c:0        118c
                          <noname> data           60:1           8
incoming.o       incoming <noname> code         543c:0         bac
ioloop.o         ioloop.c <noname> code         5fe8:0         7a0
                          <noname> data           68:1          24
main.o           main.c   <noname> code         6788:0         3c4
                          <noname> data           8c:1          58
matrix.o         matrix.c <noname> code         6b54:0         8f8
init.o           init.c   <noname> code         7454:0         238
menus.o          menus.c  <noname> code         768c:0        14ac
                          <noname> data           e4:1         450
stubs.o          <noname> code     code         8b68:0         2a0
objectio.o       objectio <noname> code         8e08:0         330
placeicon.o      placeico <noname> code         9140:0         8d0
recurse.o        recurse. <noname> code         9a24:0         62c
requesters.o     requeste <noname> code         a058:0         250
runtool.o        runtool. <noname> code         a2a8:0         8e4
                          <noname> data          534:1          74
timer.o          timer.c  <noname> code         ab8c:0         30c
windows.o        windows. <noname> code         aea4:0         f18
                          <noname> data          5a8:1         138
update.o         update.c <noname> code         bdd0:0         5b0
drawbox.o        <noname> code     code         c3ac:0         120
gels.o           gels.c   <noname> code         c4cc:0         b34
app.o            app.c    <noname> code         d018:0         7b0
startup.o        startup. <noname> code         d7e0:0         3f4
                          <noname> data          6e0:1          14
iconlib.o        iconlib. <noname> code         dbd4:0         3a0
viewbytext.o     viewbyte <noname> code         df8c:0         304
cstrings.o       cstrings <noname> code         e2a8:0          88
infomisc.o       infomisc <noname> code         e330:0         1b4
inforender.o     inforend <noname> code         e4e4:0         300
                          <noname> data          6f4:1          20
infoio.o         infoio.c <noname> code         e7e4:0         28c
infoinit.o       infoinit <noname> code         ea70:0         7e8
infowindow.o     infowind <noname> code         f260:0         574
                          <noname> data          714:1          70
infoevent.o      infoeven <noname> code         f7d4:0         378
executewindow.o  executew <noname> code         fb4c:0         2c4
wb.ld                   12-Nov-91 18:52:13  File Section                Page 4-2

filename         punit    hunk     type       offset:hunk     size
                          <noname> data          784:1          58
executerender.o  executer <noname> code         fe10:0         2a8
backdrop.o       backdrop <noname> code        100b8:0         728
backfill.o       backfill <noname> code        10818:0         224
quotes.o         <noname> code     code        10a3c:0          90
                          data     data          7dc:1         a34
wb.ld                 12-Nov-91 18:52:13  Library Section               Page 5-1

filename         punit    hunk     type       offset:hunk     size
wblib.lib        wb_LVO   wb_LVO0  code        10acc:0           0
lib:ROM.lib      dos_LVO  OFFSET   data         1210:1           0
                          dos_LVO0 code        10acc:0           0
                          dos_LVO1 code        10acc:0           0
                 exec_LVO exec_LVO code        10acc:0           0
                 graphics OFFSET   data         1210:1           0
                          graphics code        10acc:0           0
                          graphics code        10acc:0           0
                 utility_ utility_ code        10acc:0           0
                 <noname> gadtools code        10acc:0          1c
                 <noname> gadtools code        10ae8:0          14
                 <noname> gadtools code        10afc:0          1c
                 <noname> gadtools code        10b18:0          14
                 <noname> gadtools code        10b2c:0          1c
                 <noname> gadtools code        10b48:0          1c
                 <noname> graphics code        10b64:0          24
                 <noname> graphics code        10b88:0          24
                 <noname> intuitio code        10bac:0          14
                 <noname> intuitio code        10bc0:0          1c
                 <noname> intuitio code        10bdc:0          14
                 <noname> intuitio code        10bf0:0          18
                 <noname> romhunks code        10c08:0          28
                 <noname> <noname> code        10c30:0           0
                          _NewList code        10c30:0          14
                 <noname> <noname> data         1210:1           0
lib:lcnb.lib     strncpy  text     code        10c44:0          24
                 strcat   text     code        10c68:0          18
                 stpchr.c text     code        10c80:0          68
                 stccpy.c text     code        10ce8:0          40
endcode.lib      <noname> endcode  data         1210:1           4
